Archive member included to satisfy reference by file (symbol)

/usr/lib/gcc/arm-none-eabi/9.2.1/../../../arm-none-eabi/lib/thumb/v7e-m+fp/hard/libc.a(lib_a-atexit.o)
                              /usr/lib/gcc/arm-none-eabi/9.2.1/../../../arm-none-eabi/lib/thumb/v7e-m+fp/hard/crt0.o (atexit)
/usr/lib/gcc/arm-none-eabi/9.2.1/../../../arm-none-eabi/lib/thumb/v7e-m+fp/hard/libc.a(lib_a-atoi.o)
                              build/menu.o (atoi)
/usr/lib/gcc/arm-none-eabi/9.2.1/../../../arm-none-eabi/lib/thumb/v7e-m+fp/hard/libc.a(lib_a-exit.o)
                              /usr/lib/gcc/arm-none-eabi/9.2.1/../../../arm-none-eabi/lib/thumb/v7e-m+fp/hard/crt0.o (exit)
/usr/lib/gcc/arm-none-eabi/9.2.1/../../../arm-none-eabi/lib/thumb/v7e-m+fp/hard/libc.a(lib_a-fini.o)
                              /usr/lib/gcc/arm-none-eabi/9.2.1/../../../arm-none-eabi/lib/thumb/v7e-m+fp/hard/crt0.o (__libc_fini_array)
/usr/lib/gcc/arm-none-eabi/9.2.1/../../../arm-none-eabi/lib/thumb/v7e-m+fp/hard/libc.a(lib_a-impure.o)
                              /usr/lib/gcc/arm-none-eabi/9.2.1/../../../arm-none-eabi/lib/thumb/v7e-m+fp/hard/libc.a(lib_a-exit.o) (_global_impure_ptr)
/usr/lib/gcc/arm-none-eabi/9.2.1/../../../arm-none-eabi/lib/thumb/v7e-m+fp/hard/libc.a(lib_a-init.o)
                              /usr/lib/gcc/arm-none-eabi/9.2.1/../../../arm-none-eabi/lib/thumb/v7e-m+fp/hard/crt0.o (__libc_init_array)
/usr/lib/gcc/arm-none-eabi/9.2.1/../../../arm-none-eabi/lib/thumb/v7e-m+fp/hard/libc.a(lib_a-memset.o)
                              /usr/lib/gcc/arm-none-eabi/9.2.1/../../../arm-none-eabi/lib/thumb/v7e-m+fp/hard/crt0.o (memset)
/usr/lib/gcc/arm-none-eabi/9.2.1/../../../arm-none-eabi/lib/thumb/v7e-m+fp/hard/libc.a(lib_a-sprintf.o)
                              build/menu.o (sprintf)
/usr/lib/gcc/arm-none-eabi/9.2.1/../../../arm-none-eabi/lib/thumb/v7e-m+fp/hard/libc.a(lib_a-strlen.o)
                              build/fonts.o (strlen)
/usr/lib/gcc/arm-none-eabi/9.2.1/../../../arm-none-eabi/lib/thumb/v7e-m+fp/hard/libc.a(lib_a-strtol.o)
                              /usr/lib/gcc/arm-none-eabi/9.2.1/../../../arm-none-eabi/lib/thumb/v7e-m+fp/hard/libc.a(lib_a-atoi.o) (_strtol_r)
/usr/lib/gcc/arm-none-eabi/9.2.1/../../../arm-none-eabi/lib/thumb/v7e-m+fp/hard/libc.a(lib_a-svfprintf.o)
                              /usr/lib/gcc/arm-none-eabi/9.2.1/../../../arm-none-eabi/lib/thumb/v7e-m+fp/hard/libc.a(lib_a-sprintf.o) (_svfprintf_r)
/usr/lib/gcc/arm-none-eabi/9.2.1/../../../arm-none-eabi/lib/thumb/v7e-m+fp/hard/libc.a(lib_a-__atexit.o)
                              /usr/lib/gcc/arm-none-eabi/9.2.1/../../../arm-none-eabi/lib/thumb/v7e-m+fp/hard/libc.a(lib_a-atexit.o) (__register_exitproc)
/usr/lib/gcc/arm-none-eabi/9.2.1/../../../arm-none-eabi/lib/thumb/v7e-m+fp/hard/libc.a(lib_a-__call_atexit.o)
                              /usr/lib/gcc/arm-none-eabi/9.2.1/../../../arm-none-eabi/lib/thumb/v7e-m+fp/hard/libc.a(lib_a-exit.o) (__call_exitprocs)
/usr/lib/gcc/arm-none-eabi/9.2.1/../../../arm-none-eabi/lib/thumb/v7e-m+fp/hard/libc.a(lib_a-ctype_.o)
                              /usr/lib/gcc/arm-none-eabi/9.2.1/../../../arm-none-eabi/lib/thumb/v7e-m+fp/hard/libc.a(lib_a-strtol.o) (_ctype_)
/usr/lib/gcc/arm-none-eabi/9.2.1/../../../arm-none-eabi/lib/thumb/v7e-m+fp/hard/libc.a(lib_a-dtoa.o)
                              /usr/lib/gcc/arm-none-eabi/9.2.1/../../../arm-none-eabi/lib/thumb/v7e-m+fp/hard/libc.a(lib_a-svfprintf.o) (_dtoa_r)
/usr/lib/gcc/arm-none-eabi/9.2.1/../../../arm-none-eabi/lib/thumb/v7e-m+fp/hard/libc.a(lib_a-errno.o)
                              /usr/lib/gcc/arm-none-eabi/9.2.1/../../../arm-none-eabi/lib/thumb/v7e-m+fp/hard/libc.a(lib_a-strtol.o) (__errno)
/usr/lib/gcc/arm-none-eabi/9.2.1/../../../arm-none-eabi/lib/thumb/v7e-m+fp/hard/libc.a(lib_a-localeconv.o)
                              /usr/lib/gcc/arm-none-eabi/9.2.1/../../../arm-none-eabi/lib/thumb/v7e-m+fp/hard/libc.a(lib_a-svfprintf.o) (_localeconv_r)
/usr/lib/gcc/arm-none-eabi/9.2.1/../../../arm-none-eabi/lib/thumb/v7e-m+fp/hard/libc.a(lib_a-mallocr.o)
                              /usr/lib/gcc/arm-none-eabi/9.2.1/../../../arm-none-eabi/lib/thumb/v7e-m+fp/hard/libc.a(lib_a-svfprintf.o) (_malloc_r)
/usr/lib/gcc/arm-none-eabi/9.2.1/../../../arm-none-eabi/lib/thumb/v7e-m+fp/hard/libc.a(lib_a-memchr.o)
                              /usr/lib/gcc/arm-none-eabi/9.2.1/../../../arm-none-eabi/lib/thumb/v7e-m+fp/hard/libc.a(lib_a-svfprintf.o) (memchr)
/usr/lib/gcc/arm-none-eabi/9.2.1/../../../arm-none-eabi/lib/thumb/v7e-m+fp/hard/libc.a(lib_a-memcpy.o)
                              /usr/lib/gcc/arm-none-eabi/9.2.1/../../../arm-none-eabi/lib/thumb/v7e-m+fp/hard/libc.a(lib_a-dtoa.o) (memcpy)
/usr/lib/gcc/arm-none-eabi/9.2.1/../../../arm-none-eabi/lib/thumb/v7e-m+fp/hard/libc.a(lib_a-mlock.o)
                              /usr/lib/gcc/arm-none-eabi/9.2.1/../../../arm-none-eabi/lib/thumb/v7e-m+fp/hard/libc.a(lib_a-mallocr.o) (__malloc_lock)
[...]
Memory Configuration

Name             Origin             Length             Attributes
RAM              0x0000000020000000 0x0000000000020000 xrw
FLASH            0x0000000008000000 0x0000000000080000 xr
*default*        0x0000000000000000 0xffffffffffffffff

Linker script and memory map

LOAD /usr/lib/gcc/arm-none-eabi/9.2.1/thumb/v7e-m+fp/hard/crti.o
LOAD /usr/lib/gcc/arm-none-eabi/9.2.1/thumb/v7e-m+fp/hard/crtbegin.o
LOAD /usr/lib/gcc/arm-none-eabi/9.2.1/../../../arm-none-eabi/lib/thumb/v7e-m+fp/hard/crt0.o
LOAD build/i2c.o
LOAD build/keyboard.o
LOAD build/main.o
LOAD build/menu.o
LOAD build/oled.o
LOAD build/fonts.o
LOAD build/stm32f4xx_hal_msp.o
LOAD build/stm32f4xx_it.o
LOAD build/system_stm32f4xx.o
LOAD build/stm32f4xx_hal.o
LOAD build/stm32f4xx_hal_adc.o
LOAD build/stm32f4xx_hal_adc_ex.o
LOAD build/stm32f4xx_hal_cortex.o
LOAD build/stm32f4xx_hal_dma.o
LOAD build/stm32f4xx_hal_dma_ex.o
LOAD build/stm32f4xx_hal_exti.o
LOAD build/stm32f4xx_hal_flash.o
LOAD build/stm32f4xx_hal_flash_ex.o
LOAD build/stm32f4xx_hal_flash_ramfunc.o
LOAD build/stm32f4xx_hal_gpio.o
LOAD build/stm32f4xx_hal_i2c.o
LOAD build/stm32f4xx_hal_i2c_ex.o
LOAD build/stm32f4xx_hal_i2s.o
LOAD build/stm32f4xx_hal_i2s_ex.o
LOAD build/stm32f4xx_hal_pcd.o
LOAD build/stm32f4xx_hal_pcd_ex.o
LOAD build/stm32f4xx_hal_pwr.o
LOAD build/stm32f4xx_hal_pwr_ex.o
LOAD build/stm32f4xx_hal_rcc.o
LOAD build/stm32f4xx_hal_rcc_ex.o
LOAD build/stm32f4xx_hal_sd.o
LOAD build/stm32f4xx_hal_spi.o
LOAD build/stm32f4xx_hal_tim.o
LOAD build/stm32f4xx_hal_tim_ex.o
LOAD build/stm32f4xx_hal_uart.o
LOAD build/stm32f4xx_ll_sdmmc.o
LOAD build/stm32f4xx_ll_usb.o
LOAD build/startup_stm32f411xe.o
LOAD /usr/lib/gcc/arm-none-eabi/9.2.1/../../../arm-none-eabi/lib/thumb/v7e-m+fp/hard/libnosys.a
LOAD /usr/lib/gcc/arm-none-eabi/9.2.1/../../../arm-none-eabi/lib/thumb/v7e-m+fp/hard/libstdc++.a
LOAD /usr/lib/gcc/arm-none-eabi/9.2.1/../../../arm-none-eabi/lib/thumb/v7e-m+fp/hard/libm.a
LOAD /usr/lib/gcc/arm-none-eabi/9.2.1/../../../arm-none-eabi/lib/thumb/v7e-m+fp/hard/libc.a
START GROUP
LOAD /usr/lib/gcc/arm-none-eabi/9.2.1/thumb/v7e-m+fp/hard/libgcc.a
LOAD /usr/lib/gcc/arm-none-eabi/9.2.1/../../../arm-none-eabi/lib/thumb/v7e-m+fp/hard/libc.a
END GROUP
START GROUP
LOAD /usr/lib/gcc/arm-none-eabi/9.2.1/thumb/v7e-m+fp/hard/libgcc.a
LOAD /usr/lib/gcc/arm-none-eabi/9.2.1/../../../arm-none-eabi/lib/thumb/v7e-m+fp/hard/libc.a
LOAD /usr/lib/gcc/arm-none-eabi/9.2.1/../../../arm-none-eabi/lib/thumb/v7e-m+fp/hard/libnosys.a
END GROUP
LOAD /usr/lib/gcc/arm-none-eabi/9.2.1/thumb/v7e-m+fp/hard/crtend.o
LOAD /usr/lib/gcc/arm-none-eabi/9.2.1/thumb/v7e-m+fp/hard/crtn.o
                0x0000000020020000                _estack = 0x20020000
                0x0000000000000200                _Min_Heap_Size = 0x200
                0x0000000000000400                _Min_Stack_Size = 0x400

.isr_vector     0x0000000008000000      0x198
                0x0000000008000000                . = ALIGN (0x4)
 *(.isr_vector)
 .isr_vector    0x0000000008000000      0x198 build/startup_stm32f411xe.o
                0x0000000008000000                g_pfnVectors
                0x0000000008000198                . = ALIGN (0x4)

.text           0x00000000080001c0     0xcd5c
                0x00000000080001c0                . = ALIGN (0x4)
 *(.text)
 .text          0x00000000080001c0       0x88 /usr/lib/gcc/arm-none-eabi/9.2.1/thumb/v7e-m+fp/hard/crtbegin.o
 .text          0x0000000008000248        0xc /usr/lib/gcc/arm-none-eabi/9.2.1/../../../arm-none-eabi/lib/thumb/v7e-m+fp/hard/libc.a(lib_a-atexit.o)
                0x0000000008000248                atexit
 .text          0x0000000008000254       0x34 /usr/lib/gcc/arm-none-eabi/9.2.1/../../../arm-none-eabi/lib/thumb/v7e-m+fp/hard/libc.a(lib_a-fini.o)
                0x0000000008000254                __libc_fini_array
 .text          0x0000000008000288       0x48 /usr/lib/gcc/arm-none-eabi/9.2.1/../../../arm-none-eabi/lib/thumb/v7e-m+fp/hard/libc.a(lib_a-init.o)
                0x0000000008000288                __libc_init_array
 .text          0x00000000080002d0       0xa0 /usr/lib/gcc/arm-none-eabi/9.2.1/../../../arm-none-eabi/lib/thumb/v7e-m+fp/hard/libc.a(lib_a-memset.o)
                0x00000000080002d0                memset
 .text          0x0000000008000370       0x80 /usr/lib/gcc/arm-none-eabi/9.2.1/../../../arm-none-eabi/lib/thumb/v7e-m+fp/hard/libc.a(lib_a-sprintf.o)
                0x0000000008000370                _sprintf_r
                0x00000000080003ac                sprintf
 *fill*         0x00000000080003f0       0x10 
 .text          0x0000000008000400       0xdc /usr/lib/gcc/arm-none-eabi/9.2.1/../../../arm-none-eabi/lib/thumb/v7e-m+fp/hard/libc.a(lib_a-strlen.o)
                0x0000000008000400                strlen
 *fill*         0x00000000080004dc        0x4 
 .text          0x00000000080004e0     0x1498 /usr/lib/gcc/arm-none-eabi/9.2.1/../../../arm-none-eabi/lib/thumb/v7e-m+fp/hard/libc.a(lib_a-svfprintf.o)
                0x00000000080004e0                _svfprintf_r
 .text          0x0000000008001978       0x68 /usr/lib/gcc/arm-none-eabi/9.2.1/../../../arm-none-eabi/lib/thumb/v7e-m+fp/hard/libc.a(lib_a-__atexit.o)
                0x0000000008001978                __register_exitproc
 .text          0x00000000080019e0      0xfc0 /usr/lib/gcc/arm-none-eabi/9.2.1/../../../arm-none-eabi/lib/thumb/v7e-m+fp/hard/libc.a(lib_a-dtoa.o)
                0x0000000008001b04                _dtoa_r
 .text          0x00000000080029a0       0x14 /usr/lib/gcc/arm-none-eabi/9.2.1/../../../arm-none-eabi/lib/thumb/v7e-m+fp/hard/libc.a(lib_a-localeconv.o)
                0x00000000080029a0                __localeconv_l
                0x00000000080029a4                _localeconv_r
                0x00000000080029ac                localeconv
 .text          0x00000000080029b4      0x564 /usr/lib/gcc/arm-none-eabi/9.2.1/../../../arm-none-eabi/lib/thumb/v7e-m+fp/hard/libc.a(lib_a-mallocr.o)
                0x00000000080029b4                _malloc_r
 *fill*         0x0000000008002f18        0x8 
 .text          0x0000000008002f20       0xa0 /usr/lib/gcc/arm-none-eabi/9.2.1/../../../arm-none-eabi/lib/thumb/v7e-m+fp/hard/libc.a(lib_a-memchr.o)
                0x0000000008002f20                memchr
 .text          0x0000000008002fc0      0x134 /usr/lib/gcc/arm-none-eabi/9.2.1/../../../arm-none-eabi/lib/thumb/v7e-m+fp/hard/libc.a(lib_a-memcpy.o)
                0x0000000008002fc0                memcpy
 .text          0x00000000080030f4        0x8 /usr/lib/gcc/arm-none-eabi/9.2.1/../../../arm-none-eabi/lib/thumb/v7e-m+fp/hard/libc.a(lib_a-mlock.o)
                0x00000000080030f4                __malloc_lock
                0x00000000080030f8                __malloc_unlock
 .text          0x00000000080030fc      0x9a8 /usr/lib/gcc/arm-none-eabi/9.2.1/../../../arm-none-eabi/lib/thumb/v7e-m+fp/hard/libc.a(lib_a-mprec.o)
                0x00000000080030fc                _Balloc
                0x0000000008003148                _Bfree
                0x000000000800315c                __multadd
                0x0000000008003200                __s2b
                0x00000000080032ac                __hi0bits
                0x00000000080032ec                __lo0bits
                0x000000000800334c                __i2b
                0x0000000008003378                __multiply
                0x00000000080034c4                __pow5mult
                0x000000000800355c                __lshift
                0x0000000008003628                __mcmp
                0x0000000008003660                __mdiff
                0x0000000008003788                __ulp
                0x00000000080037d8                __b2d
                0x0000000008003890                __d2b
                0x0000000008003964                __ratio
                0x00000000080039c4                _mprec_log10
                0x0000000008003a04                __copybits
                0x0000000008003a4c                __any_on
 .text          0x0000000008003aa4       0x24 /usr/lib/gcc/arm-none-eabi/9.2.1/../../../arm-none-eabi/lib/thumb/v7e-m+fp/hard/libc.a(lib_a-sbrkr.o)
                0x0000000008003aa4                _sbrk_r
 .text          0x0000000008003ac8      0xb64 /usr/lib/gcc/arm-none-eabi/9.2.1/../../../arm-none-eabi/lib/thumb/v7e-m+fp/hard/libc.a(lib_a-svfiprintf.o)
                0x0000000008003ac8                __ssprint_r
                0x0000000008003bc0                _svfiprintf_r
 .text          0x000000000800462c       0x48 /usr/lib/gcc/arm-none-eabi/9.2.1/../../../arm-none-eabi/lib/thumb/v7e-m+fp/hard/libc.a(lib_a-assert.o)
                0x000000000800462c                __assert_func
                0x0000000008004668                __assert
 .text          0x0000000008004674       0x60 /usr/lib/gcc/arm-none-eabi/9.2.1/../../../arm-none-eabi/lib/thumb/v7e-m+fp/hard/libc.a(lib_a-callocr.o)
                0x0000000008004674                _calloc_r
 .text          0x00000000080046d4       0x44 /usr/lib/gcc/arm-none-eabi/9.2.1/../../../arm-none-eabi/lib/thumb/v7e-m+fp/hard/libc.a(lib_a-fiprintf.o)
                0x00000000080046d4                _fiprintf_r
                0x00000000080046f0                fiprintf
 .text          0x0000000008004718      0x294 /usr/lib/gcc/arm-none-eabi/9.2.1/../../../arm-none-eabi/lib/thumb/v7e-m+fp/hard/libc.a(lib_a-freer.o)
                0x0000000008004718                _malloc_trim_r
                0x00000000080047b8                _free_r
 .text          0x00000000080049ac       0x5c /usr/lib/gcc/arm-none-eabi/9.2.1/../../../arm-none-eabi/lib/thumb/v7e-m+fp/hard/libc.a(lib_a-locale.o)
                0x00000000080049ac                _setlocale_r
                0x00000000080049ec                __locale_mb_cur_max
                0x00000000080049f8                setlocale
 .text          0x0000000008004a08       0x40 /usr/lib/gcc/arm-none-eabi/9.2.1/../../../arm-none-eabi/lib/thumb/v7e-m+fp/hard/libc.a(lib_a-mbtowc_r.o)
                0x0000000008004a08                _mbtowc_r
                0x0000000008004a1c                __ascii_mbtowc
 .text          0x0000000008004a48       0xd0 /usr/lib/gcc/arm-none-eabi/9.2.1/../../../arm-none-eabi/lib/thumb/v7e-m+fp/hard/libc.a(lib_a-memmove.o)
                0x0000000008004a48                memmove
 .text          0x0000000008004b18      0x36c /usr/lib/gcc/arm-none-eabi/9.2.1/../../../arm-none-eabi/lib/thumb/v7e-m+fp/hard/libc.a(lib_a-reallocr.o)
                0x0000000008004b18                _realloc_r
 *fill*         0x0000000008004e84       0x1c 
 .text          0x0000000008004ea0      0x2dc /usr/lib/gcc/arm-none-eabi/9.2.1/../../../arm-none-eabi/lib/thumb/v7e-m+fp/hard/libc.a(lib_a-strcmp.o)
                0x0000000008004ea8                strcmp
 .text          0x000000000800517c      0xd00 /usr/lib/gcc/arm-none-eabi/9.2.1/../../../arm-none-eabi/lib/thumb/v7e-m+fp/hard/libc.a(lib_a-vfiprintf.o)
                0x00000000080051f4                __sprint_r
                0x0000000008005208                _vfiprintf_r
                0x0000000008005df8                vfiprintf
 .text          0x0000000008005e7c       0x30 /usr/lib/gcc/arm-none-eabi/9.2.1/../../../arm-none-eabi/lib/thumb/v7e-m+fp/hard/libc.a(lib_a-wctomb_r.o)
                0x0000000008005e7c                _wctomb_r
                0x0000000008005e90                __ascii_wctomb
 .text          0x0000000008005eac       0xd0 /usr/lib/gcc/arm-none-eabi/9.2.1/../../../arm-none-eabi/lib/thumb/v7e-m+fp/hard/libc.a(lib_a-wsetup.o)
                0x0000000008005eac                __swsetup_r
 .text          0x0000000008005f7c       0x10 /usr/lib/gcc/arm-none-eabi/9.2.1/../../../arm-none-eabi/lib/thumb/v7e-m+fp/hard/libc.a(lib_a-abort.o)
                0x0000000008005f7c                abort
 .text          0x0000000008005f8c      0x1a4 /usr/lib/gcc/arm-none-eabi/9.2.1/../../../arm-none-eabi/lib/thumb/v7e-m+fp/hard/libc.a(lib_a-fflush.o)
                0x0000000008005f8c                __sflush_r
                0x00000000080060d8                _fflush_r
                0x000000000800610c                fflush
 .text          0x0000000008006130      0x1f4 /usr/lib/gcc/arm-none-eabi/9.2.1/../../../arm-none-eabi/lib/thumb/v7e-m+fp/hard/libc.a(lib_a-findfp.o)
                0x0000000008006134                _cleanup_r
                0x0000000008006218                __sfmoreglue
                0x0000000008006248                __sfp
                0x00000000080062d0                _cleanup
                0x00000000080062e4                __sinit
                0x00000000080062ec                __sfp_lock_acquire
                0x00000000080062f0                __sfp_lock_release
                0x00000000080062f4                __sinit_lock_acquire
                0x00000000080062f8                __sinit_lock_release
                0x00000000080062fc                __fp_lock_all
                0x0000000008006310                __fp_unlock_all
 .text          0x0000000008006324      0x110 /usr/lib/gcc/arm-none-eabi/9.2.1/../../../arm-none-eabi/lib/thumb/v7e-m+fp/hard/libc.a(lib_a-fputwc.o)
                0x0000000008006324                __fputwc
                0x00000000080063cc                _fputwc_r
                0x00000000080063f4                fputwc
 .text          0x0000000008006434      0x308 /usr/lib/gcc/arm-none-eabi/9.2.1/../../../arm-none-eabi/lib/thumb/v7e-m+fp/hard/libc.a(lib_a-fvwrite.o)
                0x0000000008006434                __sfvwrite_r
 .text          0x000000000800673c       0xa0 /usr/lib/gcc/arm-none-eabi/9.2.1/../../../arm-none-eabi/lib/thumb/v7e-m+fp/hard/libc.a(lib_a-fwalk.o)
                0x000000000800673c                _fwalk
                0x0000000008006788                _fwalk_reent
 .text          0x00000000080067dc       0xf0 /usr/lib/gcc/arm-none-eabi/9.2.1/../../../arm-none-eabi/lib/thumb/v7e-m+fp/hard/libc.a(lib_a-makebuf.o)
                0x00000000080067dc                __swhatbuf_r
                0x0000000008006838                __smakebuf_r
 .text          0x00000000080068cc      0x15c /usr/lib/gcc/arm-none-eabi/9.2.1/../../../arm-none-eabi/lib/thumb/v7e-m+fp/hard/libc.a(lib_a-signal.o)
                0x00000000080068f4                _init_signal_r
                0x0000000008006900                _signal_r
                0x0000000008006938                _raise_r
                0x0000000008006990                __sigtramp_r
                0x00000000080069e4                raise
                0x00000000080069f4                signal
                0x0000000008006a04                _init_signal
                0x0000000008006a18                __sigtramp
 .text          0x0000000008006a28       0x2c /usr/lib/gcc/arm-none-eabi/9.2.1/../../../arm-none-eabi/lib/thumb/v7e-m+fp/hard/libc.a(lib_a-signalr.o)
                0x0000000008006a28                _kill_r
                0x0000000008006a50                _getpid_r
 .text          0x0000000008006a54       0x90 /usr/lib/gcc/arm-none-eabi/9.2.1/../../../arm-none-eabi/lib/thumb/v7e-m+fp/hard/libc.a(lib_a-stdio.o)
                0x0000000008006a54                __sread
                0x0000000008006a78                __seofread
                0x0000000008006a7c                __swrite
                0x0000000008006abc                __sseek
                0x0000000008006adc                __sclose
 .text          0x0000000008006ae4       0xc0 /usr/lib/gcc/arm-none-eabi/9.2.1/../../../arm-none-eabi/lib/thumb/v7e-m+fp/hard/libc.a(lib_a-wbuf.o)
                0x0000000008006ae4                __swbuf_r
                0x0000000008006b94                __swbuf
 .text          0x0000000008006ba4       0x7c /usr/lib/gcc/arm-none-eabi/9.2.1/../../../arm-none-eabi/lib/thumb/v7e-m+fp/hard/libc.a(lib_a-wcrtomb.o)
                0x0000000008006ba4                _wcrtomb_r
                0x0000000008006bd8                wcrtomb
 .text          0x0000000008006c20       0x2c /usr/lib/gcc/arm-none-eabi/9.2.1/../../../arm-none-eabi/lib/thumb/v7e-m+fp/hard/libc.a(lib_a-writer.o)
                0x0000000008006c20                _write_r
 .text          0x0000000008006c4c       0x24 /usr/lib/gcc/arm-none-eabi/9.2.1/../../../arm-none-eabi/lib/thumb/v7e-m+fp/hard/libc.a(lib_a-closer.o)
                0x0000000008006c4c                _close_r
 .text          0x0000000008006c70       0x98 /usr/lib/gcc/arm-none-eabi/9.2.1/../../../arm-none-eabi/lib/thumb/v7e-m+fp/hard/libc.a(lib_a-fclose.o)
                0x0000000008006c70                _fclose_r
                0x0000000008006cf8                fclose
 .text          0x0000000008006d08       0x28 /usr/lib/gcc/arm-none-eabi/9.2.1/../../../arm-none-eabi/lib/thumb/v7e-m+fp/hard/libc.a(lib_a-fstatr.o)
                0x0000000008006d08                _fstat_r
 .text          0x0000000008006d30       0x24 /usr/lib/gcc/arm-none-eabi/9.2.1/../../../arm-none-eabi/lib/thumb/v7e-m+fp/hard/libc.a(lib_a-isattyr.o)
                0x0000000008006d30                _isatty_r
 .text          0x0000000008006d54       0x2c /usr/lib/gcc/arm-none-eabi/9.2.1/../../../arm-none-eabi/lib/thumb/v7e-m+fp/hard/libc.a(lib_a-lseekr.o)
                0x0000000008006d54                _lseek_r
 .text          0x0000000008006d80       0x2c /usr/lib/gcc/arm-none-eabi/9.2.1/../../../arm-none-eabi/lib/thumb/v7e-m+fp/hard/libc.a(lib_a-readr.o)
                0x0000000008006d80                _read_r
 .text          0x0000000008006dac      0x378 /usr/lib/gcc/arm-none-eabi/9.2.1/thumb/v7e-m+fp/hard/libgcc.a(_arm_addsubdf3.o)
                0x0000000008006dac                __aeabi_drsub
                0x0000000008006db4                __aeabi_dsub
                0x0000000008006db4                __subdf3
                0x0000000008006db8                __adddf3
                0x0000000008006db8                __aeabi_dadd
                0x0000000008007030                __aeabi_ui2d
                0x0000000008007030                __floatunsidf
                0x0000000008007050                __floatsidf
                0x0000000008007050                __aeabi_i2d
                0x0000000008007074                __extendsfdf2
                0x0000000008007074                __aeabi_f2d
                0x00000000080070b8                __aeabi_ul2d
                0x00000000080070b8                __floatundidf
                0x00000000080070c8                __floatdidf
                0x00000000080070c8                __aeabi_l2d
 .text          0x0000000008007124      0x424 /usr/lib/gcc/arm-none-eabi/9.2.1/thumb/v7e-m+fp/hard/libgcc.a(_arm_muldivdf3.o)
                0x0000000008007124                __aeabi_dmul
                0x0000000008007124                __muldf3
                0x0000000008007378                __aeabi_ddiv
                0x0000000008007378                __divdf3
 .text          0x0000000008007548      0x110 /usr/lib/gcc/arm-none-eabi/9.2.1/thumb/v7e-m+fp/hard/libgcc.a(_arm_cmpdf2.o)
                0x0000000008007548                __gtdf2
                0x0000000008007548                __gedf2
                0x0000000008007550                __ltdf2
                0x0000000008007550                __ledf2
                0x0000000008007558                __cmpdf2
                0x0000000008007558                __eqdf2
                0x0000000008007558                __nedf2
                0x00000000080075d4                __aeabi_cdrcmple
                0x00000000080075e4                __aeabi_cdcmple
                0x00000000080075e4                __aeabi_cdcmpeq
                0x00000000080075f4                __aeabi_dcmpeq
                0x0000000008007608                __aeabi_dcmplt
                0x000000000800761c                __aeabi_dcmple
                0x0000000008007630                __aeabi_dcmpge
                0x0000000008007644                __aeabi_dcmpgt
 .text          0x0000000008007658       0x2c /usr/lib/gcc/arm-none-eabi/9.2.1/thumb/v7e-m+fp/hard/libgcc.a(_arm_unorddf2.o)
                0x0000000008007658                __aeabi_dcmpun
                0x0000000008007658                __unorddf2
 .text          0x0000000008007684       0x50 /usr/lib/gcc/arm-none-eabi/9.2.1/thumb/v7e-m+fp/hard/libgcc.a(_arm_fixdfsi.o)
                0x0000000008007684                __fixdfsi
                0x0000000008007684                __aeabi_d2iz
 .text          0x00000000080076d4       0xa0 /usr/lib/gcc/arm-none-eabi/9.2.1/thumb/v7e-m+fp/hard/libgcc.a(_arm_truncdfsf2.o)
                0x00000000080076d4                __aeabi_d2f
                0x00000000080076d4                __truncdfsf2
 .text          0x0000000008007774       0x30 /usr/lib/gcc/arm-none-eabi/9.2.1/thumb/v7e-m+fp/hard/libgcc.a(_aeabi_uldivmod.o)
                0x0000000008007774                __aeabi_uldivmod
 .text          0x00000000080077a4      0x2c4 /usr/lib/gcc/arm-none-eabi/9.2.1/thumb/v7e-m+fp/hard/libgcc.a(_udivmoddi4.o)
                0x00000000080077a4                __udivmoddi4
 .text          0x0000000008007a68      0x9b8 /usr/lib/gcc/arm-none-eabi/9.2.1/thumb/v7e-m+fp/hard/libgcc.a(unwind-arm.o)
                0x0000000008007d10                _Unwind_GetCFA
                0x0000000008007d14                __gnu_Unwind_RaiseException
                0x0000000008007d74                __gnu_Unwind_ForcedUnwind
                0x0000000008007d88                __gnu_Unwind_Resume
                0x0000000008007dcc                __gnu_Unwind_Resume_or_Rethrow
                0x0000000008007ddc                _Unwind_Complete
                0x0000000008007de0                _Unwind_DeleteException
                0x0000000008007dec                _Unwind_VRS_Get
                0x0000000008007e34                _Unwind_VRS_Set
                0x0000000008007e7c                __gnu_Unwind_Backtrace
                0x000000000800819c                __aeabi_unwind_cpp_pr0
                0x00000000080081a0                __aeabi_unwind_cpp_pr1
                0x00000000080081a4                __aeabi_unwind_cpp_pr2
                0x00000000080081a8                _Unwind_VRS_Pop
 .text          0x0000000008008420      0x1ac /usr/lib/gcc/arm-none-eabi/9.2.1/thumb/v7e-m+fp/hard/libgcc.a(libunwind.o)
                0x0000000008008420                __restore_core_regs
                0x0000000008008420                restore_core_regs
                0x0000000008008438                __gnu_Unwind_Restore_VFP
                0x0000000008008440                __gnu_Unwind_Save_VFP
                0x0000000008008448                __gnu_Unwind_Restore_VFP_D
                0x0000000008008450                __gnu_Unwind_Save_VFP_D
                0x0000000008008458                __gnu_Unwind_Restore_VFP_D_16_to_31
                0x0000000008008460                __gnu_Unwind_Save_VFP_D_16_to_31
                0x0000000008008468                __gnu_Unwind_Restore_WMMXD
                0x00000000080084ac                __gnu_Unwind_Save_WMMXD
                0x00000000080084f0                __gnu_Unwind_Restore_WMMXC
                0x0000000008008504                __gnu_Unwind_Save_WMMXC
                0x0000000008008518                ___Unwind_RaiseException
                0x0000000008008518                _Unwind_RaiseException
                0x000000000800853c                ___Unwind_Resume
                0x000000000800853c                _Unwind_Resume
                0x0000000008008560                _Unwind_Resume_or_Rethrow
                0x0000000008008560                ___Unwind_Resume_or_Rethrow
                0x0000000008008584                ___Unwind_ForcedUnwind
                0x0000000008008584                _Unwind_ForcedUnwind
                0x00000000080085a8                _Unwind_Backtrace
                0x00000000080085a8                ___Unwind_Backtrace
 .text          0x00000000080085cc      0x340 /usr/lib/gcc/arm-none-eabi/9.2.1/thumb/v7e-m+fp/hard/libgcc.a(pr-support.o)
                0x0000000008008624                __gnu_unwind_execute
                0x00000000080088c0                __gnu_unwind_frame
                0x00000000080088ec                _Unwind_GetRegionStart
                0x00000000080088f8                _Unwind_GetLanguageSpecificData
 .text          0x000000000800890c        0x4 /usr/lib/gcc/arm-none-eabi/9.2.1/thumb/v7e-m+fp/hard/libgcc.a(_dvmd_tls.o)
                0x000000000800890c                __aeabi_ldiv0
                0x000000000800890c                __aeabi_idiv0
 .text          0x0000000008008910       0x10 /usr/lib/gcc/arm-none-eabi/9.2.1/../../../arm-none-eabi/lib/thumb/v7e-m+fp/hard/libnosys.a(close.o)
                0x0000000008008910                _close
 .text          0x0000000008008920       0x10 /usr/lib/gcc/arm-none-eabi/9.2.1/../../../arm-none-eabi/lib/thumb/v7e-m+fp/hard/libnosys.a(fstat.o)
                0x0000000008008920                _fstat
 .text          0x0000000008008930       0x10 /usr/lib/gcc/arm-none-eabi/9.2.1/../../../arm-none-eabi/lib/thumb/v7e-m+fp/hard/libnosys.a(getpid.o)
                0x0000000008008930                _getpid
 .text          0x0000000008008940       0x10 /usr/lib/gcc/arm-none-eabi/9.2.1/../../../arm-none-eabi/lib/thumb/v7e-m+fp/hard/libnosys.a(isatty.o)
                0x0000000008008940                _isatty
 .text          0x0000000008008950       0x10 /usr/lib/gcc/arm-none-eabi/9.2.1/../../../arm-none-eabi/lib/thumb/v7e-m+fp/hard/libnosys.a(kill.o)
                0x0000000008008950                _kill
 .text          0x0000000008008960       0x10 /usr/lib/gcc/arm-none-eabi/9.2.1/../../../arm-none-eabi/lib/thumb/v7e-m+fp/hard/libnosys.a(lseek.o)
                0x0000000008008960                _lseek
 .text          0x0000000008008970       0x10 /usr/lib/gcc/arm-none-eabi/9.2.1/../../../arm-none-eabi/lib/thumb/v7e-m+fp/hard/libnosys.a(read.o)
                0x0000000008008970                _read
 .text          0x0000000008008980       0x1c /usr/lib/gcc/arm-none-eabi/9.2.1/../../../arm-none-eabi/lib/thumb/v7e-m+fp/hard/libnosys.a(sbrk.o)
                0x0000000008008980                _sbrk
 .text          0x000000000800899c       0x10 /usr/lib/gcc/arm-none-eabi/9.2.1/../../../arm-none-eabi/lib/thumb/v7e-m+fp/hard/libnosys.a(write.o)
                0x000000000800899c                _write
 .text          0x00000000080089ac        0x4 /usr/lib/gcc/arm-none-eabi/9.2.1/../../../arm-none-eabi/lib/thumb/v7e-m+fp/hard/libnosys.a(_exit.o)
                0x00000000080089ac                _exit
 *(.text*)
 .text._ZL12MX_GPIO_Initv
                0x00000000080089b0      0x108 build/main.o
 .text._Z41__static_initialization_and_destruction_0ii
                0x0000000008008ab8       0x2c build/main.o
 .text.HAL_TIM_PeriodElapsedCallback
                0x0000000008008ae4       0x20 build/main.o
                0x0000000008008ae4                HAL_TIM_PeriodElapsedCallback
 .text.Error_Handler
                0x0000000008008b04        0x4 build/main.o
                0x0000000008008b04                Error_Handler
 .text._ZL12MX_I2C1_Initv
                0x0000000008008b08       0x38 build/main.o
 .text._ZL12MX_I2C3_Initv
                0x0000000008008b40       0x38 build/main.o
 .text._ZL12MX_I2S2_Initv
                0x0000000008008b78       0x38 build/main.o
 .text._ZL12MX_I2S3_Initv
                0x0000000008008bb0       0x38 build/main.o
 .text._ZL12MX_I2S4_Initv
                0x0000000008008be8       0x38 build/main.o
 .text._ZL15MX_SDIO_SD_Initv
                0x0000000008008c20       0x3c build/main.o
 .text._ZL12MX_SPI1_Initv
                0x0000000008008c5c       0x3c build/main.o
 .text._ZL12MX_SPI5_Initv
                0x0000000008008c98       0x3c build/main.o
 .text._ZL19MX_USART1_UART_Initv
                0x0000000008008cd4       0x34 build/main.o
 .text._ZL19MX_USART2_UART_Initv
                0x0000000008008d08       0x34 build/main.o
 .text._ZL19MX_USART6_UART_Initv
                0x0000000008008d3c       0x34 build/main.o
 .text._ZL22MX_USB_OTG_FS_PCD_Initv
                0x0000000008008d70       0x34 build/main.o
 .text._ZL12MX_ADC1_Initv
                0x0000000008008da4       0x68 build/main.o
 .text._ZL13MX_TIM10_Initv
                0x0000000008008e0c       0x30 build/main.o
 .text._ZL12MX_TIM5_Initv
                0x0000000008008e3c       0x68 build/main.o
 .text._ZL12MX_TIM9_Initv
                0x0000000008008ea4       0x50 build/main.o
 .text._Z18SystemClock_Configv
                0x0000000008008ef4       0xcc build/main.o
                0x0000000008008ef4                SystemClock_Config()
 .text.main     0x0000000008008fc0       0xe0 build/main.o
                0x0000000008008fc0                main
 .text._GLOBAL__sub_I_hadc1
                0x00000000080090a0        0xe build/main.o
 .text._ZN4oledC2EP17I2C_HandleTypeDefhP17TIM_HandleTypeDef
                0x00000000080090ae        0xe build/oled.o
                0x00000000080090ae                oled::oled(I2C_HandleTypeDef*, unsigned char, TIM_HandleTypeDef*)
                0x00000000080090ae                oled::oled(I2C_HandleTypeDef*, unsigned char, TIM_HandleTypeDef*)
 .text._ZN4oled10oled_writeEPht
                0x00000000080090bc       0x1c build/oled.o
                0x00000000080090bc                oled::oled_write(unsigned char*, unsigned short)
 .text._ZN4oled12oled_refreshEv
                0x00000000080090d8       0x60 build/oled.o
                0x00000000080090d8                oled::oled_refresh()
 .text._ZN4oled10oled_printEPch9FontDef_ttt
                0x0000000008009138      0x126 build/oled.o
                0x0000000008009138                oled::oled_print(char*, unsigned char, FontDef_t, unsigned short, unsigned short)
 *fill*         0x000000000800925e        0x2 
 .text._ZN4oled19oled_update_batteryEf
                0x0000000008009260       0x40 build/oled.o
                0x0000000008009260                oled::oled_update_battery(float)
 .text.HAL_MspInit
                0x00000000080092a0       0x38 build/stm32f4xx_hal_msp.o
                0x00000000080092a0                HAL_MspInit
 .text.HAL_ADC_MspInit
                0x00000000080092d8       0x90 build/stm32f4xx_hal_msp.o
                0x00000000080092d8                HAL_ADC_MspInit
 .text.HAL_I2C_MspInit
                0x0000000008009368      0x104 build/stm32f4xx_hal_msp.o
                0x0000000008009368                HAL_I2C_MspInit
 .text.HAL_I2S_MspInit
                0x000000000800946c      0x1f4 build/stm32f4xx_hal_msp.o
                0x000000000800946c                HAL_I2S_MspInit
 .text.HAL_SD_MspInit
                0x0000000008009660       0xc8 build/stm32f4xx_hal_msp.o
                0x0000000008009660                HAL_SD_MspInit
 .text.HAL_SPI_MspInit
                0x0000000008009728      0x11c build/stm32f4xx_hal_msp.o
                0x0000000008009728                HAL_SPI_MspInit
 .text.HAL_TIM_Base_MspInit
                0x0000000008009844       0x8c build/stm32f4xx_hal_msp.o
                0x0000000008009844                HAL_TIM_Base_MspInit
 .text.HAL_UART_MspInit
                0x00000000080098d0      0x11c build/stm32f4xx_hal_msp.o
                0x00000000080098d0                HAL_UART_MspInit
 .text.HAL_PCD_MspInit
                0x00000000080099ec       0x78 build/stm32f4xx_hal_msp.o
                0x00000000080099ec                HAL_PCD_MspInit
 .text.NMI_Handler
                0x0000000008009a64        0x2 build/stm32f4xx_it.o
                0x0000000008009a64                NMI_Handler
 .text.HardFault_Handler
                0x0000000008009a66        0x2 build/stm32f4xx_it.o
                0x0000000008009a66                HardFault_Handler
 .text.MemManage_Handler
                0x0000000008009a68        0x2 build/stm32f4xx_it.o
                0x0000000008009a68                MemManage_Handler
 .text.BusFault_Handler
                0x0000000008009a6a        0x2 build/stm32f4xx_it.o
                0x0000000008009a6a                BusFault_Handler
 .text.UsageFault_Handler
                0x0000000008009a6c        0x2 build/stm32f4xx_it.o
                0x0000000008009a6c                UsageFault_Handler
 .text.SVC_Handler
                0x0000000008009a6e        0x2 build/stm32f4xx_it.o
                0x0000000008009a6e                SVC_Handler
 .text.DebugMon_Handler
                0x0000000008009a70        0x2 build/stm32f4xx_it.o
                0x0000000008009a70                DebugMon_Handler
 .text.PendSV_Handler
                0x0000000008009a72        0x2 build/stm32f4xx_it.o
                0x0000000008009a72                PendSV_Handler
 .text.SysTick_Handler
                0x0000000008009a74        0x8 build/stm32f4xx_it.o
                0x0000000008009a74                SysTick_Handler
 .text.TIM1_UP_TIM10_IRQHandler
                0x0000000008009a7c       0x10 build/stm32f4xx_it.o
                0x0000000008009a7c                TIM1_UP_TIM10_IRQHandler
 .text.SystemInit
                0x0000000008009a8c       0x1c build/system_stm32f4xx.o
                0x0000000008009a8c                SystemInit
 .text.HAL_InitTick
                0x0000000008009aa8       0x4c build/stm32f4xx_hal.o
                0x0000000008009aa8                HAL_InitTick
 .text.HAL_Init
                0x0000000008009af4       0x34 build/stm32f4xx_hal.o
                0x0000000008009af4                HAL_Init
 .text.HAL_IncTick
                0x0000000008009b28       0x18 build/stm32f4xx_hal.o
                0x0000000008009b28                HAL_IncTick
 .text.HAL_GetTick
                0x0000000008009b40        0xc build/stm32f4xx_hal.o
                0x0000000008009b40                HAL_GetTick
 .text.HAL_Delay
                0x0000000008009b4c       0x28 build/stm32f4xx_hal.o
                0x0000000008009b4c                HAL_Delay
 .text.ADC_Init
                0x0000000008009b74      0x134 build/stm32f4xx_hal_adc.o
 .text.HAL_ADC_Init
                0x0000000008009ca8       0x56 build/stm32f4xx_hal_adc.o
                0x0000000008009ca8                HAL_ADC_Init
 *fill*         0x0000000008009cfe        0x2 
 .text.HAL_ADC_Start
                0x0000000008009d00       0xf8 build/stm32f4xx_hal_adc.o
                0x0000000008009d00                HAL_ADC_Start
 .text.HAL_ADC_Stop
                0x0000000008009df8       0x40 build/stm32f4xx_hal_adc.o
                0x0000000008009df8                HAL_ADC_Stop
 .text.HAL_ADC_PollForConversion
                0x0000000008009e38       0xac build/stm32f4xx_hal_adc.o
                0x0000000008009e38                HAL_ADC_PollForConversion
 .text.HAL_ADC_GetValue
                0x0000000008009ee4        0x6 build/stm32f4xx_hal_adc.o
                0x0000000008009ee4                HAL_ADC_GetValue
 *fill*         0x0000000008009eea        0x2 
 .text.HAL_ADC_ConfigChannel
                0x0000000008009eec      0x1a4 build/stm32f4xx_hal_adc.o
                0x0000000008009eec                HAL_ADC_ConfigChannel
 .text.HAL_NVIC_SetPriorityGrouping
                0x000000000800a090       0x24 build/stm32f4xx_hal_cortex.o
                0x000000000800a090                HAL_NVIC_SetPriorityGrouping
 .text.HAL_NVIC_SetPriority
                0x000000000800a0b4       0x68 build/stm32f4xx_hal_cortex.o
                0x000000000800a0b4                HAL_NVIC_SetPriority
 .text.HAL_NVIC_EnableIRQ
                0x000000000800a11c       0x1c build/stm32f4xx_hal_cortex.o
                0x000000000800a11c                HAL_NVIC_EnableIRQ
 .text.HAL_SYSTICK_Config
                0x000000000800a138       0x2c build/stm32f4xx_hal_cortex.o
                0x000000000800a138                HAL_SYSTICK_Config
 .text.HAL_GPIO_Init
                0x000000000800a164      0x1a8 build/stm32f4xx_hal_gpio.o
                0x000000000800a164                HAL_GPIO_Init
 .text.HAL_GPIO_WritePin
                0x000000000800a30c        0xc build/stm32f4xx_hal_gpio.o
                0x000000000800a30c                HAL_GPIO_WritePin
 .text.I2C_IsAcknowledgeFailed
                0x000000000800a318       0x32 build/stm32f4xx_hal_i2c.o
 .text.I2C_WaitOnFlagUntilTimeout
                0x000000000800a34a       0x74 build/stm32f4xx_hal_i2c.o
 .text.I2C_WaitOnMasterAddressFlagUntilTimeout
                0x000000000800a3be       0xaa build/stm32f4xx_hal_i2c.o
 .text.I2C_MasterRequestWrite
                0x000000000800a468       0xb4 build/stm32f4xx_hal_i2c.o
 .text.I2C_WaitOnTXEFlagUntilTimeout
                0x000000000800a51c       0x54 build/stm32f4xx_hal_i2c.o
 .text.I2C_WaitOnBTFFlagUntilTimeout
                0x000000000800a570       0x54 build/stm32f4xx_hal_i2c.o
 .text.HAL_I2C_Init
                0x000000000800a5c4      0x1bc build/stm32f4xx_hal_i2c.o
                0x000000000800a5c4                HAL_I2C_Init
 .text.HAL_I2C_Master_Transmit
                0x000000000800a780      0x178 build/stm32f4xx_hal_i2c.o
                0x000000000800a780                HAL_I2C_Master_Transmit
 .text.HAL_I2S_Init
                0x000000000800a8f8      0x19c build/stm32f4xx_hal_i2s.o
                0x000000000800a8f8                HAL_I2S_Init
 .text.HAL_I2S_TxCpltCallback
                0x000000000800aa94        0x2 build/stm32f4xx_hal_i2s.o
                0x000000000800aa94                HAL_I2S_TxCpltCallback
 .text.I2S_Transmit_IT
                0x000000000800aa96       0x38 build/stm32f4xx_hal_i2s.o
 .text.HAL_I2S_RxCpltCallback
                0x000000000800aace        0x2 build/stm32f4xx_hal_i2s.o
                0x000000000800aace                HAL_I2S_RxCpltCallback
 .text.I2S_Receive_IT
                0x000000000800aad0       0x38 build/stm32f4xx_hal_i2s.o
 .text.HAL_I2S_ErrorCallback
                0x000000000800ab08        0x2 build/stm32f4xx_hal_i2s.o
                0x000000000800ab08                HAL_I2S_ErrorCallback
 .text.I2S_IRQHandler
                0x000000000800ab0a       0xd0 build/stm32f4xx_hal_i2s.o
 .text.HAL_I2SEx_TxRxCpltCallback
                0x000000000800abda        0x2 build/stm32f4xx_hal_i2s_ex.o
                0x000000000800abda                HAL_I2SEx_TxRxCpltCallback
 .text.I2SEx_TxISR_I2S
                0x000000000800abdc       0x3c build/stm32f4xx_hal_i2s_ex.o
 .text.I2SEx_RxISR_I2SExt
                0x000000000800ac18       0x64 build/stm32f4xx_hal_i2s_ex.o
 .text.I2SEx_TxISR_I2SExt
                0x000000000800ac7c       0x64 build/stm32f4xx_hal_i2s_ex.o
 .text.I2SEx_RxISR_I2S
                0x000000000800ace0       0x3c build/stm32f4xx_hal_i2s_ex.o
 .text.HAL_I2SEx_FullDuplex_IRQHandler
                0x000000000800ad1c      0x1d8 build/stm32f4xx_hal_i2s_ex.o
                0x000000000800ad1c                HAL_I2SEx_FullDuplex_IRQHandler
 .text.HAL_PCD_Init
                0x000000000800aef4      0x126 build/stm32f4xx_hal_pcd.o
                0x000000000800aef4                HAL_PCD_Init
 *fill*         0x000000000800b01a        0x2 
 .text.HAL_RCC_OscConfig
                0x000000000800b01c      0x3ec build/stm32f4xx_hal_rcc.o
                0x000000000800b01c                HAL_RCC_OscConfig
 .text.HAL_RCC_GetSysClockFreq
                0x000000000800b408       0xcc build/stm32f4xx_hal_rcc.o
                0x000000000800b408                HAL_RCC_GetSysClockFreq
 .text.HAL_RCC_ClockConfig
                0x000000000800b4d4      0x160 build/stm32f4xx_hal_rcc.o
                0x000000000800b4d4                HAL_RCC_ClockConfig
 .text.HAL_RCC_GetHCLKFreq
                0x000000000800b634        0xc build/stm32f4xx_hal_rcc.o
                0x000000000800b634                HAL_RCC_GetHCLKFreq
 .text.HAL_RCC_GetPCLK1Freq
                0x000000000800b640       0x20 build/stm32f4xx_hal_rcc.o
                0x000000000800b640                HAL_RCC_GetPCLK1Freq
 .text.HAL_RCC_GetPCLK2Freq
                0x000000000800b660       0x20 build/stm32f4xx_hal_rcc.o
                0x000000000800b660                HAL_RCC_GetPCLK2Freq
 .text.HAL_RCCEx_PeriphCLKConfig
                0x000000000800b680      0x170 build/stm32f4xx_hal_rcc_ex.o
                0x000000000800b680                HAL_RCCEx_PeriphCLKConfig
 .text.HAL_RCCEx_GetPeriphCLKFreq
                0x000000000800b7f0       0x78 build/stm32f4xx_hal_rcc_ex.o
                0x000000000800b7f0                HAL_RCCEx_GetPeriphCLKFreq
 .text.SD_PowerON
                0x000000000800b868       0xc0 build/stm32f4xx_hal_sd.o
 .text.SD_FindSCR
                0x000000000800b928       0xfc build/stm32f4xx_hal_sd.o
 .text.SD_WideBus_Enable
                0x000000000800ba24       0x4e build/stm32f4xx_hal_sd.o
 .text.SD_WideBus_Disable
                0x000000000800ba72       0x4e build/stm32f4xx_hal_sd.o
 .text.HAL_SD_GetCardCSD
                0x000000000800bac0      0x1bc build/stm32f4xx_hal_sd.o
                0x000000000800bac0                HAL_SD_GetCardCSD
 .text.SD_InitCard
                0x000000000800bc7c      0x100 build/stm32f4xx_hal_sd.o
 .text.HAL_SD_InitCard
                0x000000000800bd7c       0x78 build/stm32f4xx_hal_sd.o
                0x000000000800bd7c                HAL_SD_InitCard
 .text.HAL_SD_Init
                0x000000000800bdf4       0x36 build/stm32f4xx_hal_sd.o
                0x000000000800bdf4                HAL_SD_Init
 *fill*         0x000000000800be2a        0x2 
 .text.HAL_SD_ConfigWideBusOperation
                0x000000000800be2c       0xa4 build/stm32f4xx_hal_sd.o
                0x000000000800be2c                HAL_SD_ConfigWideBusOperation
 .text.HAL_SPI_Init
                0x000000000800bed0       0x80 build/stm32f4xx_hal_spi.o
                0x000000000800bed0                HAL_SPI_Init
 .text.TIM_TI1_ConfigInputStage
                0x000000000800bf50       0x24 build/stm32f4xx_hal_tim.o
 .text.TIM_TI2_ConfigInputStage
                0x000000000800bf74       0x26 build/stm32f4xx_hal_tim.o
 .text.HAL_TIM_OC_DelayElapsedCallback
                0x000000000800bf9a        0x2 build/stm32f4xx_hal_tim.o
                0x000000000800bf9a                HAL_TIM_OC_DelayElapsedCallback
 .text.HAL_TIM_IC_CaptureCallback
                0x000000000800bf9c        0x2 build/stm32f4xx_hal_tim.o
                0x000000000800bf9c                HAL_TIM_IC_CaptureCallback
 .text.HAL_TIM_PWM_PulseFinishedCallback
                0x000000000800bf9e        0x2 build/stm32f4xx_hal_tim.o
                0x000000000800bf9e                HAL_TIM_PWM_PulseFinishedCallback
 .text.HAL_TIM_TriggerCallback
                0x000000000800bfa0        0x2 build/stm32f4xx_hal_tim.o
                0x000000000800bfa0                HAL_TIM_TriggerCallback
 .text.HAL_TIM_IRQHandler
                0x000000000800bfa2      0x17a build/stm32f4xx_hal_tim.o
                0x000000000800bfa2                HAL_TIM_IRQHandler
 .text.TIM_Base_SetConfig
                0x000000000800c11c       0x9c build/stm32f4xx_hal_tim.o
                0x000000000800c11c                TIM_Base_SetConfig
 .text.HAL_TIM_Base_Init
                0x000000000800c1b8       0x34 build/stm32f4xx_hal_tim.o
                0x000000000800c1b8                HAL_TIM_Base_Init
 .text.TIM_ETR_SetConfig
                0x000000000800c1ec       0x18 build/stm32f4xx_hal_tim.o
                0x000000000800c1ec                TIM_ETR_SetConfig
 .text.TIM_SlaveTimer_SetConfig
                0x000000000800c204       0x8e build/stm32f4xx_hal_tim.o
 .text.HAL_TIM_SlaveConfigSynchro
                0x000000000800c292       0x52 build/stm32f4xx_hal_tim.o
                0x000000000800c292                HAL_TIM_SlaveConfigSynchro
 .text.HAL_TIMEx_MasterConfigSynchronization
                0x000000000800c2e4       0x78 build/stm32f4xx_hal_tim_ex.o
                0x000000000800c2e4                HAL_TIMEx_MasterConfigSynchronization
 .text.HAL_TIMEx_CommutCallback
                0x000000000800c35c        0x2 build/stm32f4xx_hal_tim_ex.o
                0x000000000800c35c                HAL_TIMEx_CommutCallback
 .text.HAL_TIMEx_BreakCallback
                0x000000000800c35e        0x2 build/stm32f4xx_hal_tim_ex.o
                0x000000000800c35e                HAL_TIMEx_BreakCallback
 .text.UART_SetConfig
                0x000000000800c360      0x1e8 build/stm32f4xx_hal_uart.o
 .text.HAL_UART_Init
                0x000000000800c548       0x5e build/stm32f4xx_hal_uart.o
                0x000000000800c548                HAL_UART_Init
 *fill*         0x000000000800c5a6        0x2 
 .text.SDMMC_GetCmdError
                0x000000000800c5a8       0x38 build/stm32f4xx_ll_sdmmc.o
 .text.SDMMC_GetCmdResp2
                0x000000000800c5e0       0x5c build/stm32f4xx_ll_sdmmc.o
 .text.SDMMC_GetCmdResp3
                0x000000000800c63c       0x4c build/stm32f4xx_ll_sdmmc.o
 .text.SDMMC_GetCmdResp7
                0x000000000800c688       0x64 build/stm32f4xx_ll_sdmmc.o
 .text.SDIO_Init
                0x000000000800c6ec       0x38 build/stm32f4xx_ll_sdmmc.o
                0x000000000800c6ec                SDIO_Init
 .text.SDIO_ReadFIFO
                0x000000000800c724        0x6 build/stm32f4xx_ll_sdmmc.o
                0x000000000800c724                SDIO_ReadFIFO
 .text.SDIO_PowerState_ON
                0x000000000800c72a       0x10 build/stm32f4xx_ll_sdmmc.o
                0x000000000800c72a                SDIO_PowerState_ON
 .text.SDIO_GetPowerState
                0x000000000800c73a        0x8 build/stm32f4xx_ll_sdmmc.o
                0x000000000800c73a                SDIO_GetPowerState
 .text.SDIO_SendCommand
                0x000000000800c742       0x24 build/stm32f4xx_ll_sdmmc.o
                0x000000000800c742                SDIO_SendCommand
 .text.SDIO_GetCommandResponse
                0x000000000800c766        0x6 build/stm32f4xx_ll_sdmmc.o
                0x000000000800c766                SDIO_GetCommandResponse
 .text.SDIO_GetResponse
                0x000000000800c76c        0x6 build/stm32f4xx_ll_sdmmc.o
                0x000000000800c76c                SDIO_GetResponse
 *fill*         0x000000000800c772        0x2 
 .text.SDMMC_GetCmdResp1
                0x000000000800c774      0x154 build/stm32f4xx_ll_sdmmc.o
 .text.SDMMC_GetCmdResp6
                0x000000000800c8c8       0xa0 build/stm32f4xx_ll_sdmmc.o
 .text.SDIO_ConfigData
                0x000000000800c968       0x24 build/stm32f4xx_ll_sdmmc.o
                0x000000000800c968                SDIO_ConfigData
 .text.SDMMC_CmdBlockLength
                0x000000000800c98c       0x30 build/stm32f4xx_ll_sdmmc.o
                0x000000000800c98c                SDMMC_CmdBlockLength
 .text.SDMMC_CmdSelDesel
                0x000000000800c9bc       0x30 build/stm32f4xx_ll_sdmmc.o
                0x000000000800c9bc                SDMMC_CmdSelDesel
 .text.SDMMC_CmdGoIdleState
                0x000000000800c9ec       0x26 build/stm32f4xx_ll_sdmmc.o
                0x000000000800c9ec                SDMMC_CmdGoIdleState
 .text.SDMMC_CmdOperCond
                0x000000000800ca12       0x2e build/stm32f4xx_ll_sdmmc.o
                0x000000000800ca12                SDMMC_CmdOperCond
 .text.SDMMC_CmdAppCommand
                0x000000000800ca40       0x30 build/stm32f4xx_ll_sdmmc.o
                0x000000000800ca40                SDMMC_CmdAppCommand
 .text.SDMMC_CmdAppOperCommand
                0x000000000800ca70       0x32 build/stm32f4xx_ll_sdmmc.o
                0x000000000800ca70                SDMMC_CmdAppOperCommand
 .text.SDMMC_CmdBusWidth
                0x000000000800caa2       0x30 build/stm32f4xx_ll_sdmmc.o
                0x000000000800caa2                SDMMC_CmdBusWidth
 .text.SDMMC_CmdSendSCR
                0x000000000800cad2       0x30 build/stm32f4xx_ll_sdmmc.o
                0x000000000800cad2                SDMMC_CmdSendSCR
 .text.SDMMC_CmdSendCID
                0x000000000800cb02       0x2a build/stm32f4xx_ll_sdmmc.o
                0x000000000800cb02                SDMMC_CmdSendCID
 .text.SDMMC_CmdSendCSD
                0x000000000800cb2c       0x2a build/stm32f4xx_ll_sdmmc.o
                0x000000000800cb2c                SDMMC_CmdSendCSD
 .text.SDMMC_CmdSetRelAdd
                0x000000000800cb56       0x30 build/stm32f4xx_ll_sdmmc.o
                0x000000000800cb56                SDMMC_CmdSetRelAdd
 *fill*         0x000000000800cb86        0x2 
 .text.USB_CoreReset
                0x000000000800cb88       0x3c build/stm32f4xx_ll_usb.o
 .text.USB_CoreInit
                0x000000000800cbc4       0x8a build/stm32f4xx_ll_usb.o
                0x000000000800cbc4                USB_CoreInit
 .text.USB_DisableGlobalInt
                0x000000000800cc4e        0xc build/stm32f4xx_ll_usb.o
                0x000000000800cc4e                USB_DisableGlobalInt
 .text.USB_SetCurrentMode
                0x000000000800cc5a       0x30 build/stm32f4xx_ll_usb.o
                0x000000000800cc5a                USB_SetCurrentMode
 *fill*         0x000000000800cc8a        0x2 
 .text.USB_FlushTxFifo
                0x000000000800cc8c       0x28 build/stm32f4xx_ll_usb.o
                0x000000000800cc8c                USB_FlushTxFifo
 .text.USB_FlushRxFifo
                0x000000000800ccb4       0x24 build/stm32f4xx_ll_usb.o
                0x000000000800ccb4                USB_FlushRxFifo
 .text.USB_SetDevSpeed
                0x000000000800ccd8        0xe build/stm32f4xx_ll_usb.o
                0x000000000800ccd8                USB_SetDevSpeed
 *fill*         0x000000000800cce6        0x2 
 .text.USB_DevInit
                0x000000000800cce8      0x198 build/stm32f4xx_ll_usb.o
                0x000000000800cce8                USB_DevInit
 .text.USB_DevDisconnect
                0x000000000800ce80       0x1c build/stm32f4xx_ll_usb.o
                0x000000000800ce80                USB_DevDisconnect
 .text.Reset_Handler
                0x000000000800ce9c       0x50 build/startup_stm32f411xe.o
                0x000000000800ce9c                Reset_Handler
 .text.Default_Handler
                0x000000000800ceec        0x2 build/startup_stm32f411xe.o
                0x000000000800ceec                RTC_Alarm_IRQHandler
                0x000000000800ceec                EXTI2_IRQHandler
                0x000000000800ceec                SPI4_IRQHandler
                0x000000000800ceec                TIM1_CC_IRQHandler
                0x000000000800ceec                DMA2_Stream5_IRQHandler
                0x000000000800ceec                DMA1_Stream5_IRQHandler
                0x000000000800ceec                PVD_IRQHandler
                0x000000000800ceec                SDIO_IRQHandler
                0x000000000800ceec                TAMP_STAMP_IRQHandler
                0x000000000800ceec                EXTI3_IRQHandler
                0x000000000800ceec                I2C3_ER_IRQHandler
                0x000000000800ceec                EXTI0_IRQHandler
                0x000000000800ceec                I2C2_EV_IRQHandler
                0x000000000800ceec                DMA1_Stream2_IRQHandler
                0x000000000800ceec                FPU_IRQHandler
                0x000000000800ceec                DMA2_Stream2_IRQHandler
                0x000000000800ceec                SPI1_IRQHandler
                0x000000000800ceec                TIM1_BRK_TIM9_IRQHandler
                0x000000000800ceec                DMA2_Stream3_IRQHandler
                0x000000000800ceec                USART6_IRQHandler
                0x000000000800ceec                DMA2_Stream0_IRQHandler
                0x000000000800ceec                TIM4_IRQHandler
                0x000000000800ceec                I2C1_EV_IRQHandler
                0x000000000800ceec                DMA1_Stream6_IRQHandler
                0x000000000800ceec                DMA1_Stream1_IRQHandler
                0x000000000800ceec                TIM3_IRQHandler
                0x000000000800ceec                RCC_IRQHandler
                0x000000000800ceec                Default_Handler
                0x000000000800ceec                EXTI15_10_IRQHandler
                0x000000000800ceec                ADC_IRQHandler
                0x000000000800ceec                DMA1_Stream7_IRQHandler
                0x000000000800ceec                SPI5_IRQHandler
                0x000000000800ceec                TIM5_IRQHandler
                0x000000000800ceec                DMA2_Stream7_IRQHandler
                0x000000000800ceec                I2C3_EV_IRQHandler
                0x000000000800ceec                EXTI9_5_IRQHandler
                0x000000000800ceec                RTC_WKUP_IRQHandler
                0x000000000800ceec                SPI2_IRQHandler
                0x000000000800ceec                DMA1_Stream0_IRQHandler
                0x000000000800ceec                EXTI4_IRQHandler
                0x000000000800ceec                WWDG_IRQHandler
                0x000000000800ceec                TIM2_IRQHandler
                0x000000000800ceec                OTG_FS_WKUP_IRQHandler
                0x000000000800ceec                TIM1_TRG_COM_TIM11_IRQHandler
                0x000000000800ceec                EXTI1_IRQHandler
                0x000000000800ceec                USART2_IRQHandler
                0x000000000800ceec                I2C2_ER_IRQHandler
                0x000000000800ceec                DMA2_Stream1_IRQHandler
                0x000000000800ceec                FLASH_IRQHandler
                0x000000000800ceec                DMA2_Stream4_IRQHandler
                0x000000000800ceec                USART1_IRQHandler
                0x000000000800ceec                OTG_FS_IRQHandler
                0x000000000800ceec                SPI3_IRQHandler
                0x000000000800ceec                DMA1_Stream4_IRQHandler
                0x000000000800ceec                I2C1_ER_IRQHandler
                0x000000000800ceec                DMA2_Stream6_IRQHandler
                0x000000000800ceec                DMA1_Stream3_IRQHandler
 *fill*         0x000000000800ceee        0x2 
 .text.startup  0x000000000800cef0       0x14 /usr/lib/gcc/arm-none-eabi/9.2.1/../../../arm-none-eabi/lib/thumb/v7e-m+fp/hard/libc.a(lib_a-__call_atexit.o)
 *(.glue_7)
 .glue_7        0x000000000800cf04        0x0 linker stubs
 *(.glue_7t)
 .glue_7t       0x000000000800cf04        0x0 linker stubs
 *(.eh_frame)
 .eh_frame      0x000000000800cf04        0x0 /usr/lib/gcc/arm-none-eabi/9.2.1/thumb/v7e-m+fp/hard/crtbegin.o
 *(.init)
 .init          0x000000000800cf04        0x4 /usr/lib/gcc/arm-none-eabi/9.2.1/thumb/v7e-m+fp/hard/crti.o
                0x000000000800cf04                _init
 .init          0x000000000800cf08        0x8 /usr/lib/gcc/arm-none-eabi/9.2.1/thumb/v7e-m+fp/hard/crtn.o
 *(.fini)
 .fini          0x000000000800cf10        0x4 /usr/lib/gcc/arm-none-eabi/9.2.1/thumb/v7e-m+fp/hard/crti.o
                0x000000000800cf10                _fini
 .fini          0x000000000800cf14        0x8 /usr/lib/gcc/arm-none-eabi/9.2.1/thumb/v7e-m+fp/hard/crtn.o
                0x000000000800cf1c                . = ALIGN (0x4)
                0x000000000800cf1c                _etext = .

.vfp11_veneer   0x000000000800cf1c        0x0
 .vfp11_veneer  0x000000000800cf1c        0x0 linker stubs

.v4_bx          0x000000000800cf1c        0x0
 .v4_bx         0x000000000800cf1c        0x0 linker stubs

.iplt           0x000000000800cf1c        0x0
 .iplt          0x000000000800cf1c        0x0 /usr/lib/gcc/arm-none-eabi/9.2.1/thumb/v7e-m+fp/hard/crtbegin.o

.rodata         0x000000000800cf20      0xb3c
                0x000000000800cf20                . = ALIGN (0x4)
 *(.rodata)
 .rodata        0x000000000800cf20        0x4 /usr/lib/gcc/arm-none-eabi/9.2.1/../../../arm-none-eabi/lib/thumb/v7e-m+fp/hard/libc.a(lib_a-impure.o)
                0x000000000800cf20                _global_impure_ptr
 .rodata        0x000000000800cf24       0x20 /usr/lib/gcc/arm-none-eabi/9.2.1/../../../arm-none-eabi/lib/thumb/v7e-m+fp/hard/libc.a(lib_a-svfprintf.o)
 .rodata        0x000000000800cf44      0x101 /usr/lib/gcc/arm-none-eabi/9.2.1/../../../arm-none-eabi/lib/thumb/v7e-m+fp/hard/libc.a(lib_a-ctype_.o)
                0x000000000800cf44                _ctype_
 *fill*         0x000000000800d045        0x3 
 .rodata        0x000000000800d048      0x128 /usr/lib/gcc/arm-none-eabi/9.2.1/../../../arm-none-eabi/lib/thumb/v7e-m+fp/hard/libc.a(lib_a-mprec.o)
                0x000000000800d058                __mprec_tens
                0x000000000800d120                __mprec_tinytens
                0x000000000800d148                __mprec_bigtens
 .rodata        0x000000000800d170       0x20 /usr/lib/gcc/arm-none-eabi/9.2.1/../../../arm-none-eabi/lib/thumb/v7e-m+fp/hard/libc.a(lib_a-svfiprintf.o)
 .rodata        0x000000000800d190       0x20 /usr/lib/gcc/arm-none-eabi/9.2.1/../../../arm-none-eabi/lib/thumb/v7e-m+fp/hard/libc.a(lib_a-vfiprintf.o)
 *(.rodata*)
 .rodata._ZN4oled19oled_update_batteryEf.str1.4
                0x000000000800d1b0        0x6 build/oled.o
 *fill*         0x000000000800d1b6        0x2 
 .rodata.Font7x10
                0x000000000800d1b8      0x76c build/fonts.o
                0x000000000800d1b8                Font7x10
 .rodata.AHBPrescTable
                0x000000000800d924       0x10 build/system_stm32f4xx.o
                0x000000000800d924                AHBPrescTable
 .rodata.APBPrescTable
                0x000000000800d934        0x8 build/system_stm32f4xx.o
                0x000000000800d934                APBPrescTable
 .rodata.str1.4
                0x000000000800d93c       0x42 /usr/lib/gcc/arm-none-eabi/9.2.1/../../../arm-none-eabi/lib/thumb/v7e-m+fp/hard/libc.a(lib_a-svfprintf.o)
 *fill*         0x000000000800d97e        0x2 
 .rodata.str1.4
                0x000000000800d980       0x56 /usr/lib/gcc/arm-none-eabi/9.2.1/../../../arm-none-eabi/lib/thumb/v7e-m+fp/hard/libc.a(lib_a-dtoa.o)
                                         0x5a (size before relaxing)
 *fill*         0x000000000800d9d6        0x2 
 .rodata.str1.4
                0x000000000800d9d8       0x33 /usr/lib/gcc/arm-none-eabi/9.2.1/../../../arm-none-eabi/lib/thumb/v7e-m+fp/hard/libc.a(lib_a-mprec.o)
                                         0x47 (size before relaxing)
 .rodata.str1.4
                0x000000000800da0b       0x2f /usr/lib/gcc/arm-none-eabi/9.2.1/../../../arm-none-eabi/lib/thumb/v7e-m+fp/hard/libc.a(lib_a-svfiprintf.o)
 *fill*         0x000000000800da0b        0x1 
 .rodata.str1.4
                0x000000000800da0c       0x3f /usr/lib/gcc/arm-none-eabi/9.2.1/../../../arm-none-eabi/lib/thumb/v7e-m+fp/hard/libc.a(lib_a-assert.o)
                                         0x43 (size before relaxing)
 *fill*         0x000000000800da4b        0x1 
 .rodata.str1.4
                0x000000000800da4c        0xe /usr/lib/gcc/arm-none-eabi/9.2.1/../../../arm-none-eabi/lib/thumb/v7e-m+fp/hard/libc.a(lib_a-locale.o)
                                         0x12 (size before relaxing)
 .rodata.str1.4
                0x000000000800da5a       0x2f /usr/lib/gcc/arm-none-eabi/9.2.1/../../../arm-none-eabi/lib/thumb/v7e-m+fp/hard/libc.a(lib_a-vfiprintf.o)
                0x000000000800da8c                . = ALIGN (0x4)
 *fill*         0x000000000800da5a        0x2 

.ARM.extab      0x000000000800da5c       0xcc
 *(.ARM.extab* .gnu.linkonce.armextab.*)
 .ARM.extab.text.HAL_TIM_PeriodElapsedCallback
                0x000000000800da5c        0xc build/main.o
 .ARM.extab.text._ZL12MX_I2C1_Initv
                0x000000000800da68        0xc build/main.o
 .ARM.extab.text._ZL12MX_I2C3_Initv
                0x000000000800da74        0xc build/main.o
 .ARM.extab.text._ZL12MX_I2S2_Initv
                0x000000000800da80        0xc build/main.o
 .ARM.extab.text._ZL12MX_I2S3_Initv
                0x000000000800da8c        0xc build/main.o
 .ARM.extab.text._ZL12MX_I2S4_Initv
                0x000000000800da98        0xc build/main.o
 .ARM.extab.text._ZL15MX_SDIO_SD_Initv
                0x000000000800daa4        0xc build/main.o
 .ARM.extab.text._ZL12MX_SPI1_Initv
                0x000000000800dab0        0xc build/main.o
 .ARM.extab.text._ZL12MX_SPI5_Initv
                0x000000000800dabc        0xc build/main.o
 .ARM.extab.text._ZL19MX_USART1_UART_Initv
                0x000000000800dac8        0xc build/main.o
 .ARM.extab.text._ZL19MX_USART2_UART_Initv
                0x000000000800dad4        0xc build/main.o
 .ARM.extab.text._ZL19MX_USART6_UART_Initv
                0x000000000800dae0        0xc build/main.o
 .ARM.extab.text._ZL22MX_USB_OTG_FS_PCD_Initv
                0x000000000800daec        0xc build/main.o
 .ARM.extab.text._ZL13MX_TIM10_Initv
                0x000000000800daf8        0xc build/main.o
 .ARM.extab.text.main
                0x000000000800db04        0xc build/main.o
 .ARM.extab     0x000000000800db10       0x18 /usr/lib/gcc/arm-none-eabi/9.2.1/thumb/v7e-m+fp/hard/libgcc.a(pr-support.o)

.ARM            0x000000000800db28      0x188
                0x000000000800db28                __exidx_start = .
 *(.ARM.exidx*)
 .ARM.exidx.text._ZL12MX_GPIO_Initv
                0x000000000800dbe0        0x8 build/main.o
 .ARM.exidx.text._Z41__static_initialization_and_destruction_0ii
                0x000000000800dbe8        0x8 build/main.o
 .ARM.exidx.text.HAL_TIM_PeriodElapsedCallback
                0x000000000800dbf0        0x8 build/main.o
 .ARM.exidx.text.Error_Handler
                0x000000000800dbf8        0x8 build/main.o
 .ARM.exidx.text._ZL12MX_I2C1_Initv
                0x000000000800dc00        0x8 build/main.o
 .ARM.exidx.text._ZL12MX_I2C3_Initv
                0x000000000800dc08        0x8 build/main.o
 .ARM.exidx.text._ZL12MX_I2S2_Initv
                0x000000000800dc10        0x8 build/main.o
 .ARM.exidx.text._ZL12MX_I2S3_Initv
                0x000000000800dc18        0x8 build/main.o
 .ARM.exidx.text._ZL12MX_I2S4_Initv
                0x000000000800dc20        0x8 build/main.o
 .ARM.exidx.text._ZL15MX_SDIO_SD_Initv
                0x000000000800dc28        0x8 build/main.o
 .ARM.exidx.text._ZL12MX_SPI1_Initv
                0x000000000800dc30        0x8 build/main.o
 .ARM.exidx.text._ZL12MX_SPI5_Initv
                0x000000000800dc38        0x8 build/main.o
 .ARM.exidx.text._ZL19MX_USART1_UART_Initv
                0x000000000800dc40        0x8 build/main.o
 .ARM.exidx.text._ZL19MX_USART2_UART_Initv
                0x000000000800dc48        0x8 build/main.o
 .ARM.exidx.text._ZL19MX_USART6_UART_Initv
                0x000000000800dc50        0x8 build/main.o
 .ARM.exidx.text._ZL22MX_USB_OTG_FS_PCD_Initv
                0x000000000800dc58        0x8 build/main.o
 .ARM.exidx.text._ZL12MX_ADC1_Initv
                0x000000000800dc60        0x8 build/main.o
 .ARM.exidx.text._ZL13MX_TIM10_Initv
                0x000000000800dc68        0x8 build/main.o
 .ARM.exidx.text._ZL12MX_TIM5_Initv
                0x000000000800dc70        0x8 build/main.o
 .ARM.exidx.text._ZL12MX_TIM9_Initv
                0x000000000800dc78        0x8 build/main.o
 .ARM.exidx.text._Z18SystemClock_Configv
                0x000000000800dc80        0x8 build/main.o
 .ARM.exidx.text.main
                0x000000000800dc88        0x8 build/main.o
 .ARM.exidx.text._GLOBAL__sub_I_hadc1
                0x000000000800dc90        0x8 build/main.o
 .ARM.exidx.text._ZN4oledC2EP17I2C_HandleTypeDefhP17TIM_HandleTypeDef
                0x000000000800dc98        0x0 build/oled.o
                                          0x8 (size before relaxing)
 .ARM.exidx.text._ZN4oled10oled_writeEPht
                0x000000000800dc98        0x8 build/oled.o
 .ARM.exidx.text._ZN4oled12oled_refreshEv
                0x000000000800dca0        0x8 build/oled.o
 .ARM.exidx.text._ZN4oled10oled_printEPch9FontDef_ttt
                0x000000000800dca8        0x8 build/oled.o
 .ARM.exidx.text._ZN4oled19oled_update_batteryEf
                0x000000000800dcb0        0x0 build/oled.o
                                          0x8 (size before relaxing)
 .ARM.exidx     0x000000000800db28        0x8 /usr/lib/gcc/arm-none-eabi/9.2.1/thumb/v7e-m+fp/hard/libgcc.a(_udivmoddi4.o)
 .ARM.exidx     0x000000000800db30       0x78 /usr/lib/gcc/arm-none-eabi/9.2.1/thumb/v7e-m+fp/hard/libgcc.a(unwind-arm.o)
                                         0xd8 (size before relaxing)
 .ARM.exidx     0x000000000800dba8       0x38 /usr/lib/gcc/arm-none-eabi/9.2.1/thumb/v7e-m+fp/hard/libgcc.a(pr-support.o)
                0x000000000800dcb0                __exidx_end = .

.rel.dyn        0x000000000800dcb0        0x0
 .rel.iplt      0x000000000800dcb0        0x0 /usr/lib/gcc/arm-none-eabi/9.2.1/thumb/v7e-m+fp/hard/crtbegin.o

.preinit_array  0x000000000800dcb0        0x0
                0x000000000800dcb0                PROVIDE (__preinit_array_start = .)
 *(.preinit_array*)
                0x000000000800dcb0                PROVIDE (__preinit_array_end = .)

.init_array     0x000000000800dcb0        0xc
                0x000000000800dcb0                PROVIDE (__init_array_start = .)
 *(SORT_BY_NAME(.init_array.*))
 .init_array.00000
                0x000000000800dcb0        0x4 /usr/lib/gcc/arm-none-eabi/9.2.1/../../../arm-none-eabi/lib/thumb/v7e-m+fp/hard/libc.a(lib_a-__call_atexit.o)
 *(.init_array*)
 .init_array    0x000000000800dcb4        0x4 /usr/lib/gcc/arm-none-eabi/9.2.1/thumb/v7e-m+fp/hard/crtbegin.o
 .init_array    0x000000000800dcb8        0x4 build/main.o
                0x000000000800dcbc                PROVIDE (__init_array_end = .)

.fini_array     0x000000000800dcbc        0x4
                0x000000000800dcbc                PROVIDE (__fini_array_start = .)
 *(SORT_BY_NAME(.fini_array.*))
 *(.fini_array*)
 .fini_array    0x000000000800dcbc        0x4 /usr/lib/gcc/arm-none-eabi/9.2.1/thumb/v7e-m+fp/hard/crtbegin.o
                0x000000000800dcc0                PROVIDE (__fini_array_end = .)
                0x000000000800dcc0                _sidata = LOADADDR (.data)

.data           0x0000000020000000      0x9c0 load address 0x000000000800dcc0
                0x0000000020000000                . = ALIGN (0x4)
                0x0000000020000000                _sdata = .
 *(.data)
 .data          0x0000000020000000      0x430 /usr/lib/gcc/arm-none-eabi/9.2.1/../../../arm-none-eabi/lib/thumb/v7e-m+fp/hard/libc.a(lib_a-impure.o)
                0x0000000020000000                _impure_ptr
 .data          0x0000000020000430      0x410 /usr/lib/gcc/arm-none-eabi/9.2.1/../../../arm-none-eabi/lib/thumb/v7e-m+fp/hard/libc.a(lib_a-mallocr.o)
                0x0000000020000430                __malloc_av_
                0x0000000020000838                __malloc_sbrk_base
                0x000000002000083c                __malloc_trim_threshold
 .data          0x0000000020000840      0x16c /usr/lib/gcc/arm-none-eabi/9.2.1/../../../arm-none-eabi/lib/thumb/v7e-m+fp/hard/libc.a(lib_a-locale.o)
                0x0000000020000840                __global_locale
 *(.data*)
 .data.Font_7x10
                0x00000000200009ac        0x8 build/fonts.o
                0x00000000200009ac                Font_7x10
 .data.SystemCoreClock
                0x00000000200009b4        0x4 build/system_stm32f4xx.o
                0x00000000200009b4                SystemCoreClock
 .data.uwTickFreq
                0x00000000200009b8        0x1 build/stm32f4xx_hal.o
                0x00000000200009b8                uwTickFreq
 *fill*         0x00000000200009b9        0x3 
 .data.uwTickPrio
                0x00000000200009bc        0x4 build/stm32f4xx_hal.o
                0x00000000200009bc                uwTickPrio
                0x00000000200009c0                . = ALIGN (0x4)
                0x00000000200009c0                _edata = .

.tm_clone_table
                0x00000000200009c0        0x0 load address 0x000000000800e680
 .tm_clone_table
                0x00000000200009c0        0x0 /usr/lib/gcc/arm-none-eabi/9.2.1/thumb/v7e-m+fp/hard/crtbegin.o
 .tm_clone_table
                0x00000000200009c0        0x0 /usr/lib/gcc/arm-none-eabi/9.2.1/thumb/v7e-m+fp/hard/crtend.o

.igot.plt       0x00000000200009c0        0x0 load address 0x000000000800e680
 .igot.plt      0x00000000200009c0        0x0 /usr/lib/gcc/arm-none-eabi/9.2.1/thumb/v7e-m+fp/hard/crtbegin.o
                0x00000000200009c0                . = ALIGN (0x4)

.bss            0x00000000200009c0      0xcf4 load address 0x000000000800e680
                0x00000000200009c0                _sbss = .
                0x00000000200009c0                __bss_start__ = _sbss
 *(.bss)
 .bss           0x00000000200009c0       0x1c /usr/lib/gcc/arm-none-eabi/9.2.1/thumb/v7e-m+fp/hard/crtbegin.o
 .bss           0x00000000200009dc       0x34 /usr/lib/gcc/arm-none-eabi/9.2.1/../../../arm-none-eabi/lib/thumb/v7e-m+fp/hard/libc.a(lib_a-mallocr.o)
                0x00000000200009dc                __malloc_top_pad
                0x00000000200009e0                __malloc_current_mallinfo
                0x0000000020000a08                __malloc_max_sbrked_mem
                0x0000000020000a0c                __malloc_max_total_mem
 .bss           0x0000000020000a10        0x4 /usr/lib/gcc/arm-none-eabi/9.2.1/../../../arm-none-eabi/lib/thumb/v7e-m+fp/hard/libnosys.a(sbrk.o)
 *(.bss*)
 .bss.hadc1     0x0000000020000a14       0x48 build/main.o
                0x0000000020000a14                hadc1
 .bss.hi2c1     0x0000000020000a5c       0x54 build/main.o
                0x0000000020000a5c                hi2c1
 .bss.hi2c3     0x0000000020000ab0       0x54 build/main.o
                0x0000000020000ab0                hi2c3
 .bss.hi2s2     0x0000000020000b04       0x48 build/main.o
                0x0000000020000b04                hi2s2
 .bss.hi2s3     0x0000000020000b4c       0x48 build/main.o
                0x0000000020000b4c                hi2s3
 .bss.hi2s4     0x0000000020000b94       0x48 build/main.o
                0x0000000020000b94                hi2s4
 .bss.hpcd_USB_OTG_FS
                0x0000000020000bdc      0x408 build/main.o
                0x0000000020000bdc                hpcd_USB_OTG_FS
 .bss.hsd       0x0000000020000fe4       0x84 build/main.o
                0x0000000020000fe4                hsd
 .bss.hspi1     0x0000000020001068       0x58 build/main.o
                0x0000000020001068                hspi1
 .bss.hspi5     0x00000000200010c0       0x58 build/main.o
                0x00000000200010c0                hspi5
 .bss.htim10    0x0000000020001118       0x40 build/main.o
                0x0000000020001118                htim10
 .bss.htim5     0x0000000020001158       0x40 build/main.o
                0x0000000020001158                htim5
 .bss.htim9     0x0000000020001198       0x40 build/main.o
                0x0000000020001198                htim9
 .bss.huart1    0x00000000200011d8       0x40 build/main.o
                0x00000000200011d8                huart1
 .bss.huart2    0x0000000020001218       0x40 build/main.o
                0x0000000020001218                huart2
 .bss.huart6    0x0000000020001258       0x40 build/main.o
                0x0000000020001258                huart6
 .bss.oled1     0x0000000020001298      0x414 build/main.o
                0x0000000020001298                oled1
 *(COMMON)
 COMMON         0x00000000200016ac        0x4 build/stm32f4xx_hal.o
                0x00000000200016ac                uwTick
 COMMON         0x00000000200016b0        0x4 /usr/lib/gcc/arm-none-eabi/9.2.1/../../../arm-none-eabi/lib/thumb/v7e-m+fp/hard/libc.a(lib_a-reent.o)
                0x00000000200016b0                errno
                0x00000000200016b4                . = ALIGN (0x4)
                0x00000000200016b4                _ebss = .
                0x00000000200016b4                __bss_end__ = _ebss

._user_heap_stack
                0x00000000200016b4      0x604 load address 0x000000000800e680
                0x00000000200016b8                . = ALIGN (0x8)
 *fill*         0x00000000200016b4        0x4 
                0x00000000200016b8                PROVIDE (end = .)
                [!provide]                        PROVIDE (_end = .)
                0x00000000200018b8                . = (. + _Min_Heap_Size)
 *fill*         0x00000000200016b8      0x200 
                0x0000000020001cb8                . = (. + _Min_Stack_Size)
 *fill*         0x00000000200018b8      0x400 
                0x0000000020001cb8                . = ALIGN (0x8)

/DISCARD/
 libc.a(*)
 libm.a(*)
 libgcc.a(*)

.ARM.attributes
                0x0000000000000000       0x30
 *(.ARM.attributes)
 .ARM.attributes
                0x0000000000000000       0x1e /usr/lib/gcc/arm-none-eabi/9.2.1/thumb/v7e-m+fp/hard/crti.o
 .ARM.attributes
                0x000000000000001e       0x34 /usr/lib/gcc/arm-none-eabi/9.2.1/thumb/v7e-m+fp/hard/crtbegin.o
 .ARM.attributes
                0x0000000000000052       0x34 build/main.o
 .ARM.attributes
                0x0000000000000086       0x34 build/oled.o
 .ARM.attributes
                0x00000000000000ba       0x34 build/fonts.o
 .ARM.attributes
                0x00000000000000ee       0x34 build/stm32f4xx_hal_msp.o
 .ARM.attributes
                0x0000000000000122       0x34 build/stm32f4xx_it.o
 .ARM.attributes
                0x0000000000000156       0x34 build/system_stm32f4xx.o
 .ARM.attributes
                0x000000000000018a       0x34 build/stm32f4xx_hal.o
 .ARM.attributes
                0x00000000000001be       0x34 build/stm32f4xx_hal_adc.o
 .ARM.attributes
                0x00000000000001f2       0x34 build/stm32f4xx_hal_cortex.o
 .ARM.attributes
                0x0000000000000226       0x34 build/stm32f4xx_hal_gpio.o
 .ARM.attributes
                0x000000000000025a       0x34 build/stm32f4xx_hal_i2c.o
 .ARM.attributes
                0x000000000000028e       0x34 build/stm32f4xx_hal_i2s.o
 .ARM.attributes
                0x00000000000002c2       0x34 build/stm32f4xx_hal_i2s_ex.o
 .ARM.attributes
                0x00000000000002f6       0x34 build/stm32f4xx_hal_pcd.o
 .ARM.attributes
                0x000000000000032a       0x34 build/stm32f4xx_hal_rcc.o
 .ARM.attributes
                0x000000000000035e       0x34 build/stm32f4xx_hal_rcc_ex.o
 .ARM.attributes
                0x0000000000000392       0x34 build/stm32f4xx_hal_sd.o
 .ARM.attributes
                0x00000000000003c6       0x34 build/stm32f4xx_hal_spi.o
 .ARM.attributes
                0x00000000000003fa       0x34 build/stm32f4xx_hal_tim.o
 .ARM.attributes
                0x000000000000042e       0x34 build/stm32f4xx_hal_tim_ex.o
 .ARM.attributes
                0x0000000000000462       0x34 build/stm32f4xx_hal_uart.o
 .ARM.attributes
                0x0000000000000496       0x34 build/stm32f4xx_ll_sdmmc.o
 .ARM.attributes
                0x00000000000004ca       0x34 build/stm32f4xx_ll_usb.o
 .ARM.attributes
                0x00000000000004fe       0x21 build/startup_stm32f411xe.o
 .ARM.attributes
                0x000000000000051f       0x34 /usr/lib/gcc/arm-none-eabi/9.2.1/../../../arm-none-eabi/lib/thumb/v7e-m+fp/hard/libc.a(lib_a-atexit.o)
 .ARM.attributes
                0x0000000000000553       0x34 /usr/lib/gcc/arm-none-eabi/9.2.1/../../../arm-none-eabi/lib/thumb/v7e-m+fp/hard/libc.a(lib_a-fini.o)
 .ARM.attributes
                0x0000000000000587       0x32 /usr/lib/gcc/arm-none-eabi/9.2.1/../../../arm-none-eabi/lib/thumb/v7e-m+fp/hard/libc.a(lib_a-impure.o)
 .ARM.attributes
                0x00000000000005b9       0x34 /usr/lib/gcc/arm-none-eabi/9.2.1/../../../arm-none-eabi/lib/thumb/v7e-m+fp/hard/libc.a(lib_a-init.o)
 .ARM.attributes
                0x00000000000005ed       0x34 /usr/lib/gcc/arm-none-eabi/9.2.1/../../../arm-none-eabi/lib/thumb/v7e-m+fp/hard/libc.a(lib_a-memset.o)
 .ARM.attributes
                0x0000000000000621       0x34 /usr/lib/gcc/arm-none-eabi/9.2.1/../../../arm-none-eabi/lib/thumb/v7e-m+fp/hard/libc.a(lib_a-sprintf.o)
 .ARM.attributes
                0x0000000000000655       0x1c /usr/lib/gcc/arm-none-eabi/9.2.1/../../../arm-none-eabi/lib/thumb/v7e-m+fp/hard/libc.a(lib_a-strlen.o)
 .ARM.attributes
                0x0000000000000671       0x34 /usr/lib/gcc/arm-none-eabi/9.2.1/../../../arm-none-eabi/lib/thumb/v7e-m+fp/hard/libc.a(lib_a-svfprintf.o)
 .ARM.attributes
                0x00000000000006a5       0x34 /usr/lib/gcc/arm-none-eabi/9.2.1/../../../arm-none-eabi/lib/thumb/v7e-m+fp/hard/libc.a(lib_a-__atexit.o)
 .ARM.attributes
                0x00000000000006d9       0x34 /usr/lib/gcc/arm-none-eabi/9.2.1/../../../arm-none-eabi/lib/thumb/v7e-m+fp/hard/libc.a(lib_a-__call_atexit.o)
 .ARM.attributes
                0x000000000000070d       0x32 /usr/lib/gcc/arm-none-eabi/9.2.1/../../../arm-none-eabi/lib/thumb/v7e-m+fp/hard/libc.a(lib_a-ctype_.o)
 .ARM.attributes
                0x000000000000073f       0x34 /usr/lib/gcc/arm-none-eabi/9.2.1/../../../arm-none-eabi/lib/thumb/v7e-m+fp/hard/libc.a(lib_a-dtoa.o)
 .ARM.attributes
                0x0000000000000773       0x34 /usr/lib/gcc/arm-none-eabi/9.2.1/../../../arm-none-eabi/lib/thumb/v7e-m+fp/hard/libc.a(lib_a-localeconv.o)
 .ARM.attributes
                0x00000000000007a7       0x34 /usr/lib/gcc/arm-none-eabi/9.2.1/../../../arm-none-eabi/lib/thumb/v7e-m+fp/hard/libc.a(lib_a-mallocr.o)
 .ARM.attributes
                0x00000000000007db       0x1c /usr/lib/gcc/arm-none-eabi/9.2.1/../../../arm-none-eabi/lib/thumb/v7e-m+fp/hard/libc.a(lib_a-memchr.o)
 .ARM.attributes
                0x00000000000007f7       0x1c /usr/lib/gcc/arm-none-eabi/9.2.1/../../../arm-none-eabi/lib/thumb/v7e-m+fp/hard/libc.a(lib_a-memcpy.o)
 .ARM.attributes
                0x0000000000000813       0x34 /usr/lib/gcc/arm-none-eabi/9.2.1/../../../arm-none-eabi/lib/thumb/v7e-m+fp/hard/libc.a(lib_a-mlock.o)
 .ARM.attributes
                0x0000000000000847       0x34 /usr/lib/gcc/arm-none-eabi/9.2.1/../../../arm-none-eabi/lib/thumb/v7e-m+fp/hard/libc.a(lib_a-mprec.o)
 .ARM.attributes
                0x000000000000087b       0x34 /usr/lib/gcc/arm-none-eabi/9.2.1/../../../arm-none-eabi/lib/thumb/v7e-m+fp/hard/libc.a(lib_a-sbrkr.o)
 .ARM.attributes
                0x00000000000008af       0x34 /usr/lib/gcc/arm-none-eabi/9.2.1/../../../arm-none-eabi/lib/thumb/v7e-m+fp/hard/libc.a(lib_a-svfiprintf.o)
 .ARM.attributes
                0x00000000000008e3       0x34 /usr/lib/gcc/arm-none-eabi/9.2.1/../../../arm-none-eabi/lib/thumb/v7e-m+fp/hard/libc.a(lib_a-assert.o)
 .ARM.attributes
                0x0000000000000917       0x34 /usr/lib/gcc/arm-none-eabi/9.2.1/../../../arm-none-eabi/lib/thumb/v7e-m+fp/hard/libc.a(lib_a-callocr.o)
 .ARM.attributes
                0x000000000000094b       0x34 /usr/lib/gcc/arm-none-eabi/9.2.1/../../../arm-none-eabi/lib/thumb/v7e-m+fp/hard/libc.a(lib_a-fiprintf.o)
 .ARM.attributes
                0x000000000000097f       0x34 /usr/lib/gcc/arm-none-eabi/9.2.1/../../../arm-none-eabi/lib/thumb/v7e-m+fp/hard/libc.a(lib_a-freer.o)
 .ARM.attributes
                0x00000000000009b3       0x34 /usr/lib/gcc/arm-none-eabi/9.2.1/../../../arm-none-eabi/lib/thumb/v7e-m+fp/hard/libc.a(lib_a-locale.o)
 .ARM.attributes
                0x00000000000009e7       0x34 /usr/lib/gcc/arm-none-eabi/9.2.1/../../../arm-none-eabi/lib/thumb/v7e-m+fp/hard/libc.a(lib_a-mbtowc_r.o)
 .ARM.attributes
                0x0000000000000a1b       0x34 /usr/lib/gcc/arm-none-eabi/9.2.1/../../../arm-none-eabi/lib/thumb/v7e-m+fp/hard/libc.a(lib_a-memmove.o)
 .ARM.attributes
                0x0000000000000a4f       0x34 /usr/lib/gcc/arm-none-eabi/9.2.1/../../../arm-none-eabi/lib/thumb/v7e-m+fp/hard/libc.a(lib_a-reallocr.o)
 .ARM.attributes
                0x0000000000000a83       0x34 /usr/lib/gcc/arm-none-eabi/9.2.1/../../../arm-none-eabi/lib/thumb/v7e-m+fp/hard/libc.a(lib_a-reent.o)
 .ARM.attributes
                0x0000000000000ab7       0x1c /usr/lib/gcc/arm-none-eabi/9.2.1/../../../arm-none-eabi/lib/thumb/v7e-m+fp/hard/libc.a(lib_a-strcmp.o)
 .ARM.attributes
                0x0000000000000ad3       0x34 /usr/lib/gcc/arm-none-eabi/9.2.1/../../../arm-none-eabi/lib/thumb/v7e-m+fp/hard/libc.a(lib_a-vfiprintf.o)
 .ARM.attributes
                0x0000000000000b07       0x34 /usr/lib/gcc/arm-none-eabi/9.2.1/../../../arm-none-eabi/lib/thumb/v7e-m+fp/hard/libc.a(lib_a-wctomb_r.o)
 .ARM.attributes
                0x0000000000000b3b       0x34 /usr/lib/gcc/arm-none-eabi/9.2.1/../../../arm-none-eabi/lib/thumb/v7e-m+fp/hard/libc.a(lib_a-wsetup.o)
 .ARM.attributes
                0x0000000000000b6f       0x34 /usr/lib/gcc/arm-none-eabi/9.2.1/../../../arm-none-eabi/lib/thumb/v7e-m+fp/hard/libc.a(lib_a-abort.o)
 .ARM.attributes
                0x0000000000000ba3       0x34 /usr/lib/gcc/arm-none-eabi/9.2.1/../../../arm-none-eabi/lib/thumb/v7e-m+fp/hard/libc.a(lib_a-fflush.o)
 .ARM.attributes
                0x0000000000000bd7       0x34 /usr/lib/gcc/arm-none-eabi/9.2.1/../../../arm-none-eabi/lib/thumb/v7e-m+fp/hard/libc.a(lib_a-findfp.o)
 .ARM.attributes
                0x0000000000000c0b       0x34 /usr/lib/gcc/arm-none-eabi/9.2.1/../../../arm-none-eabi/lib/thumb/v7e-m+fp/hard/libc.a(lib_a-fputwc.o)
 .ARM.attributes
                0x0000000000000c3f       0x34 /usr/lib/gcc/arm-none-eabi/9.2.1/../../../arm-none-eabi/lib/thumb/v7e-m+fp/hard/libc.a(lib_a-fvwrite.o)
 .ARM.attributes
                0x0000000000000c73       0x34 /usr/lib/gcc/arm-none-eabi/9.2.1/../../../arm-none-eabi/lib/thumb/v7e-m+fp/hard/libc.a(lib_a-fwalk.o)
 .ARM.attributes
                0x0000000000000ca7       0x34 /usr/lib/gcc/arm-none-eabi/9.2.1/../../../arm-none-eabi/lib/thumb/v7e-m+fp/hard/libc.a(lib_a-makebuf.o)
 .ARM.attributes
                0x0000000000000cdb       0x34 /usr/lib/gcc/arm-none-eabi/9.2.1/../../../arm-none-eabi/lib/thumb/v7e-m+fp/hard/libc.a(lib_a-signal.o)
 .ARM.attributes
                0x0000000000000d0f       0x34 /usr/lib/gcc/arm-none-eabi/9.2.1/../../../arm-none-eabi/lib/thumb/v7e-m+fp/hard/libc.a(lib_a-signalr.o)
 .ARM.attributes
                0x0000000000000d43       0x34 /usr/lib/gcc/arm-none-eabi/9.2.1/../../../arm-none-eabi/lib/thumb/v7e-m+fp/hard/libc.a(lib_a-stdio.o)
 .ARM.attributes
                0x0000000000000d77       0x34 /usr/lib/gcc/arm-none-eabi/9.2.1/../../../arm-none-eabi/lib/thumb/v7e-m+fp/hard/libc.a(lib_a-wbuf.o)
 .ARM.attributes
                0x0000000000000dab       0x34 /usr/lib/gcc/arm-none-eabi/9.2.1/../../../arm-none-eabi/lib/thumb/v7e-m+fp/hard/libc.a(lib_a-wcrtomb.o)
 .ARM.attributes
                0x0000000000000ddf       0x34 /usr/lib/gcc/arm-none-eabi/9.2.1/../../../arm-none-eabi/lib/thumb/v7e-m+fp/hard/libc.a(lib_a-writer.o)
 .ARM.attributes
                0x0000000000000e13       0x34 /usr/lib/gcc/arm-none-eabi/9.2.1/../../../arm-none-eabi/lib/thumb/v7e-m+fp/hard/libc.a(lib_a-closer.o)
 .ARM.attributes
                0x0000000000000e47       0x34 /usr/lib/gcc/arm-none-eabi/9.2.1/../../../arm-none-eabi/lib/thumb/v7e-m+fp/hard/libc.a(lib_a-fclose.o)
 .ARM.attributes
                0x0000000000000e7b       0x34 /usr/lib/gcc/arm-none-eabi/9.2.1/../../../arm-none-eabi/lib/thumb/v7e-m+fp/hard/libc.a(lib_a-fstatr.o)
 .ARM.attributes
                0x0000000000000eaf       0x34 /usr/lib/gcc/arm-none-eabi/9.2.1/../../../arm-none-eabi/lib/thumb/v7e-m+fp/hard/libc.a(lib_a-isattyr.o)
 .ARM.attributes
                0x0000000000000ee3       0x34 /usr/lib/gcc/arm-none-eabi/9.2.1/../../../arm-none-eabi/lib/thumb/v7e-m+fp/hard/libc.a(lib_a-lseekr.o)
 .ARM.attributes
                0x0000000000000f17       0x34 /usr/lib/gcc/arm-none-eabi/9.2.1/../../../arm-none-eabi/lib/thumb/v7e-m+fp/hard/libc.a(lib_a-readr.o)
 .ARM.attributes
                0x0000000000000f4b       0x1e /usr/lib/gcc/arm-none-eabi/9.2.1/thumb/v7e-m+fp/hard/libgcc.a(_arm_addsubdf3.o)
 .ARM.attributes
                0x0000000000000f69       0x1e /usr/lib/gcc/arm-none-eabi/9.2.1/thumb/v7e-m+fp/hard/libgcc.a(_arm_muldivdf3.o)
 .ARM.attributes
                0x0000000000000f87       0x1e /usr/lib/gcc/arm-none-eabi/9.2.1/thumb/v7e-m+fp/hard/libgcc.a(_arm_cmpdf2.o)
 .ARM.attributes
                0x0000000000000fa5       0x1e /usr/lib/gcc/arm-none-eabi/9.2.1/thumb/v7e-m+fp/hard/libgcc.a(_arm_unorddf2.o)
 .ARM.attributes
                0x0000000000000fc3       0x1e /usr/lib/gcc/arm-none-eabi/9.2.1/thumb/v7e-m+fp/hard/libgcc.a(_arm_fixdfsi.o)
 .ARM.attributes
                0x0000000000000fe1       0x1e /usr/lib/gcc/arm-none-eabi/9.2.1/thumb/v7e-m+fp/hard/libgcc.a(_arm_truncdfsf2.o)
 .ARM.attributes
                0x0000000000000fff       0x1e /usr/lib/gcc/arm-none-eabi/9.2.1/thumb/v7e-m+fp/hard/libgcc.a(_aeabi_uldivmod.o)
 .ARM.attributes
                0x000000000000101d       0x34 /usr/lib/gcc/arm-none-eabi/9.2.1/thumb/v7e-m+fp/hard/libgcc.a(_udivmoddi4.o)
 .ARM.attributes
                0x0000000000001051       0x1e /usr/lib/gcc/arm-none-eabi/9.2.1/thumb/v7e-m+fp/hard/libgcc.a(_dvmd_tls.o)
 .ARM.attributes
                0x000000000000106f       0x34 /usr/lib/gcc/arm-none-eabi/9.2.1/../../../arm-none-eabi/lib/thumb/v7e-m+fp/hard/libnosys.a(close.o)
 .ARM.attributes
                0x00000000000010a3       0x34 /usr/lib/gcc/arm-none-eabi/9.2.1/../../../arm-none-eabi/lib/thumb/v7e-m+fp/hard/libnosys.a(fstat.o)
 .ARM.attributes
                0x00000000000010d7       0x34 /usr/lib/gcc/arm-none-eabi/9.2.1/../../../arm-none-eabi/lib/thumb/v7e-m+fp/hard/libnosys.a(getpid.o)
 .ARM.attributes
                0x000000000000110b       0x34 /usr/lib/gcc/arm-none-eabi/9.2.1/../../../arm-none-eabi/lib/thumb/v7e-m+fp/hard/libnosys.a(isatty.o)
 .ARM.attributes
                0x000000000000113f       0x34 /usr/lib/gcc/arm-none-eabi/9.2.1/../../../arm-none-eabi/lib/thumb/v7e-m+fp/hard/libnosys.a(kill.o)
 .ARM.attributes
                0x0000000000001173       0x34 /usr/lib/gcc/arm-none-eabi/9.2.1/../../../arm-none-eabi/lib/thumb/v7e-m+fp/hard/libnosys.a(lseek.o)
 .ARM.attributes
                0x00000000000011a7       0x34 /usr/lib/gcc/arm-none-eabi/9.2.1/../../../arm-none-eabi/lib/thumb/v7e-m+fp/hard/libnosys.a(read.o)
 .ARM.attributes
                0x00000000000011db       0x34 /usr/lib/gcc/arm-none-eabi/9.2.1/../../../arm-none-eabi/lib/thumb/v7e-m+fp/hard/libnosys.a(sbrk.o)
 .ARM.attributes
                0x000000000000120f       0x34 /usr/lib/gcc/arm-none-eabi/9.2.1/../../../arm-none-eabi/lib/thumb/v7e-m+fp/hard/libnosys.a(write.o)
 .ARM.attributes
                0x0000000000001243       0x34 /usr/lib/gcc/arm-none-eabi/9.2.1/../../../arm-none-eabi/lib/thumb/v7e-m+fp/hard/libnosys.a(_exit.o)
 .ARM.attributes
                0x0000000000001277       0x32 /usr/lib/gcc/arm-none-eabi/9.2.1/thumb/v7e-m+fp/hard/crtend.o
 .ARM.attributes
                0x00000000000012a9       0x1e /usr/lib/gcc/arm-none-eabi/9.2.1/thumb/v7e-m+fp/hard/crtn.o
OUTPUT(build/RadioSensor411.elf elf32-littlearm)
LOAD linker stubs
LOAD /usr/lib/gcc/arm-none-eabi/9.2.1/../../../arm-none-eabi/lib/thumb/v7e-m+fp/hard/libc.a
LOAD /usr/lib/gcc/arm-none-eabi/9.2.1/../../../arm-none-eabi/lib/thumb/v7e-m+fp/hard/libm.a
LOAD /usr/lib/gcc/arm-none-eabi/9.2.1/thumb/v7e-m+fp/hard/libgcc.a

.comment        0x0000000000000000       0xa7
 .comment       0x0000000000000000       0x59 /usr/lib/gcc/arm-none-eabi/9.2.1/thumb/v7e-m+fp/hard/crtbegin.o
                                         0x5a (size before relaxing)
 .comment       0x0000000000000059       0x5a build/main.o
 .comment       0x0000000000000059       0x5a build/oled.o
 .comment       0x0000000000000059       0x5a build/fonts.o
 .comment       0x0000000000000059       0x5a build/stm32f4xx_hal_msp.o
 .comment       0x0000000000000059       0x5a build/stm32f4xx_it.o
 .comment       0x0000000000000059       0x5a build/system_stm32f4xx.o
 .comment       0x0000000000000059       0x5a build/stm32f4xx_hal.o
 .comment       0x0000000000000059       0x5a build/stm32f4xx_hal_adc.o
 .comment       0x0000000000000059       0x5a build/stm32f4xx_hal_cortex.o
 .comment       0x0000000000000059       0x5a build/stm32f4xx_hal_gpio.o
 .comment       0x0000000000000059       0x5a build/stm32f4xx_hal_i2c.o
 .comment       0x0000000000000059       0x5a build/stm32f4xx_hal_i2s.o
 .comment       0x0000000000000059       0x5a build/stm32f4xx_hal_i2s_ex.o
 .comment       0x0000000000000059       0x5a build/stm32f4xx_hal_pcd.o
 .comment       0x0000000000000059       0x5a build/stm32f4xx_hal_rcc.o
 .comment       0x0000000000000059       0x5a build/stm32f4xx_hal_rcc_ex.o
 .comment       0x0000000000000059       0x5a build/stm32f4xx_hal_sd.o
 .comment       0x0000000000000059       0x5a build/stm32f4xx_hal_spi.o
 .comment       0x0000000000000059       0x5a build/stm32f4xx_hal_tim.o
 .comment       0x0000000000000059       0x5a build/stm32f4xx_hal_tim_ex.o
 .comment       0x0000000000000059       0x5a build/stm32f4xx_hal_uart.o
 .comment       0x0000000000000059       0x5a build/stm32f4xx_ll_sdmmc.o
 .comment       0x0000000000000059       0x5a build/stm32f4xx_ll_usb.o
 .comment       0x0000000000000059       0x4e /usr/lib/gcc/arm-none-eabi/9.2.1/../../../arm-none-eabi/lib/thumb/v7e-m+fp/hard/libc.a(lib_a-atexit.o)
                                         0x4f (size before relaxing)
 .comment       0x00000000000000a7       0x4f /usr/lib/gcc/arm-none-eabi/9.2.1/../../../arm-none-eabi/lib/thumb/v7e-m+fp/hard/libc.a(lib_a-fini.o)
 .comment       0x00000000000000a7       0x4f /usr/lib/gcc/arm-none-eabi/9.2.1/../../../arm-none-eabi/lib/thumb/v7e-m+fp/hard/libc.a(lib_a-impure.o)
 .comment       0x00000000000000a7       0x4f /usr/lib/gcc/arm-none-eabi/9.2.1/../../../arm-none-eabi/lib/thumb/v7e-m+fp/hard/libc.a(lib_a-init.o)
 .comment       0x00000000000000a7       0x4f /usr/lib/gcc/arm-none-eabi/9.2.1/../../../arm-none-eabi/lib/thumb/v7e-m+fp/hard/libc.a(lib_a-memset.o)
 .comment       0x00000000000000a7       0x4f /usr/lib/gcc/arm-none-eabi/9.2.1/../../../arm-none-eabi/lib/thumb/v7e-m+fp/hard/libc.a(lib_a-sprintf.o)
 .comment       0x00000000000000a7       0x4f /usr/lib/gcc/arm-none-eabi/9.2.1/../../../arm-none-eabi/lib/thumb/v7e-m+fp/hard/libc.a(lib_a-svfprintf.o)
 .comment       0x00000000000000a7       0x4f /usr/lib/gcc/arm-none-eabi/9.2.1/../../../arm-none-eabi/lib/thumb/v7e-m+fp/hard/libc.a(lib_a-__atexit.o)
 .comment       0x00000000000000a7       0x4f /usr/lib/gcc/arm-none-eabi/9.2.1/../../../arm-none-eabi/lib/thumb/v7e-m+fp/hard/libc.a(lib_a-__call_atexit.o)
 .comment       0x00000000000000a7       0x4f /usr/lib/gcc/arm-none-eabi/9.2.1/../../../arm-none-eabi/lib/thumb/v7e-m+fp/hard/libc.a(lib_a-ctype_.o)
 .comment       0x00000000000000a7       0x4f /usr/lib/gcc/arm-none-eabi/9.2.1/../../../arm-none-eabi/lib/thumb/v7e-m+fp/hard/libc.a(lib_a-dtoa.o)
 .comment       0x00000000000000a7       0x4f /usr/lib/gcc/arm-none-eabi/9.2.1/../../../arm-none-eabi/lib/thumb/v7e-m+fp/hard/libc.a(lib_a-localeconv.o)
 .comment       0x00000000000000a7       0x4f /usr/lib/gcc/arm-none-eabi/9.2.1/../../../arm-none-eabi/lib/thumb/v7e-m+fp/hard/libc.a(lib_a-mallocr.o)
 .comment       0x00000000000000a7       0x4f /usr/lib/gcc/arm-none-eabi/9.2.1/../../../arm-none-eabi/lib/thumb/v7e-m+fp/hard/libc.a(lib_a-mlock.o)
 .comment       0x00000000000000a7       0x4f /usr/lib/gcc/arm-none-eabi/9.2.1/../../../arm-none-eabi/lib/thumb/v7e-m+fp/hard/libc.a(lib_a-mprec.o)
 .comment       0x00000000000000a7       0x4f /usr/lib/gcc/arm-none-eabi/9.2.1/../../../arm-none-eabi/lib/thumb/v7e-m+fp/hard/libc.a(lib_a-sbrkr.o)
 .comment       0x00000000000000a7       0x4f /usr/lib/gcc/arm-none-eabi/9.2.1/../../../arm-none-eabi/lib/thumb/v7e-m+fp/hard/libc.a(lib_a-svfiprintf.o)
 .comment       0x00000000000000a7       0x4f /usr/lib/gcc/arm-none-eabi/9.2.1/../../../arm-none-eabi/lib/thumb/v7e-m+fp/hard/libc.a(lib_a-assert.o)
 .comment       0x00000000000000a7       0x4f /usr/lib/gcc/arm-none-eabi/9.2.1/../../../arm-none-eabi/lib/thumb/v7e-m+fp/hard/libc.a(lib_a-callocr.o)
 .comment       0x00000000000000a7       0x4f /usr/lib/gcc/arm-none-eabi/9.2.1/../../../arm-none-eabi/lib/thumb/v7e-m+fp/hard/libc.a(lib_a-fiprintf.o)
 .comment       0x00000000000000a7       0x4f /usr/lib/gcc/arm-none-eabi/9.2.1/../../../arm-none-eabi/lib/thumb/v7e-m+fp/hard/libc.a(lib_a-freer.o)
 .comment       0x00000000000000a7       0x4f /usr/lib/gcc/arm-none-eabi/9.2.1/../../../arm-none-eabi/lib/thumb/v7e-m+fp/hard/libc.a(lib_a-locale.o)
 .comment       0x00000000000000a7       0x4f /usr/lib/gcc/arm-none-eabi/9.2.1/../../../arm-none-eabi/lib/thumb/v7e-m+fp/hard/libc.a(lib_a-mbtowc_r.o)
 .comment       0x00000000000000a7       0x4f /usr/lib/gcc/arm-none-eabi/9.2.1/../../../arm-none-eabi/lib/thumb/v7e-m+fp/hard/libc.a(lib_a-memmove.o)
 .comment       0x00000000000000a7       0x4f /usr/lib/gcc/arm-none-eabi/9.2.1/../../../arm-none-eabi/lib/thumb/v7e-m+fp/hard/libc.a(lib_a-reallocr.o)
 .comment       0x00000000000000a7       0x4f /usr/lib/gcc/arm-none-eabi/9.2.1/../../../arm-none-eabi/lib/thumb/v7e-m+fp/hard/libc.a(lib_a-reent.o)
 .comment       0x00000000000000a7       0x4f /usr/lib/gcc/arm-none-eabi/9.2.1/../../../arm-none-eabi/lib/thumb/v7e-m+fp/hard/libc.a(lib_a-vfiprintf.o)
 .comment       0x00000000000000a7       0x4f /usr/lib/gcc/arm-none-eabi/9.2.1/../../../arm-none-eabi/lib/thumb/v7e-m+fp/hard/libc.a(lib_a-wctomb_r.o)
 .comment       0x00000000000000a7       0x4f /usr/lib/gcc/arm-none-eabi/9.2.1/../../../arm-none-eabi/lib/thumb/v7e-m+fp/hard/libc.a(lib_a-wsetup.o)
 .comment       0x00000000000000a7       0x4f /usr/lib/gcc/arm-none-eabi/9.2.1/../../../arm-none-eabi/lib/thumb/v7e-m+fp/hard/libc.a(lib_a-abort.o)
 .comment       0x00000000000000a7       0x4f /usr/lib/gcc/arm-none-eabi/9.2.1/../../../arm-none-eabi/lib/thumb/v7e-m+fp/hard/libc.a(lib_a-fflush.o)
 .comment       0x00000000000000a7       0x4f /usr/lib/gcc/arm-none-eabi/9.2.1/../../../arm-none-eabi/lib/thumb/v7e-m+fp/hard/libc.a(lib_a-findfp.o)
 .comment       0x00000000000000a7       0x4f /usr/lib/gcc/arm-none-eabi/9.2.1/../../../arm-none-eabi/lib/thumb/v7e-m+fp/hard/libc.a(lib_a-fputwc.o)
 .comment       0x00000000000000a7       0x4f /usr/lib/gcc/arm-none-eabi/9.2.1/../../../arm-none-eabi/lib/thumb/v7e-m+fp/hard/libc.a(lib_a-fvwrite.o)
 .comment       0x00000000000000a7       0x4f /usr/lib/gcc/arm-none-eabi/9.2.1/../../../arm-none-eabi/lib/thumb/v7e-m+fp/hard/libc.a(lib_a-fwalk.o)
 .comment       0x00000000000000a7       0x4f /usr/lib/gcc/arm-none-eabi/9.2.1/../../../arm-none-eabi/lib/thumb/v7e-m+fp/hard/libc.a(lib_a-makebuf.o)
 .comment       0x00000000000000a7       0x4f /usr/lib/gcc/arm-none-eabi/9.2.1/../../../arm-none-eabi/lib/thumb/v7e-m+fp/hard/libc.a(lib_a-signal.o)
 .comment       0x00000000000000a7       0x4f /usr/lib/gcc/arm-none-eabi/9.2.1/../../../arm-none-eabi/lib/thumb/v7e-m+fp/hard/libc.a(lib_a-signalr.o)