Archive member included to satisfy reference by file (symbol)

/usr/lib/gcc/arm-none-eabi/9.2.1/../../../arm-none-eabi/lib/thumb/v7e-m+fp/hard/libc.a(lib_a-atexit.o)
                              /usr/lib/gcc/arm-none-eabi/9.2.1/../../../arm-none-eabi/lib/thumb/v7e-m+fp/hard/crt0.o (atexit)
/usr/lib/gcc/arm-none-eabi/9.2.1/../../../arm-none-eabi/lib/thumb/v7e-m+fp/hard/libc.a(lib_a-atoi.o)
                              build/menu.o (atoi)
/usr/lib/gcc/arm-none-eabi/9.2.1/../../../arm-none-eabi/lib/thumb/v7e-m+fp/hard/libc.a(lib_a-exit.o)
                              /usr/lib/gcc/arm-none-eabi/9.2.1/../../../arm-none-eabi/lib/thumb/v7e-m+fp/hard/crt0.o (exit)
/usr/lib/gcc/arm-none-eabi/9.2.1/../../../arm-none-eabi/lib/thumb/v7e-m+fp/hard/libc.a(lib_a-fini.o)
                              /usr/lib/gcc/arm-none-eabi/9.2.1/../../../arm-none-eabi/lib/thumb/v7e-m+fp/hard/crt0.o (__libc_fini_array)
/usr/lib/gcc/arm-none-eabi/9.2.1/../../../arm-none-eabi/lib/thumb/v7e-m+fp/hard/libc.a(lib_a-impure.o)
                              /usr/lib/gcc/arm-none-eabi/9.2.1/../../../arm-none-eabi/lib/thumb/v7e-m+fp/hard/libc.a(lib_a-exit.o) (_global_impure_ptr)
/usr/lib/gcc/arm-none-eabi/9.2.1/../../../arm-none-eabi/lib/thumb/v7e-m+fp/hard/libc.a(lib_a-init.o)
                              /usr/lib/gcc/arm-none-eabi/9.2.1/../../../arm-none-eabi/lib/thumb/v7e-m+fp/hard/crt0.o (__libc_init_array)
/usr/lib/gcc/arm-none-eabi/9.2.1/../../../arm-none-eabi/lib/thumb/v7e-m+fp/hard/libc.a(lib_a-memset.o)
                              /usr/lib/gcc/arm-none-eabi/9.2.1/../../../arm-none-eabi/lib/thumb/v7e-m+fp/hard/crt0.o (memset)
/usr/lib/gcc/arm-none-eabi/9.2.1/../../../arm-none-eabi/lib/thumb/v7e-m+fp/hard/libc.a(lib_a-sprintf.o)
                              build/menu.o (sprintf)
/usr/lib/gcc/arm-none-eabi/9.2.1/../../../arm-none-eabi/lib/thumb/v7e-m+fp/hard/libc.a(lib_a-strlen.o)
                              build/fonts.o (strlen)
/usr/lib/gcc/arm-none-eabi/9.2.1/../../../arm-none-eabi/lib/thumb/v7e-m+fp/hard/libc.a(lib_a-strtol.o)
                              /usr/lib/gcc/arm-none-eabi/9.2.1/../../../arm-none-eabi/lib/thumb/v7e-m+fp/hard/libc.a(lib_a-atoi.o) (_strtol_r)
/usr/lib/gcc/arm-none-eabi/9.2.1/../../../arm-none-eabi/lib/thumb/v7e-m+fp/hard/libc.a(lib_a-svfprintf.o)
                              /usr/lib/gcc/arm-none-eabi/9.2.1/../../../arm-none-eabi/lib/thumb/v7e-m+fp/hard/libc.a(lib_a-sprintf.o) (_svfprintf_r)
/usr/lib/gcc/arm-none-eabi/9.2.1/../../../arm-none-eabi/lib/thumb/v7e-m+fp/hard/libc.a(lib_a-__atexit.o)
                              /usr/lib/gcc/arm-none-eabi/9.2.1/../../../arm-none-eabi/lib/thumb/v7e-m+fp/hard/libc.a(lib_a-atexit.o) (__register_exitproc)
/usr/lib/gcc/arm-none-eabi/9.2.1/../../../arm-none-eabi/lib/thumb/v7e-m+fp/hard/libc.a(lib_a-__call_atexit.o)
                              /usr/lib/gcc/arm-none-eabi/9.2.1/../../../arm-none-eabi/lib/thumb/v7e-m+fp/hard/libc.a(lib_a-exit.o) (__call_exitprocs)
/usr/lib/gcc/arm-none-eabi/9.2.1/../../../arm-none-eabi/lib/thumb/v7e-m+fp/hard/libc.a(lib_a-ctype_.o)
                              /usr/lib/gcc/arm-none-eabi/9.2.1/../../../arm-none-eabi/lib/thumb/v7e-m+fp/hard/libc.a(lib_a-strtol.o) (_ctype_)
/usr/lib/gcc/arm-none-eabi/9.2.1/../../../arm-none-eabi/lib/thumb/v7e-m+fp/hard/libc.a(lib_a-dtoa.o)
                              /usr/lib/gcc/arm-none-eabi/9.2.1/../../../arm-none-eabi/lib/thumb/v7e-m+fp/hard/libc.a(lib_a-svfprintf.o) (_dtoa_r)
/usr/lib/gcc/arm-none-eabi/9.2.1/../../../arm-none-eabi/lib/thumb/v7e-m+fp/hard/libc.a(lib_a-errno.o)
                              /usr/lib/gcc/arm-none-eabi/9.2.1/../../../arm-none-eabi/lib/thumb/v7e-m+fp/hard/libc.a(lib_a-strtol.o) (__errno)
/usr/lib/gcc/arm-none-eabi/9.2.1/../../../arm-none-eabi/lib/thumb/v7e-m+fp/hard/libc.a(lib_a-localeconv.o)
                              /usr/lib/gcc/arm-none-eabi/9.2.1/../../../arm-none-eabi/lib/thumb/v7e-m+fp/hard/libc.a(lib_a-svfprintf.o) (_localeconv_r)
/usr/lib/gcc/arm-none-eabi/9.2.1/../../../arm-none-eabi/lib/thumb/v7e-m+fp/hard/libc.a(lib_a-mallocr.o)
                              /usr/lib/gcc/arm-none-eabi/9.2.1/../../../arm-none-eabi/lib/thumb/v7e-m+fp/hard/libc.a(lib_a-svfprintf.o) (_malloc_r)
/usr/lib/gcc/arm-none-eabi/9.2.1/../../../arm-none-eabi/lib/thumb/v7e-m+fp/hard/libc.a(lib_a-memchr.o)
                              /usr/lib/gcc/arm-none-eabi/9.2.1/../../../arm-none-eabi/lib/thumb/v7e-m+fp/hard/libc.a(lib_a-svfprintf.o) (memchr)
/usr/lib/gcc/arm-none-eabi/9.2.1/../../../arm-none-eabi/lib/thumb/v7e-m+fp/hard/libc.a(lib_a-memcpy.o)
                              /usr/lib/gcc/arm-none-eabi/9.2.1/../../../arm-none-eabi/lib/thumb/v7e-m+fp/hard/libc.a(lib_a-dtoa.o) (memcpy)
/usr/lib/gcc/arm-none-eabi/9.2.1/../../../arm-none-eabi/lib/thumb/v7e-m+fp/hard/libc.a(lib_a-mlock.o)
                              /usr/lib/gcc/arm-none-eabi/9.2.1/../../../arm-none-eabi/lib/thumb/v7e-m+fp/hard/libc.a(lib_a-mallocr.o) (__malloc_lock)
[...]
Memory Configuration

Name             Origin             Length             Attributes
RAM              0x0000000020000000 0x0000000000020000 xrw
FLASH            0x0000000008000000 0x0000000000080000 xr
*default*        0x0000000000000000 0xffffffffffffffff

Linker script and memory map

LOAD /usr/lib/gcc/arm-none-eabi/9.2.1/thumb/v7e-m+fp/hard/crti.o
LOAD /usr/lib/gcc/arm-none-eabi/9.2.1/thumb/v7e-m+fp/hard/crtbegin.o
LOAD /usr/lib/gcc/arm-none-eabi/9.2.1/../../../arm-none-eabi/lib/thumb/v7e-m+fp/hard/crt0.o
LOAD build/adc.o
LOAD build/i2c.o
LOAD build/keyboard.o
LOAD build/main.o
LOAD build/menu.o
LOAD build/oled.o
LOAD build/fonts.o
LOAD build/stm32f4xx_hal_msp.o
LOAD build/stm32f4xx_it.o
LOAD build/system_stm32f4xx.o
LOAD build/stm32f4xx_hal.o
LOAD build/stm32f4xx_hal_adc.o
LOAD build/stm32f4xx_hal_adc_ex.o
LOAD build/stm32f4xx_hal_cortex.o
LOAD build/stm32f4xx_hal_dma.o
LOAD build/stm32f4xx_hal_dma_ex.o
LOAD build/stm32f4xx_hal_exti.o
LOAD build/stm32f4xx_hal_flash.o
LOAD build/stm32f4xx_hal_flash_ex.o
LOAD build/stm32f4xx_hal_flash_ramfunc.o
LOAD build/stm32f4xx_hal_gpio.o
LOAD build/stm32f4xx_hal_i2c.o
LOAD build/stm32f4xx_hal_i2c_ex.o
LOAD build/stm32f4xx_hal_i2s.o
LOAD build/stm32f4xx_hal_i2s_ex.o
LOAD build/stm32f4xx_hal_pcd.o
LOAD build/stm32f4xx_hal_pcd_ex.o
LOAD build/stm32f4xx_hal_pwr.o
LOAD build/stm32f4xx_hal_pwr_ex.o
LOAD build/stm32f4xx_hal_rcc.o
LOAD build/stm32f4xx_hal_rcc_ex.o
LOAD build/stm32f4xx_hal_sd.o
LOAD build/stm32f4xx_hal_spi.o
LOAD build/stm32f4xx_hal_tim.o
LOAD build/stm32f4xx_hal_tim_ex.o
LOAD build/stm32f4xx_hal_uart.o
LOAD build/stm32f4xx_ll_sdmmc.o
LOAD build/stm32f4xx_ll_usb.o
LOAD build/startup_stm32f411xe.o
LOAD /usr/lib/gcc/arm-none-eabi/9.2.1/../../../arm-none-eabi/lib/thumb/v7e-m+fp/hard/libnosys.a
LOAD /usr/lib/gcc/arm-none-eabi/9.2.1/../../../arm-none-eabi/lib/thumb/v7e-m+fp/hard/libstdc++.a
LOAD /usr/lib/gcc/arm-none-eabi/9.2.1/../../../arm-none-eabi/lib/thumb/v7e-m+fp/hard/libm.a
LOAD /usr/lib/gcc/arm-none-eabi/9.2.1/../../../arm-none-eabi/lib/thumb/v7e-m+fp/hard/libc.a
START GROUP
LOAD /usr/lib/gcc/arm-none-eabi/9.2.1/thumb/v7e-m+fp/hard/libgcc.a
LOAD /usr/lib/gcc/arm-none-eabi/9.2.1/../../../arm-none-eabi/lib/thumb/v7e-m+fp/hard/libc.a
END GROUP
START GROUP
LOAD /usr/lib/gcc/arm-none-eabi/9.2.1/thumb/v7e-m+fp/hard/libgcc.a
LOAD /usr/lib/gcc/arm-none-eabi/9.2.1/../../../arm-none-eabi/lib/thumb/v7e-m+fp/hard/libc.a
LOAD /usr/lib/gcc/arm-none-eabi/9.2.1/../../../arm-none-eabi/lib/thumb/v7e-m+fp/hard/libnosys.a
END GROUP
LOAD /usr/lib/gcc/arm-none-eabi/9.2.1/thumb/v7e-m+fp/hard/crtend.o
LOAD /usr/lib/gcc/arm-none-eabi/9.2.1/thumb/v7e-m+fp/hard/crtn.o
                0x0000000020020000                _estack = 0x20020000
                0x0000000000000200                _Min_Heap_Size = 0x200
                0x0000000000000400                _Min_Stack_Size = 0x400

.isr_vector     0x0000000008000000      0x198
                0x0000000008000000                . = ALIGN (0x4)
 *(.isr_vector)
 .isr_vector    0x0000000008000000      0x198 build/startup_stm32f411xe.o
                0x0000000008000000                g_pfnVectors
                0x0000000008000198                . = ALIGN (0x4)

.text           0x00000000080001c0     0xd0f0
                0x00000000080001c0                . = ALIGN (0x4)
 *(.text)
 .text          0x00000000080001c0       0x88 /usr/lib/gcc/arm-none-eabi/9.2.1/thumb/v7e-m+fp/hard/crtbegin.o
 .text          0x0000000008000248        0xc /usr/lib/gcc/arm-none-eabi/9.2.1/../../../arm-none-eabi/lib/thumb/v7e-m+fp/hard/libc.a(lib_a-atexit.o)
                0x0000000008000248                atexit
 .text          0x0000000008000254       0x10 /usr/lib/gcc/arm-none-eabi/9.2.1/../../../arm-none-eabi/lib/thumb/v7e-m+fp/hard/libc.a(lib_a-atoi.o)
                0x0000000008000254                atoi
                0x000000000800025c                _atoi_r
 .text          0x0000000008000264       0x34 /usr/lib/gcc/arm-none-eabi/9.2.1/../../../arm-none-eabi/lib/thumb/v7e-m+fp/hard/libc.a(lib_a-fini.o)
                0x0000000008000264                __libc_fini_array
 .text          0x0000000008000298       0x48 /usr/lib/gcc/arm-none-eabi/9.2.1/../../../arm-none-eabi/lib/thumb/v7e-m+fp/hard/libc.a(lib_a-init.o)
                0x0000000008000298                __libc_init_array
 .text          0x00000000080002e0       0xa0 /usr/lib/gcc/arm-none-eabi/9.2.1/../../../arm-none-eabi/lib/thumb/v7e-m+fp/hard/libc.a(lib_a-memset.o)
                0x00000000080002e0                memset
 .text          0x0000000008000380       0x80 /usr/lib/gcc/arm-none-eabi/9.2.1/../../../arm-none-eabi/lib/thumb/v7e-m+fp/hard/libc.a(lib_a-sprintf.o)
                0x0000000008000380                _sprintf_r
                0x00000000080003bc                sprintf
 .text          0x0000000008000400       0xdc /usr/lib/gcc/arm-none-eabi/9.2.1/../../../arm-none-eabi/lib/thumb/v7e-m+fp/hard/libc.a(lib_a-strlen.o)
                0x0000000008000400                strlen
 .text          0x00000000080004dc      0x168 /usr/lib/gcc/arm-none-eabi/9.2.1/../../../arm-none-eabi/lib/thumb/v7e-m+fp/hard/libc.a(lib_a-strtol.o)
                0x0000000008000610                _strtol_r
                0x0000000008000614                strtol_l
                0x000000000800062c                strtol
 *fill*         0x0000000008000644        0x4 
 .text          0x0000000008000648     0x1498 /usr/lib/gcc/arm-none-eabi/9.2.1/../../../arm-none-eabi/lib/thumb/v7e-m+fp/hard/libc.a(lib_a-svfprintf.o)
                0x0000000008000648                _svfprintf_r
 .text          0x0000000008001ae0       0x68 /usr/lib/gcc/arm-none-eabi/9.2.1/../../../arm-none-eabi/lib/thumb/v7e-m+fp/hard/libc.a(lib_a-__atexit.o)
                0x0000000008001ae0                __register_exitproc
 .text          0x0000000008001b48      0xfc0 /usr/lib/gcc/arm-none-eabi/9.2.1/../../../arm-none-eabi/lib/thumb/v7e-m+fp/hard/libc.a(lib_a-dtoa.o)
                0x0000000008001c6c                _dtoa_r
 .text          0x0000000008002b08        0xc /usr/lib/gcc/arm-none-eabi/9.2.1/../../../arm-none-eabi/lib/thumb/v7e-m+fp/hard/libc.a(lib_a-errno.o)
                0x0000000008002b08                __errno
 .text          0x0000000008002b14       0x14 /usr/lib/gcc/arm-none-eabi/9.2.1/../../../arm-none-eabi/lib/thumb/v7e-m+fp/hard/libc.a(lib_a-localeconv.o)
                0x0000000008002b14                __localeconv_l
                0x0000000008002b18                _localeconv_r
                0x0000000008002b20                localeconv
 .text          0x0000000008002b28      0x564 /usr/lib/gcc/arm-none-eabi/9.2.1/../../../arm-none-eabi/lib/thumb/v7e-m+fp/hard/libc.a(lib_a-mallocr.o)
                0x0000000008002b28                _malloc_r
 *fill*         0x000000000800308c        0x4 
 .text          0x0000000008003090       0xa0 /usr/lib/gcc/arm-none-eabi/9.2.1/../../../arm-none-eabi/lib/thumb/v7e-m+fp/hard/libc.a(lib_a-memchr.o)
                0x0000000008003090                memchr
 .text          0x0000000008003130      0x134 /usr/lib/gcc/arm-none-eabi/9.2.1/../../../arm-none-eabi/lib/thumb/v7e-m+fp/hard/libc.a(lib_a-memcpy.o)
                0x0000000008003130                memcpy
 .text          0x0000000008003264        0x8 /usr/lib/gcc/arm-none-eabi/9.2.1/../../../arm-none-eabi/lib/thumb/v7e-m+fp/hard/libc.a(lib_a-mlock.o)
                0x0000000008003264                __malloc_lock
                0x0000000008003268                __malloc_unlock
 .text          0x000000000800326c      0x9a8 /usr/lib/gcc/arm-none-eabi/9.2.1/../../../arm-none-eabi/lib/thumb/v7e-m+fp/hard/libc.a(lib_a-mprec.o)
                0x000000000800326c                _Balloc
                0x00000000080032b8                _Bfree
                0x00000000080032cc                __multadd
                0x0000000008003370                __s2b
                0x000000000800341c                __hi0bits
                0x000000000800345c                __lo0bits
                0x00000000080034bc                __i2b
                0x00000000080034e8                __multiply
                0x0000000008003634                __pow5mult
                0x00000000080036cc                __lshift
                0x0000000008003798                __mcmp
                0x00000000080037d0                __mdiff
                0x00000000080038f8                __ulp
                0x0000000008003948                __b2d
                0x0000000008003a00                __d2b
                0x0000000008003ad4                __ratio
                0x0000000008003b34                _mprec_log10
                0x0000000008003b74                __copybits
                0x0000000008003bbc                __any_on
 .text          0x0000000008003c14       0x24 /usr/lib/gcc/arm-none-eabi/9.2.1/../../../arm-none-eabi/lib/thumb/v7e-m+fp/hard/libc.a(lib_a-sbrkr.o)
                0x0000000008003c14                _sbrk_r
 .text          0x0000000008003c38      0xb64 /usr/lib/gcc/arm-none-eabi/9.2.1/../../../arm-none-eabi/lib/thumb/v7e-m+fp/hard/libc.a(lib_a-svfiprintf.o)
                0x0000000008003c38                __ssprint_r
                0x0000000008003d30                _svfiprintf_r
 .text          0x000000000800479c       0x48 /usr/lib/gcc/arm-none-eabi/9.2.1/../../../arm-none-eabi/lib/thumb/v7e-m+fp/hard/libc.a(lib_a-assert.o)
                0x000000000800479c                __assert_func
                0x00000000080047d8                __assert
 .text          0x00000000080047e4       0x60 /usr/lib/gcc/arm-none-eabi/9.2.1/../../../arm-none-eabi/lib/thumb/v7e-m+fp/hard/libc.a(lib_a-callocr.o)
                0x00000000080047e4                _calloc_r
 .text          0x0000000008004844       0x44 /usr/lib/gcc/arm-none-eabi/9.2.1/../../../arm-none-eabi/lib/thumb/v7e-m+fp/hard/libc.a(lib_a-fiprintf.o)
                0x0000000008004844                _fiprintf_r
                0x0000000008004860                fiprintf
 .text          0x0000000008004888      0x294 /usr/lib/gcc/arm-none-eabi/9.2.1/../../../arm-none-eabi/lib/thumb/v7e-m+fp/hard/libc.a(lib_a-freer.o)
                0x0000000008004888                _malloc_trim_r
                0x0000000008004928                _free_r
 .text          0x0000000008004b1c       0x5c /usr/lib/gcc/arm-none-eabi/9.2.1/../../../arm-none-eabi/lib/thumb/v7e-m+fp/hard/libc.a(lib_a-locale.o)
                0x0000000008004b1c                _setlocale_r
                0x0000000008004b5c                __locale_mb_cur_max
                0x0000000008004b68                setlocale
 .text          0x0000000008004b78       0x40 /usr/lib/gcc/arm-none-eabi/9.2.1/../../../arm-none-eabi/lib/thumb/v7e-m+fp/hard/libc.a(lib_a-mbtowc_r.o)
                0x0000000008004b78                _mbtowc_r
                0x0000000008004b8c                __ascii_mbtowc
 .text          0x0000000008004bb8       0xd0 /usr/lib/gcc/arm-none-eabi/9.2.1/../../../arm-none-eabi/lib/thumb/v7e-m+fp/hard/libc.a(lib_a-memmove.o)
                0x0000000008004bb8                memmove
 .text          0x0000000008004c88      0x36c /usr/lib/gcc/arm-none-eabi/9.2.1/../../../arm-none-eabi/lib/thumb/v7e-m+fp/hard/libc.a(lib_a-reallocr.o)
                0x0000000008004c88                _realloc_r
 *fill*         0x0000000008004ff4        0xc 
 .text          0x0000000008005000      0x2dc /usr/lib/gcc/arm-none-eabi/9.2.1/../../../arm-none-eabi/lib/thumb/v7e-m+fp/hard/libc.a(lib_a-strcmp.o)
                0x0000000008005008                strcmp
 .text          0x00000000080052dc      0xd00 /usr/lib/gcc/arm-none-eabi/9.2.1/../../../arm-none-eabi/lib/thumb/v7e-m+fp/hard/libc.a(lib_a-vfiprintf.o)
                0x0000000008005354                __sprint_r
                0x0000000008005368                _vfiprintf_r
                0x0000000008005f58                vfiprintf
 .text          0x0000000008005fdc       0x30 /usr/lib/gcc/arm-none-eabi/9.2.1/../../../arm-none-eabi/lib/thumb/v7e-m+fp/hard/libc.a(lib_a-wctomb_r.o)
                0x0000000008005fdc                _wctomb_r
                0x0000000008005ff0                __ascii_wctomb
 .text          0x000000000800600c       0xd0 /usr/lib/gcc/arm-none-eabi/9.2.1/../../../arm-none-eabi/lib/thumb/v7e-m+fp/hard/libc.a(lib_a-wsetup.o)
                0x000000000800600c                __swsetup_r
 .text          0x00000000080060dc       0x10 /usr/lib/gcc/arm-none-eabi/9.2.1/../../../arm-none-eabi/lib/thumb/v7e-m+fp/hard/libc.a(lib_a-abort.o)
                0x00000000080060dc                abort
 .text          0x00000000080060ec      0x1a4 /usr/lib/gcc/arm-none-eabi/9.2.1/../../../arm-none-eabi/lib/thumb/v7e-m+fp/hard/libc.a(lib_a-fflush.o)
                0x00000000080060ec                __sflush_r
                0x0000000008006238                _fflush_r
                0x000000000800626c                fflush
 .text          0x0000000008006290      0x1f4 /usr/lib/gcc/arm-none-eabi/9.2.1/../../../arm-none-eabi/lib/thumb/v7e-m+fp/hard/libc.a(lib_a-findfp.o)
                0x0000000008006294                _cleanup_r
                0x0000000008006378                __sfmoreglue
                0x00000000080063a8                __sfp
                0x0000000008006430                _cleanup
                0x0000000008006444                __sinit
                0x000000000800644c                __sfp_lock_acquire
                0x0000000008006450                __sfp_lock_release
                0x0000000008006454                __sinit_lock_acquire
                0x0000000008006458                __sinit_lock_release
                0x000000000800645c                __fp_lock_all
                0x0000000008006470                __fp_unlock_all
 .text          0x0000000008006484      0x110 /usr/lib/gcc/arm-none-eabi/9.2.1/../../../arm-none-eabi/lib/thumb/v7e-m+fp/hard/libc.a(lib_a-fputwc.o)
                0x0000000008006484                __fputwc
                0x000000000800652c                _fputwc_r
                0x0000000008006554                fputwc
 .text          0x0000000008006594      0x308 /usr/lib/gcc/arm-none-eabi/9.2.1/../../../arm-none-eabi/lib/thumb/v7e-m+fp/hard/libc.a(lib_a-fvwrite.o)
                0x0000000008006594                __sfvwrite_r
 .text          0x000000000800689c       0xa0 /usr/lib/gcc/arm-none-eabi/9.2.1/../../../arm-none-eabi/lib/thumb/v7e-m+fp/hard/libc.a(lib_a-fwalk.o)
                0x000000000800689c                _fwalk
                0x00000000080068e8                _fwalk_reent
 .text          0x000000000800693c       0xf0 /usr/lib/gcc/arm-none-eabi/9.2.1/../../../arm-none-eabi/lib/thumb/v7e-m+fp/hard/libc.a(lib_a-makebuf.o)
                0x000000000800693c                __swhatbuf_r
                0x0000000008006998                __smakebuf_r
 .text          0x0000000008006a2c      0x15c /usr/lib/gcc/arm-none-eabi/9.2.1/../../../arm-none-eabi/lib/thumb/v7e-m+fp/hard/libc.a(lib_a-signal.o)
                0x0000000008006a54                _init_signal_r
                0x0000000008006a60                _signal_r
                0x0000000008006a98                _raise_r
                0x0000000008006af0                __sigtramp_r
                0x0000000008006b44                raise
                0x0000000008006b54                signal
                0x0000000008006b64                _init_signal
                0x0000000008006b78                __sigtramp
 .text          0x0000000008006b88       0x2c /usr/lib/gcc/arm-none-eabi/9.2.1/../../../arm-none-eabi/lib/thumb/v7e-m+fp/hard/libc.a(lib_a-signalr.o)
                0x0000000008006b88                _kill_r
                0x0000000008006bb0                _getpid_r
 .text          0x0000000008006bb4       0x90 /usr/lib/gcc/arm-none-eabi/9.2.1/../../../arm-none-eabi/lib/thumb/v7e-m+fp/hard/libc.a(lib_a-stdio.o)
                0x0000000008006bb4                __sread
                0x0000000008006bd8                __seofread
                0x0000000008006bdc                __swrite
                0x0000000008006c1c                __sseek
                0x0000000008006c3c                __sclose
 .text          0x0000000008006c44       0xc0 /usr/lib/gcc/arm-none-eabi/9.2.1/../../../arm-none-eabi/lib/thumb/v7e-m+fp/hard/libc.a(lib_a-wbuf.o)
                0x0000000008006c44                __swbuf_r
                0x0000000008006cf4                __swbuf
 .text          0x0000000008006d04       0x7c /usr/lib/gcc/arm-none-eabi/9.2.1/../../../arm-none-eabi/lib/thumb/v7e-m+fp/hard/libc.a(lib_a-wcrtomb.o)
                0x0000000008006d04                _wcrtomb_r
                0x0000000008006d38                wcrtomb
 .text          0x0000000008006d80       0x2c /usr/lib/gcc/arm-none-eabi/9.2.1/../../../arm-none-eabi/lib/thumb/v7e-m+fp/hard/libc.a(lib_a-writer.o)
                0x0000000008006d80                _write_r
 .text          0x0000000008006dac       0x24 /usr/lib/gcc/arm-none-eabi/9.2.1/../../../arm-none-eabi/lib/thumb/v7e-m+fp/hard/libc.a(lib_a-closer.o)
                0x0000000008006dac                _close_r
 .text          0x0000000008006dd0       0x98 /usr/lib/gcc/arm-none-eabi/9.2.1/../../../arm-none-eabi/lib/thumb/v7e-m+fp/hard/libc.a(lib_a-fclose.o)
                0x0000000008006dd0                _fclose_r
                0x0000000008006e58                fclose
 .text          0x0000000008006e68       0x28 /usr/lib/gcc/arm-none-eabi/9.2.1/../../../arm-none-eabi/lib/thumb/v7e-m+fp/hard/libc.a(lib_a-fstatr.o)
                0x0000000008006e68                _fstat_r
 .text          0x0000000008006e90       0x24 /usr/lib/gcc/arm-none-eabi/9.2.1/../../../arm-none-eabi/lib/thumb/v7e-m+fp/hard/libc.a(lib_a-isattyr.o)
                0x0000000008006e90                _isatty_r
 .text          0x0000000008006eb4       0x2c /usr/lib/gcc/arm-none-eabi/9.2.1/../../../arm-none-eabi/lib/thumb/v7e-m+fp/hard/libc.a(lib_a-lseekr.o)
                0x0000000008006eb4                _lseek_r
 .text          0x0000000008006ee0       0x2c /usr/lib/gcc/arm-none-eabi/9.2.1/../../../arm-none-eabi/lib/thumb/v7e-m+fp/hard/libc.a(lib_a-readr.o)
                0x0000000008006ee0                _read_r
 .text          0x0000000008006f0c      0x378 /usr/lib/gcc/arm-none-eabi/9.2.1/thumb/v7e-m+fp/hard/libgcc.a(_arm_addsubdf3.o)
                0x0000000008006f0c                __aeabi_drsub
                0x0000000008006f14                __aeabi_dsub
                0x0000000008006f14                __subdf3
                0x0000000008006f18                __adddf3
                0x0000000008006f18                __aeabi_dadd
                0x0000000008007190                __aeabi_ui2d
                0x0000000008007190                __floatunsidf
                0x00000000080071b0                __floatsidf
                0x00000000080071b0                __aeabi_i2d
                0x00000000080071d4                __extendsfdf2
                0x00000000080071d4                __aeabi_f2d
                0x0000000008007218                __aeabi_ul2d
                0x0000000008007218                __floatundidf
                0x0000000008007228                __floatdidf
                0x0000000008007228                __aeabi_l2d
 .text          0x0000000008007284      0x424 /usr/lib/gcc/arm-none-eabi/9.2.1/thumb/v7e-m+fp/hard/libgcc.a(_arm_muldivdf3.o)
                0x0000000008007284                __aeabi_dmul
                0x0000000008007284                __muldf3
                0x00000000080074d8                __aeabi_ddiv
                0x00000000080074d8                __divdf3
 .text          0x00000000080076a8      0x110 /usr/lib/gcc/arm-none-eabi/9.2.1/thumb/v7e-m+fp/hard/libgcc.a(_arm_cmpdf2.o)
                0x00000000080076a8                __gtdf2
                0x00000000080076a8                __gedf2
                0x00000000080076b0                __ltdf2
                0x00000000080076b0                __ledf2
                0x00000000080076b8                __cmpdf2
                0x00000000080076b8                __eqdf2
                0x00000000080076b8                __nedf2
                0x0000000008007734                __aeabi_cdrcmple
                0x0000000008007744                __aeabi_cdcmple
                0x0000000008007744                __aeabi_cdcmpeq
                0x0000000008007754                __aeabi_dcmpeq
                0x0000000008007768                __aeabi_dcmplt
                0x000000000800777c                __aeabi_dcmple
                0x0000000008007790                __aeabi_dcmpge
                0x00000000080077a4                __aeabi_dcmpgt
 .text          0x00000000080077b8       0x2c /usr/lib/gcc/arm-none-eabi/9.2.1/thumb/v7e-m+fp/hard/libgcc.a(_arm_unorddf2.o)
                0x00000000080077b8                __aeabi_dcmpun
                0x00000000080077b8                __unorddf2
 .text          0x00000000080077e4       0x50 /usr/lib/gcc/arm-none-eabi/9.2.1/thumb/v7e-m+fp/hard/libgcc.a(_arm_fixdfsi.o)
                0x00000000080077e4                __fixdfsi
                0x00000000080077e4                __aeabi_d2iz
 .text          0x0000000008007834       0x30 /usr/lib/gcc/arm-none-eabi/9.2.1/thumb/v7e-m+fp/hard/libgcc.a(_aeabi_uldivmod.o)
                0x0000000008007834                __aeabi_uldivmod
 .text          0x0000000008007864      0x2c4 /usr/lib/gcc/arm-none-eabi/9.2.1/thumb/v7e-m+fp/hard/libgcc.a(_udivmoddi4.o)
                0x0000000008007864                __udivmoddi4
 .text          0x0000000008007b28      0x9b8 /usr/lib/gcc/arm-none-eabi/9.2.1/thumb/v7e-m+fp/hard/libgcc.a(unwind-arm.o)
                0x0000000008007dd0                _Unwind_GetCFA
                0x0000000008007dd4                __gnu_Unwind_RaiseException
                0x0000000008007e34                __gnu_Unwind_ForcedUnwind
                0x0000000008007e48                __gnu_Unwind_Resume
                0x0000000008007e8c                __gnu_Unwind_Resume_or_Rethrow
                0x0000000008007e9c                _Unwind_Complete
                0x0000000008007ea0                _Unwind_DeleteException
                0x0000000008007eac                _Unwind_VRS_Get
                0x0000000008007ef4                _Unwind_VRS_Set
                0x0000000008007f3c                __gnu_Unwind_Backtrace
                0x000000000800825c                __aeabi_unwind_cpp_pr0
                0x0000000008008260                __aeabi_unwind_cpp_pr1
                0x0000000008008264                __aeabi_unwind_cpp_pr2
                0x0000000008008268                _Unwind_VRS_Pop
 .text          0x00000000080084e0      0x1ac /usr/lib/gcc/arm-none-eabi/9.2.1/thumb/v7e-m+fp/hard/libgcc.a(libunwind.o)
                0x00000000080084e0                __restore_core_regs
                0x00000000080084e0                restore_core_regs
                0x00000000080084f8                __gnu_Unwind_Restore_VFP
                0x0000000008008500                __gnu_Unwind_Save_VFP
                0x0000000008008508                __gnu_Unwind_Restore_VFP_D
                0x0000000008008510                __gnu_Unwind_Save_VFP_D
                0x0000000008008518                __gnu_Unwind_Restore_VFP_D_16_to_31
                0x0000000008008520                __gnu_Unwind_Save_VFP_D_16_to_31
                0x0000000008008528                __gnu_Unwind_Restore_WMMXD
                0x000000000800856c                __gnu_Unwind_Save_WMMXD
                0x00000000080085b0                __gnu_Unwind_Restore_WMMXC
                0x00000000080085c4                __gnu_Unwind_Save_WMMXC
                0x00000000080085d8                ___Unwind_RaiseException
                0x00000000080085d8                _Unwind_RaiseException
                0x00000000080085fc                ___Unwind_Resume
                0x00000000080085fc                _Unwind_Resume
                0x0000000008008620                _Unwind_Resume_or_Rethrow
                0x0000000008008620                ___Unwind_Resume_or_Rethrow
                0x0000000008008644                ___Unwind_ForcedUnwind
                0x0000000008008644                _Unwind_ForcedUnwind
                0x0000000008008668                _Unwind_Backtrace
                0x0000000008008668                ___Unwind_Backtrace
 .text          0x000000000800868c      0x340 /usr/lib/gcc/arm-none-eabi/9.2.1/thumb/v7e-m+fp/hard/libgcc.a(pr-support.o)
                0x00000000080086e4                __gnu_unwind_execute
                0x0000000008008980                __gnu_unwind_frame
                0x00000000080089ac                _Unwind_GetRegionStart
                0x00000000080089b8                _Unwind_GetLanguageSpecificData
 .text          0x00000000080089cc        0x4 /usr/lib/gcc/arm-none-eabi/9.2.1/thumb/v7e-m+fp/hard/libgcc.a(_dvmd_tls.o)
                0x00000000080089cc                __aeabi_ldiv0
                0x00000000080089cc                __aeabi_idiv0
 .text          0x00000000080089d0       0x10 /usr/lib/gcc/arm-none-eabi/9.2.1/../../../arm-none-eabi/lib/thumb/v7e-m+fp/hard/libnosys.a(close.o)
                0x00000000080089d0                _close
 .text          0x00000000080089e0       0x10 /usr/lib/gcc/arm-none-eabi/9.2.1/../../../arm-none-eabi/lib/thumb/v7e-m+fp/hard/libnosys.a(fstat.o)
                0x00000000080089e0                _fstat
 .text          0x00000000080089f0       0x10 /usr/lib/gcc/arm-none-eabi/9.2.1/../../../arm-none-eabi/lib/thumb/v7e-m+fp/hard/libnosys.a(getpid.o)
                0x00000000080089f0                _getpid
 .text          0x0000000008008a00       0x10 /usr/lib/gcc/arm-none-eabi/9.2.1/../../../arm-none-eabi/lib/thumb/v7e-m+fp/hard/libnosys.a(isatty.o)
                0x0000000008008a00                _isatty
 .text          0x0000000008008a10       0x10 /usr/lib/gcc/arm-none-eabi/9.2.1/../../../arm-none-eabi/lib/thumb/v7e-m+fp/hard/libnosys.a(kill.o)
                0x0000000008008a10                _kill
 .text          0x0000000008008a20       0x10 /usr/lib/gcc/arm-none-eabi/9.2.1/../../../arm-none-eabi/lib/thumb/v7e-m+fp/hard/libnosys.a(lseek.o)
                0x0000000008008a20                _lseek
 .text          0x0000000008008a30       0x10 /usr/lib/gcc/arm-none-eabi/9.2.1/../../../arm-none-eabi/lib/thumb/v7e-m+fp/hard/libnosys.a(read.o)
                0x0000000008008a30                _read
 .text          0x0000000008008a40       0x1c /usr/lib/gcc/arm-none-eabi/9.2.1/../../../arm-none-eabi/lib/thumb/v7e-m+fp/hard/libnosys.a(sbrk.o)
                0x0000000008008a40                _sbrk
 .text          0x0000000008008a5c       0x10 /usr/lib/gcc/arm-none-eabi/9.2.1/../../../arm-none-eabi/lib/thumb/v7e-m+fp/hard/libnosys.a(write.o)
                0x0000000008008a5c                _write
 .text          0x0000000008008a6c        0x4 /usr/lib/gcc/arm-none-eabi/9.2.1/../../../arm-none-eabi/lib/thumb/v7e-m+fp/hard/libnosys.a(_exit.o)
                0x0000000008008a6c                _exit
 *(.text*)
 .text._ZN3adcC2EP17ADC_HandleTypeDef
                0x0000000008008a70       0x10 build/adc.o
                0x0000000008008a70                adc::adc(ADC_HandleTypeDef*)
                0x0000000008008a70                adc::adc(ADC_HandleTypeDef*)
 .text._ZN3adc12adc_getValueEv
                0x0000000008008a80       0x46 build/adc.o
                0x0000000008008a80                adc::adc_getValue()
 .text._ZN3adc15adc_setEquationEff
                0x0000000008008ac6        0xa build/adc.o
                0x0000000008008ac6                adc::adc_setEquation(float, float)
 .text._ZL12MX_GPIO_Initv
                0x0000000008008ad0      0x10c build/main.o
 .text._Z41__static_initialization_and_destruction_0ii
                0x0000000008008bdc       0x48 build/main.o
 .text.HAL_TIM_PeriodElapsedCallback
                0x0000000008008c24       0x70 build/main.o
                0x0000000008008c24                HAL_TIM_PeriodElapsedCallback
 .text.Error_Handler
                0x0000000008008c94        0x4 build/main.o
                0x0000000008008c94                Error_Handler
 .text._ZL12MX_I2C1_Initv
                0x0000000008008c98       0x38 build/main.o
 .text._ZL12MX_I2C3_Initv
                0x0000000008008cd0       0x38 build/main.o
 .text._ZL12MX_I2S2_Initv
                0x0000000008008d08       0x38 build/main.o
 .text._ZL12MX_I2S3_Initv
                0x0000000008008d40       0x38 build/main.o
 .text._ZL12MX_I2S4_Initv
                0x0000000008008d78       0x38 build/main.o
 .text._ZL15MX_SDIO_SD_Initv
                0x0000000008008db0       0x3c build/main.o
 .text._ZL12MX_SPI1_Initv
                0x0000000008008dec       0x3c build/main.o
 .text._ZL12MX_SPI5_Initv
                0x0000000008008e28       0x3c build/main.o
 .text._ZL19MX_USART1_UART_Initv
                0x0000000008008e64       0x34 build/main.o
 .text._ZL19MX_USART2_UART_Initv
                0x0000000008008e98       0x34 build/main.o
 .text._ZL19MX_USART6_UART_Initv
                0x0000000008008ecc       0x34 build/main.o
 .text._ZL22MX_USB_OTG_FS_PCD_Initv
                0x0000000008008f00       0x34 build/main.o
 .text._ZL12MX_ADC1_Initv
                0x0000000008008f34       0x68 build/main.o
 .text._ZL13MX_TIM10_Initv
                0x0000000008008f9c       0x30 build/main.o
 .text._ZL12MX_TIM5_Initv
                0x0000000008008fcc       0x68 build/main.o
 .text._ZL12MX_TIM9_Initv
                0x0000000008009034       0x50 build/main.o
 .text._Z18SystemClock_Configv
                0x0000000008009084       0xcc build/main.o
                0x0000000008009084                SystemClock_Config()
 .text.main     0x0000000008009150       0x7c build/main.o
                0x0000000008009150                main
 .text._GLOBAL__sub_I_hadc1
                0x00000000080091cc        0xe build/main.o
 .text._ZN4menuC2EP4oled
                0x00000000080091da       0x16 build/menu.o
                0x00000000080091da                menu::menu(oled*)
                0x00000000080091da                menu::menu(oled*)
 .text._ZN4menu10menu_printEv
                0x00000000080091f0      0x180 build/menu.o
                0x00000000080091f0                menu::menu_print()
 .text._ZN4menu7menu_okEv
                0x0000000008009370       0x96 build/menu.o
                0x0000000008009370                menu::menu_ok()
 .text._ZN4oledC2EP17I2C_HandleTypeDefhP17TIM_HandleTypeDef
                0x0000000008009406       0x16 build/oled.o
                0x0000000008009406                oled::oled(I2C_HandleTypeDef*, unsigned char, TIM_HandleTypeDef*)
                0x0000000008009406                oled::oled(I2C_HandleTypeDef*, unsigned char, TIM_HandleTypeDef*)
 .text._ZN4oled10oled_writeEPht
                0x000000000800941c       0x1c build/oled.o
                0x000000000800941c                oled::oled_write(unsigned char*, unsigned short)
 .text._ZN4oled12oled_refreshEv
                0x0000000008009438       0x60 build/oled.o
                0x0000000008009438                oled::oled_refresh()
 .text._ZN4oled10oled_printEPch9FontDef_ttt
                0x0000000008009498      0x126 build/oled.o
                0x0000000008009498                oled::oled_print(char*, unsigned char, FontDef_t, unsigned short, unsigned short)
 *fill*         0x00000000080095be        0x2 
 .text._ZN4oled19oled_update_batteryEf
                0x00000000080095c0       0x40 build/oled.o
                0x00000000080095c0                oled::oled_update_battery(float)
 .text._ZN4oled7oled_onEv
                0x0000000008009600       0x1c build/oled.o
                0x0000000008009600                oled::oled_on()
 .text._ZN4oled13oled_isOledOnEv
                0x000000000800961c        0x4 build/oled.o
                0x000000000800961c                oled::oled_isOledOn()
 .text._ZN4oled15oled_resetTimerEv
                0x0000000008009620        0x2 build/oled.o
                0x0000000008009620                oled::oled_resetTimer()
 *fill*         0x0000000008009622        0x2 
 .text.HAL_MspInit
                0x0000000008009624       0x38 build/stm32f4xx_hal_msp.o
                0x0000000008009624                HAL_MspInit
 .text.HAL_ADC_MspInit
                0x000000000800965c       0x90 build/stm32f4xx_hal_msp.o
                0x000000000800965c                HAL_ADC_MspInit
 .text.HAL_I2C_MspInit
                0x00000000080096ec      0x104 build/stm32f4xx_hal_msp.o
                0x00000000080096ec                HAL_I2C_MspInit
 .text.HAL_I2S_MspInit
                0x00000000080097f0      0x1f4 build/stm32f4xx_hal_msp.o
                0x00000000080097f0                HAL_I2S_MspInit
 .text.HAL_SD_MspInit
                0x00000000080099e4       0xc8 build/stm32f4xx_hal_msp.o
                0x00000000080099e4                HAL_SD_MspInit
 .text.HAL_SPI_MspInit
                0x0000000008009aac      0x11c build/stm32f4xx_hal_msp.o
                0x0000000008009aac                HAL_SPI_MspInit
 .text.HAL_TIM_Base_MspInit
                0x0000000008009bc8       0x8c build/stm32f4xx_hal_msp.o
                0x0000000008009bc8                HAL_TIM_Base_MspInit
 .text.HAL_UART_MspInit
                0x0000000008009c54      0x11c build/stm32f4xx_hal_msp.o
                0x0000000008009c54                HAL_UART_MspInit
 .text.HAL_PCD_MspInit
                0x0000000008009d70       0x78 build/stm32f4xx_hal_msp.o
                0x0000000008009d70                HAL_PCD_MspInit
 .text.NMI_Handler
                0x0000000008009de8        0x2 build/stm32f4xx_it.o
                0x0000000008009de8                NMI_Handler
 .text.HardFault_Handler
                0x0000000008009dea        0x2 build/stm32f4xx_it.o
                0x0000000008009dea                HardFault_Handler
 .text.MemManage_Handler
                0x0000000008009dec        0x2 build/stm32f4xx_it.o
                0x0000000008009dec                MemManage_Handler
 .text.BusFault_Handler
                0x0000000008009dee        0x2 build/stm32f4xx_it.o
                0x0000000008009dee                BusFault_Handler
 .text.UsageFault_Handler
                0x0000000008009df0        0x2 build/stm32f4xx_it.o
                0x0000000008009df0                UsageFault_Handler
 .text.SVC_Handler
                0x0000000008009df2        0x2 build/stm32f4xx_it.o
                0x0000000008009df2                SVC_Handler
 .text.DebugMon_Handler
                0x0000000008009df4        0x2 build/stm32f4xx_it.o
                0x0000000008009df4                DebugMon_Handler
 .text.PendSV_Handler
                0x0000000008009df6        0x2 build/stm32f4xx_it.o
                0x0000000008009df6                PendSV_Handler
 .text.SysTick_Handler
                0x0000000008009df8        0x8 build/stm32f4xx_it.o
                0x0000000008009df8                SysTick_Handler
 .text.TIM1_UP_TIM10_IRQHandler
                0x0000000008009e00       0x10 build/stm32f4xx_it.o
                0x0000000008009e00                TIM1_UP_TIM10_IRQHandler
 .text.SystemInit
                0x0000000008009e10       0x1c build/system_stm32f4xx.o
                0x0000000008009e10                SystemInit
 .text.HAL_InitTick
                0x0000000008009e2c       0x4c build/stm32f4xx_hal.o
                0x0000000008009e2c                HAL_InitTick
 .text.HAL_Init
                0x0000000008009e78       0x34 build/stm32f4xx_hal.o
                0x0000000008009e78                HAL_Init
 .text.HAL_IncTick
                0x0000000008009eac       0x18 build/stm32f4xx_hal.o
                0x0000000008009eac                HAL_IncTick
 .text.HAL_GetTick
                0x0000000008009ec4        0xc build/stm32f4xx_hal.o
                0x0000000008009ec4                HAL_GetTick
 .text.HAL_Delay
                0x0000000008009ed0       0x28 build/stm32f4xx_hal.o
                0x0000000008009ed0                HAL_Delay
 .text.ADC_Init
                0x0000000008009ef8      0x134 build/stm32f4xx_hal_adc.o
 .text.HAL_ADC_Init
                0x000000000800a02c       0x56 build/stm32f4xx_hal_adc.o
                0x000000000800a02c                HAL_ADC_Init
 *fill*         0x000000000800a082        0x2 
 .text.HAL_ADC_Start
                0x000000000800a084       0xf8 build/stm32f4xx_hal_adc.o
                0x000000000800a084                HAL_ADC_Start
 .text.HAL_ADC_Stop
                0x000000000800a17c       0x40 build/stm32f4xx_hal_adc.o
                0x000000000800a17c                HAL_ADC_Stop
 .text.HAL_ADC_PollForConversion
                0x000000000800a1bc       0xac build/stm32f4xx_hal_adc.o
                0x000000000800a1bc                HAL_ADC_PollForConversion
 .text.HAL_ADC_GetValue
                0x000000000800a268        0x6 build/stm32f4xx_hal_adc.o
                0x000000000800a268                HAL_ADC_GetValue
 *fill*         0x000000000800a26e        0x2 
 .text.HAL_ADC_ConfigChannel
                0x000000000800a270      0x1a4 build/stm32f4xx_hal_adc.o
                0x000000000800a270                HAL_ADC_ConfigChannel
 .text.HAL_NVIC_SetPriorityGrouping
                0x000000000800a414       0x24 build/stm32f4xx_hal_cortex.o
                0x000000000800a414                HAL_NVIC_SetPriorityGrouping
 .text.HAL_NVIC_SetPriority
                0x000000000800a438       0x68 build/stm32f4xx_hal_cortex.o
                0x000000000800a438                HAL_NVIC_SetPriority
 .text.HAL_NVIC_EnableIRQ
                0x000000000800a4a0       0x1c build/stm32f4xx_hal_cortex.o
                0x000000000800a4a0                HAL_NVIC_EnableIRQ
 .text.HAL_SYSTICK_Config
                0x000000000800a4bc       0x2c build/stm32f4xx_hal_cortex.o
                0x000000000800a4bc                HAL_SYSTICK_Config
 .text.HAL_GPIO_Init
                0x000000000800a4e8      0x1a8 build/stm32f4xx_hal_gpio.o
                0x000000000800a4e8                HAL_GPIO_Init
 .text.HAL_GPIO_ReadPin
                0x000000000800a690        0xe build/stm32f4xx_hal_gpio.o
                0x000000000800a690                HAL_GPIO_ReadPin
 .text.HAL_GPIO_WritePin
                0x000000000800a69e        0xc build/stm32f4xx_hal_gpio.o
                0x000000000800a69e                HAL_GPIO_WritePin
 .text.I2C_IsAcknowledgeFailed
                0x000000000800a6aa       0x32 build/stm32f4xx_hal_i2c.o
 .text.I2C_WaitOnFlagUntilTimeout
                0x000000000800a6dc       0x74 build/stm32f4xx_hal_i2c.o
 .text.I2C_WaitOnMasterAddressFlagUntilTimeout
                0x000000000800a750       0xaa build/stm32f4xx_hal_i2c.o
 *fill*         0x000000000800a7fa        0x2 
 .text.I2C_MasterRequestWrite
                0x000000000800a7fc       0xb4 build/stm32f4xx_hal_i2c.o
 .text.I2C_WaitOnTXEFlagUntilTimeout
                0x000000000800a8b0       0x54 build/stm32f4xx_hal_i2c.o
 .text.I2C_WaitOnBTFFlagUntilTimeout
                0x000000000800a904       0x54 build/stm32f4xx_hal_i2c.o
 .text.HAL_I2C_Init
                0x000000000800a958      0x1bc build/stm32f4xx_hal_i2c.o
                0x000000000800a958                HAL_I2C_Init
 .text.HAL_I2C_Master_Transmit
                0x000000000800ab14      0x178 build/stm32f4xx_hal_i2c.o
                0x000000000800ab14                HAL_I2C_Master_Transmit
 .text.HAL_I2S_Init
                0x000000000800ac8c      0x19c build/stm32f4xx_hal_i2s.o
                0x000000000800ac8c                HAL_I2S_Init
 .text.HAL_I2S_TxCpltCallback
                0x000000000800ae28        0x2 build/stm32f4xx_hal_i2s.o
                0x000000000800ae28                HAL_I2S_TxCpltCallback
 .text.I2S_Transmit_IT
                0x000000000800ae2a       0x38 build/stm32f4xx_hal_i2s.o
 .text.HAL_I2S_RxCpltCallback
                0x000000000800ae62        0x2 build/stm32f4xx_hal_i2s.o
                0x000000000800ae62                HAL_I2S_RxCpltCallback
 .text.I2S_Receive_IT
                0x000000000800ae64       0x38 build/stm32f4xx_hal_i2s.o
 .text.HAL_I2S_ErrorCallback
                0x000000000800ae9c        0x2 build/stm32f4xx_hal_i2s.o
                0x000000000800ae9c                HAL_I2S_ErrorCallback
 .text.I2S_IRQHandler
                0x000000000800ae9e       0xd0 build/stm32f4xx_hal_i2s.o
 .text.HAL_I2SEx_TxRxCpltCallback
                0x000000000800af6e        0x2 build/stm32f4xx_hal_i2s_ex.o
                0x000000000800af6e                HAL_I2SEx_TxRxCpltCallback
 .text.I2SEx_TxISR_I2S
                0x000000000800af70       0x3c build/stm32f4xx_hal_i2s_ex.o
 .text.I2SEx_RxISR_I2SExt
                0x000000000800afac       0x64 build/stm32f4xx_hal_i2s_ex.o
 .text.I2SEx_TxISR_I2SExt
                0x000000000800b010       0x64 build/stm32f4xx_hal_i2s_ex.o
 .text.I2SEx_RxISR_I2S
                0x000000000800b074       0x3c build/stm32f4xx_hal_i2s_ex.o
 .text.HAL_I2SEx_FullDuplex_IRQHandler
                0x000000000800b0b0      0x1d8 build/stm32f4xx_hal_i2s_ex.o
                0x000000000800b0b0                HAL_I2SEx_FullDuplex_IRQHandler
 .text.HAL_PCD_Init
                0x000000000800b288      0x126 build/stm32f4xx_hal_pcd.o
                0x000000000800b288                HAL_PCD_Init
 *fill*         0x000000000800b3ae        0x2 
 .text.HAL_RCC_OscConfig
                0x000000000800b3b0      0x3ec build/stm32f4xx_hal_rcc.o
                0x000000000800b3b0                HAL_RCC_OscConfig
 .text.HAL_RCC_GetSysClockFreq
                0x000000000800b79c       0xcc build/stm32f4xx_hal_rcc.o
                0x000000000800b79c                HAL_RCC_GetSysClockFreq
 .text.HAL_RCC_ClockConfig
                0x000000000800b868      0x160 build/stm32f4xx_hal_rcc.o
                0x000000000800b868                HAL_RCC_ClockConfig
 .text.HAL_RCC_GetHCLKFreq
                0x000000000800b9c8        0xc build/stm32f4xx_hal_rcc.o
                0x000000000800b9c8                HAL_RCC_GetHCLKFreq
 .text.HAL_RCC_GetPCLK1Freq
                0x000000000800b9d4       0x20 build/stm32f4xx_hal_rcc.o
                0x000000000800b9d4                HAL_RCC_GetPCLK1Freq
 .text.HAL_RCC_GetPCLK2Freq
                0x000000000800b9f4       0x20 build/stm32f4xx_hal_rcc.o
                0x000000000800b9f4                HAL_RCC_GetPCLK2Freq
 .text.HAL_RCCEx_PeriphCLKConfig
                0x000000000800ba14      0x170 build/stm32f4xx_hal_rcc_ex.o
                0x000000000800ba14                HAL_RCCEx_PeriphCLKConfig
 .text.HAL_RCCEx_GetPeriphCLKFreq
                0x000000000800bb84       0x78 build/stm32f4xx_hal_rcc_ex.o
                0x000000000800bb84                HAL_RCCEx_GetPeriphCLKFreq
 .text.SD_PowerON
                0x000000000800bbfc       0xc0 build/stm32f4xx_hal_sd.o
 .text.SD_FindSCR
                0x000000000800bcbc       0xfc build/stm32f4xx_hal_sd.o
 .text.SD_WideBus_Enable
                0x000000000800bdb8       0x4e build/stm32f4xx_hal_sd.o
 .text.SD_WideBus_Disable
                0x000000000800be06       0x4e build/stm32f4xx_hal_sd.o
 .text.HAL_SD_GetCardCSD
                0x000000000800be54      0x1bc build/stm32f4xx_hal_sd.o
                0x000000000800be54                HAL_SD_GetCardCSD
 .text.SD_InitCard
                0x000000000800c010      0x100 build/stm32f4xx_hal_sd.o
 .text.HAL_SD_InitCard
                0x000000000800c110       0x78 build/stm32f4xx_hal_sd.o
                0x000000000800c110                HAL_SD_InitCard
 .text.HAL_SD_Init
                0x000000000800c188       0x36 build/stm32f4xx_hal_sd.o
                0x000000000800c188                HAL_SD_Init
 *fill*         0x000000000800c1be        0x2 
 .text.HAL_SD_ConfigWideBusOperation
                0x000000000800c1c0       0xa4 build/stm32f4xx_hal_sd.o
                0x000000000800c1c0                HAL_SD_ConfigWideBusOperation
 .text.HAL_SPI_Init
                0x000000000800c264       0x80 build/stm32f4xx_hal_spi.o
                0x000000000800c264                HAL_SPI_Init
 .text.TIM_TI1_ConfigInputStage
                0x000000000800c2e4       0x24 build/stm32f4xx_hal_tim.o
 .text.TIM_TI2_ConfigInputStage
                0x000000000800c308       0x26 build/stm32f4xx_hal_tim.o
 .text.HAL_TIM_OC_DelayElapsedCallback
                0x000000000800c32e        0x2 build/stm32f4xx_hal_tim.o
                0x000000000800c32e                HAL_TIM_OC_DelayElapsedCallback
 .text.HAL_TIM_IC_CaptureCallback
                0x000000000800c330        0x2 build/stm32f4xx_hal_tim.o
                0x000000000800c330                HAL_TIM_IC_CaptureCallback
 .text.HAL_TIM_PWM_PulseFinishedCallback
                0x000000000800c332        0x2 build/stm32f4xx_hal_tim.o
                0x000000000800c332                HAL_TIM_PWM_PulseFinishedCallback
 .text.HAL_TIM_TriggerCallback
                0x000000000800c334        0x2 build/stm32f4xx_hal_tim.o
                0x000000000800c334                HAL_TIM_TriggerCallback
 .text.HAL_TIM_IRQHandler
                0x000000000800c336      0x17a build/stm32f4xx_hal_tim.o
                0x000000000800c336                HAL_TIM_IRQHandler
 .text.TIM_Base_SetConfig
                0x000000000800c4b0       0x9c build/stm32f4xx_hal_tim.o
                0x000000000800c4b0                TIM_Base_SetConfig
 .text.HAL_TIM_Base_Init
                0x000000000800c54c       0x34 build/stm32f4xx_hal_tim.o
                0x000000000800c54c                HAL_TIM_Base_Init
 .text.TIM_ETR_SetConfig
                0x000000000800c580       0x18 build/stm32f4xx_hal_tim.o
                0x000000000800c580                TIM_ETR_SetConfig
 .text.TIM_SlaveTimer_SetConfig
                0x000000000800c598       0x8e build/stm32f4xx_hal_tim.o
 .text.HAL_TIM_SlaveConfigSynchro
                0x000000000800c626       0x52 build/stm32f4xx_hal_tim.o
                0x000000000800c626                HAL_TIM_SlaveConfigSynchro
 .text.HAL_TIMEx_MasterConfigSynchronization
                0x000000000800c678       0x78 build/stm32f4xx_hal_tim_ex.o
                0x000000000800c678                HAL_TIMEx_MasterConfigSynchronization
 .text.HAL_TIMEx_CommutCallback
                0x000000000800c6f0        0x2 build/stm32f4xx_hal_tim_ex.o
                0x000000000800c6f0                HAL_TIMEx_CommutCallback
 .text.HAL_TIMEx_BreakCallback
                0x000000000800c6f2        0x2 build/stm32f4xx_hal_tim_ex.o
                0x000000000800c6f2                HAL_TIMEx_BreakCallback
 .text.UART_SetConfig
                0x000000000800c6f4      0x1e8 build/stm32f4xx_hal_uart.o
 .text.HAL_UART_Init
                0x000000000800c8dc       0x5e build/stm32f4xx_hal_uart.o
                0x000000000800c8dc                HAL_UART_Init
 *fill*         0x000000000800c93a        0x2 
 .text.SDMMC_GetCmdError
                0x000000000800c93c       0x38 build/stm32f4xx_ll_sdmmc.o
 .text.SDMMC_GetCmdResp2
                0x000000000800c974       0x5c build/stm32f4xx_ll_sdmmc.o
 .text.SDMMC_GetCmdResp3
                0x000000000800c9d0       0x4c build/stm32f4xx_ll_sdmmc.o
 .text.SDMMC_GetCmdResp7
                0x000000000800ca1c       0x64 build/stm32f4xx_ll_sdmmc.o
 .text.SDIO_Init
                0x000000000800ca80       0x38 build/stm32f4xx_ll_sdmmc.o
                0x000000000800ca80                SDIO_Init
 .text.SDIO_ReadFIFO
                0x000000000800cab8        0x6 build/stm32f4xx_ll_sdmmc.o
                0x000000000800cab8                SDIO_ReadFIFO
 .text.SDIO_PowerState_ON
                0x000000000800cabe       0x10 build/stm32f4xx_ll_sdmmc.o
                0x000000000800cabe                SDIO_PowerState_ON
 .text.SDIO_GetPowerState
                0x000000000800cace        0x8 build/stm32f4xx_ll_sdmmc.o
                0x000000000800cace                SDIO_GetPowerState
 .text.SDIO_SendCommand
                0x000000000800cad6       0x24 build/stm32f4xx_ll_sdmmc.o
                0x000000000800cad6                SDIO_SendCommand
 .text.SDIO_GetCommandResponse
                0x000000000800cafa        0x6 build/stm32f4xx_ll_sdmmc.o
                0x000000000800cafa                SDIO_GetCommandResponse
 .text.SDIO_GetResponse
                0x000000000800cb00        0x6 build/stm32f4xx_ll_sdmmc.o
                0x000000000800cb00                SDIO_GetResponse
 *fill*         0x000000000800cb06        0x2 
 .text.SDMMC_GetCmdResp1
                0x000000000800cb08      0x154 build/stm32f4xx_ll_sdmmc.o
 .text.SDMMC_GetCmdResp6
                0x000000000800cc5c       0xa0 build/stm32f4xx_ll_sdmmc.o
 .text.SDIO_ConfigData
                0x000000000800ccfc       0x24 build/stm32f4xx_ll_sdmmc.o
                0x000000000800ccfc                SDIO_ConfigData
 .text.SDMMC_CmdBlockLength
                0x000000000800cd20       0x30 build/stm32f4xx_ll_sdmmc.o
                0x000000000800cd20                SDMMC_CmdBlockLength
 .text.SDMMC_CmdSelDesel
                0x000000000800cd50       0x30 build/stm32f4xx_ll_sdmmc.o
                0x000000000800cd50                SDMMC_CmdSelDesel
 .text.SDMMC_CmdGoIdleState
                0x000000000800cd80       0x26 build/stm32f4xx_ll_sdmmc.o
                0x000000000800cd80                SDMMC_CmdGoIdleState
 .text.SDMMC_CmdOperCond
                0x000000000800cda6       0x2e build/stm32f4xx_ll_sdmmc.o
                0x000000000800cda6                SDMMC_CmdOperCond
 .text.SDMMC_CmdAppCommand
                0x000000000800cdd4       0x30 build/stm32f4xx_ll_sdmmc.o
                0x000000000800cdd4                SDMMC_CmdAppCommand
 .text.SDMMC_CmdAppOperCommand
                0x000000000800ce04       0x32 build/stm32f4xx_ll_sdmmc.o
                0x000000000800ce04                SDMMC_CmdAppOperCommand
 .text.SDMMC_CmdBusWidth
                0x000000000800ce36       0x30 build/stm32f4xx_ll_sdmmc.o
                0x000000000800ce36                SDMMC_CmdBusWidth
 .text.SDMMC_CmdSendSCR
                0x000000000800ce66       0x30 build/stm32f4xx_ll_sdmmc.o
                0x000000000800ce66                SDMMC_CmdSendSCR
 .text.SDMMC_CmdSendCID
                0x000000000800ce96       0x2a build/stm32f4xx_ll_sdmmc.o
                0x000000000800ce96                SDMMC_CmdSendCID
 .text.SDMMC_CmdSendCSD
                0x000000000800cec0       0x2a build/stm32f4xx_ll_sdmmc.o
                0x000000000800cec0                SDMMC_CmdSendCSD
 .text.SDMMC_CmdSetRelAdd
                0x000000000800ceea       0x30 build/stm32f4xx_ll_sdmmc.o
                0x000000000800ceea                SDMMC_CmdSetRelAdd
 *fill*         0x000000000800cf1a        0x2 
 .text.USB_CoreReset
                0x000000000800cf1c       0x3c build/stm32f4xx_ll_usb.o
 .text.USB_CoreInit
                0x000000000800cf58       0x8a build/stm32f4xx_ll_usb.o
                0x000000000800cf58                USB_CoreInit
 .text.USB_DisableGlobalInt
                0x000000000800cfe2        0xc build/stm32f4xx_ll_usb.o
                0x000000000800cfe2                USB_DisableGlobalInt
 .text.USB_SetCurrentMode
                0x000000000800cfee       0x30 build/stm32f4xx_ll_usb.o
                0x000000000800cfee                USB_SetCurrentMode
 *fill*         0x000000000800d01e        0x2 
 .text.USB_FlushTxFifo
                0x000000000800d020       0x28 build/stm32f4xx_ll_usb.o
                0x000000000800d020                USB_FlushTxFifo
 .text.USB_FlushRxFifo
                0x000000000800d048       0x24 build/stm32f4xx_ll_usb.o
                0x000000000800d048                USB_FlushRxFifo
 .text.USB_SetDevSpeed
                0x000000000800d06c        0xe build/stm32f4xx_ll_usb.o
                0x000000000800d06c                USB_SetDevSpeed
 *fill*         0x000000000800d07a        0x2 
 .text.USB_DevInit
                0x000000000800d07c      0x198 build/stm32f4xx_ll_usb.o
                0x000000000800d07c                USB_DevInit
 .text.USB_DevDisconnect
                0x000000000800d214       0x1c build/stm32f4xx_ll_usb.o
                0x000000000800d214                USB_DevDisconnect
 .text.Reset_Handler
                0x000000000800d230       0x50 build/startup_stm32f411xe.o
                0x000000000800d230                Reset_Handler
 .text.Default_Handler
                0x000000000800d280        0x2 build/startup_stm32f411xe.o
                0x000000000800d280                RTC_Alarm_IRQHandler
                0x000000000800d280                EXTI2_IRQHandler
                0x000000000800d280                SPI4_IRQHandler
                0x000000000800d280                TIM1_CC_IRQHandler
                0x000000000800d280                DMA2_Stream5_IRQHandler
                0x000000000800d280                DMA1_Stream5_IRQHandler
                0x000000000800d280                PVD_IRQHandler
                0x000000000800d280                SDIO_IRQHandler
                0x000000000800d280                TAMP_STAMP_IRQHandler
                0x000000000800d280                EXTI3_IRQHandler
                0x000000000800d280                I2C3_ER_IRQHandler
                0x000000000800d280                EXTI0_IRQHandler
                0x000000000800d280                I2C2_EV_IRQHandler
                0x000000000800d280                DMA1_Stream2_IRQHandler
                0x000000000800d280                FPU_IRQHandler
                0x000000000800d280                DMA2_Stream2_IRQHandler
                0x000000000800d280                SPI1_IRQHandler
                0x000000000800d280                TIM1_BRK_TIM9_IRQHandler
                0x000000000800d280                DMA2_Stream3_IRQHandler
                0x000000000800d280                USART6_IRQHandler
                0x000000000800d280                DMA2_Stream0_IRQHandler
                0x000000000800d280                TIM4_IRQHandler
                0x000000000800d280                I2C1_EV_IRQHandler
                0x000000000800d280                DMA1_Stream6_IRQHandler
                0x000000000800d280                DMA1_Stream1_IRQHandler
                0x000000000800d280                TIM3_IRQHandler
                0x000000000800d280                RCC_IRQHandler
                0x000000000800d280                Default_Handler
                0x000000000800d280                EXTI15_10_IRQHandler
                0x000000000800d280                ADC_IRQHandler
                0x000000000800d280                DMA1_Stream7_IRQHandler
                0x000000000800d280                SPI5_IRQHandler
                0x000000000800d280                TIM5_IRQHandler
                0x000000000800d280                DMA2_Stream7_IRQHandler
                0x000000000800d280                I2C3_EV_IRQHandler
                0x000000000800d280                EXTI9_5_IRQHandler
                0x000000000800d280                RTC_WKUP_IRQHandler
                0x000000000800d280                SPI2_IRQHandler
                0x000000000800d280                DMA1_Stream0_IRQHandler
                0x000000000800d280                EXTI4_IRQHandler
                0x000000000800d280                WWDG_IRQHandler
                0x000000000800d280                TIM2_IRQHandler
                0x000000000800d280                OTG_FS_WKUP_IRQHandler
                0x000000000800d280                TIM1_TRG_COM_TIM11_IRQHandler
                0x000000000800d280                EXTI1_IRQHandler
                0x000000000800d280                USART2_IRQHandler
                0x000000000800d280                I2C2_ER_IRQHandler
                0x000000000800d280                DMA2_Stream1_IRQHandler
                0x000000000800d280                FLASH_IRQHandler
                0x000000000800d280                DMA2_Stream4_IRQHandler
                0x000000000800d280                USART1_IRQHandler
                0x000000000800d280                OTG_FS_IRQHandler
                0x000000000800d280                SPI3_IRQHandler
                0x000000000800d280                DMA1_Stream4_IRQHandler
                0x000000000800d280                I2C1_ER_IRQHandler
                0x000000000800d280                DMA2_Stream6_IRQHandler
                0x000000000800d280                DMA1_Stream3_IRQHandler
 *fill*         0x000000000800d282        0x2 
 .text.startup  0x000000000800d284       0x14 /usr/lib/gcc/arm-none-eabi/9.2.1/../../../arm-none-eabi/lib/thumb/v7e-m+fp/hard/libc.a(lib_a-__call_atexit.o)
 *(.glue_7)
 .glue_7        0x000000000800d298        0x0 linker stubs
 *(.glue_7t)
 .glue_7t       0x000000000800d298        0x0 linker stubs
 *(.eh_frame)
 .eh_frame      0x000000000800d298        0x0 /usr/lib/gcc/arm-none-eabi/9.2.1/thumb/v7e-m+fp/hard/crtbegin.o
 *(.init)
 .init          0x000000000800d298        0x4 /usr/lib/gcc/arm-none-eabi/9.2.1/thumb/v7e-m+fp/hard/crti.o
                0x000000000800d298                _init
 .init          0x000000000800d29c        0x8 /usr/lib/gcc/arm-none-eabi/9.2.1/thumb/v7e-m+fp/hard/crtn.o
 *(.fini)
 .fini          0x000000000800d2a4        0x4 /usr/lib/gcc/arm-none-eabi/9.2.1/thumb/v7e-m+fp/hard/crti.o
                0x000000000800d2a4                _fini
 .fini          0x000000000800d2a8        0x8 /usr/lib/gcc/arm-none-eabi/9.2.1/thumb/v7e-m+fp/hard/crtn.o
                0x000000000800d2b0                . = ALIGN (0x4)
                0x000000000800d2b0                _etext = .

.vfp11_veneer   0x000000000800d2b0        0x0
 .vfp11_veneer  0x000000000800d2b0        0x0 linker stubs

.v4_bx          0x000000000800d2b0        0x0
 .v4_bx         0x000000000800d2b0        0x0 linker stubs

.iplt           0x000000000800d2b0        0x0
 .iplt          0x000000000800d2b0        0x0 /usr/lib/gcc/arm-none-eabi/9.2.1/thumb/v7e-m+fp/hard/crtbegin.o

.rodata         0x000000000800d2b0     0x2c5c
                0x000000000800d2b0                . = ALIGN (0x4)
 *(.rodata)
 .rodata        0x000000000800d2b0        0x4 /usr/lib/gcc/arm-none-eabi/9.2.1/../../../arm-none-eabi/lib/thumb/v7e-m+fp/hard/libc.a(lib_a-impure.o)
                0x000000000800d2b0                _global_impure_ptr
 .rodata        0x000000000800d2b4       0x20 /usr/lib/gcc/arm-none-eabi/9.2.1/../../../arm-none-eabi/lib/thumb/v7e-m+fp/hard/libc.a(lib_a-svfprintf.o)
 .rodata        0x000000000800d2d4      0x101 /usr/lib/gcc/arm-none-eabi/9.2.1/../../../arm-none-eabi/lib/thumb/v7e-m+fp/hard/libc.a(lib_a-ctype_.o)
                0x000000000800d2d4                _ctype_
 *fill*         0x000000000800d3d5        0x3 
 .rodata        0x000000000800d3d8      0x128 /usr/lib/gcc/arm-none-eabi/9.2.1/../../../arm-none-eabi/lib/thumb/v7e-m+fp/hard/libc.a(lib_a-mprec.o)
                0x000000000800d3e8                __mprec_tens
                0x000000000800d4b0                __mprec_tinytens
                0x000000000800d4d8                __mprec_bigtens
 .rodata        0x000000000800d500       0x20 /usr/lib/gcc/arm-none-eabi/9.2.1/../../../arm-none-eabi/lib/thumb/v7e-m+fp/hard/libc.a(lib_a-svfiprintf.o)
 .rodata        0x000000000800d520       0x20 /usr/lib/gcc/arm-none-eabi/9.2.1/../../../arm-none-eabi/lib/thumb/v7e-m+fp/hard/libc.a(lib_a-vfiprintf.o)
 *(.rodata*)
 .rodata._ZN4menu10menu_printEv.str1.4
                0x000000000800d540       0x77 build/menu.o
 *fill*         0x000000000800d5b7        0x1 
 .rodata._ZN4oled19oled_update_batteryEf.str1.4
                0x000000000800d5b8        0x6 build/oled.o
 *fill*         0x000000000800d5be        0x2 
 .rodata.Font11x18
                0x000000000800d5c0      0xd5c build/fonts.o
                0x000000000800d5c0                Font11x18
 .rodata.Font16x26
                0x000000000800e31c     0x134c build/fonts.o
                0x000000000800e31c                Font16x26
 .rodata.Font7x10
                0x000000000800f668      0x76c build/fonts.o
                0x000000000800f668                Font7x10
 .rodata.AHBPrescTable
                0x000000000800fdd4       0x10 build/system_stm32f4xx.o
                0x000000000800fdd4                AHBPrescTable
 .rodata.APBPrescTable
                0x000000000800fde4        0x8 build/system_stm32f4xx.o
                0x000000000800fde4                APBPrescTable
 .rodata.str1.4
                0x000000000800fdec       0x42 /usr/lib/gcc/arm-none-eabi/9.2.1/../../../arm-none-eabi/lib/thumb/v7e-m+fp/hard/libc.a(lib_a-svfprintf.o)
 *fill*         0x000000000800fe2e        0x2 
 .rodata.str1.4
                0x000000000800fe30       0x56 /usr/lib/gcc/arm-none-eabi/9.2.1/../../../arm-none-eabi/lib/thumb/v7e-m+fp/hard/libc.a(lib_a-dtoa.o)
                                         0x5a (size before relaxing)
 *fill*         0x000000000800fe86        0x2 
 .rodata.str1.4
                0x000000000800fe88       0x33 /usr/lib/gcc/arm-none-eabi/9.2.1/../../../arm-none-eabi/lib/thumb/v7e-m+fp/hard/libc.a(lib_a-mprec.o)
                                         0x47 (size before relaxing)
 .rodata.str1.4
                0x000000000800febb       0x2f /usr/lib/gcc/arm-none-eabi/9.2.1/../../../arm-none-eabi/lib/thumb/v7e-m+fp/hard/libc.a(lib_a-svfiprintf.o)
 *fill*         0x000000000800febb        0x1 
 .rodata.str1.4
                0x000000000800febc       0x3f /usr/lib/gcc/arm-none-eabi/9.2.1/../../../arm-none-eabi/lib/thumb/v7e-m+fp/hard/libc.a(lib_a-assert.o)
                                         0x43 (size before relaxing)
 *fill*         0x000000000800fefb        0x1 
 .rodata.str1.4
                0x000000000800fefc        0xe /usr/lib/gcc/arm-none-eabi/9.2.1/../../../arm-none-eabi/lib/thumb/v7e-m+fp/hard/libc.a(lib_a-locale.o)
                                         0x12 (size before relaxing)
 .rodata.str1.4
                0x000000000800ff0a       0x2f /usr/lib/gcc/arm-none-eabi/9.2.1/../../../arm-none-eabi/lib/thumb/v7e-m+fp/hard/libc.a(lib_a-vfiprintf.o)
                0x000000000800ff3c                . = ALIGN (0x4)
 *fill*         0x000000000800ff0a        0x2 

.ARM.extab      0x000000000800ff0c       0xcc
 *(.ARM.extab* .gnu.linkonce.armextab.*)
 .ARM.extab.text.HAL_TIM_PeriodElapsedCallback
                0x000000000800ff0c        0xc build/main.o
 .ARM.extab.text._ZL12MX_I2C1_Initv
                0x000000000800ff18        0xc build/main.o
 .ARM.extab.text._ZL12MX_I2C3_Initv
                0x000000000800ff24        0xc build/main.o
 .ARM.extab.text._ZL12MX_I2S2_Initv
                0x000000000800ff30        0xc build/main.o
 .ARM.extab.text._ZL12MX_I2S3_Initv
                0x000000000800ff3c        0xc build/main.o
 .ARM.extab.text._ZL12MX_I2S4_Initv
                0x000000000800ff48        0xc build/main.o
 .ARM.extab.text._ZL15MX_SDIO_SD_Initv
                0x000000000800ff54        0xc build/main.o
 .ARM.extab.text._ZL12MX_SPI1_Initv
                0x000000000800ff60        0xc build/main.o
 .ARM.extab.text._ZL12MX_SPI5_Initv
                0x000000000800ff6c        0xc build/main.o
 .ARM.extab.text._ZL19MX_USART1_UART_Initv
                0x000000000800ff78        0xc build/main.o
 .ARM.extab.text._ZL19MX_USART2_UART_Initv
                0x000000000800ff84        0xc build/main.o
 .ARM.extab.text._ZL19MX_USART6_UART_Initv
                0x000000000800ff90        0xc build/main.o
 .ARM.extab.text._ZL22MX_USB_OTG_FS_PCD_Initv
                0x000000000800ff9c        0xc build/main.o
 .ARM.extab.text._ZL13MX_TIM10_Initv
                0x000000000800ffa8        0xc build/main.o
 .ARM.extab.text.main
                0x000000000800ffb4        0xc build/main.o
 .ARM.extab     0x000000000800ffc0       0x18 /usr/lib/gcc/arm-none-eabi/9.2.1/thumb/v7e-m+fp/hard/libgcc.a(pr-support.o)

.ARM            0x000000000800ffd8      0x1c0
                0x000000000800ffd8                __exidx_start = .
 *(.ARM.exidx*)
 .ARM.exidx.text._ZN3adcC2EP17ADC_HandleTypeDef
                0x0000000008010090        0x0 build/adc.o
                                          0x8 (size before relaxing)
 .ARM.exidx.text._ZN3adc12adc_getValueEv
                0x0000000008010090        0x8 build/adc.o
 .ARM.exidx.text._ZN3adc15adc_setEquationEff
                0x0000000008010098        0x8 build/adc.o
 .ARM.exidx.text._ZL12MX_GPIO_Initv
                0x00000000080100a0        0x8 build/main.o
 .ARM.exidx.text._Z41__static_initialization_and_destruction_0ii
                0x00000000080100a8        0x8 build/main.o
 .ARM.exidx.text.HAL_TIM_PeriodElapsedCallback
                0x00000000080100b0        0x8 build/main.o
 .ARM.exidx.text.Error_Handler
                0x00000000080100b8        0x8 build/main.o
 .ARM.exidx.text._ZL12MX_I2C1_Initv
                0x00000000080100c0        0x8 build/main.o
 .ARM.exidx.text._ZL12MX_I2C3_Initv
                0x00000000080100c8        0x8 build/main.o
 .ARM.exidx.text._ZL12MX_I2S2_Initv
                0x00000000080100d0        0x8 build/main.o
 .ARM.exidx.text._ZL12MX_I2S3_Initv
                0x00000000080100d8        0x8 build/main.o
 .ARM.exidx.text._ZL12MX_I2S4_Initv
                0x00000000080100e0        0x8 build/main.o
 .ARM.exidx.text._ZL15MX_SDIO_SD_Initv
                0x00000000080100e8        0x8 build/main.o
 .ARM.exidx.text._ZL12MX_SPI1_Initv
                0x00000000080100f0        0x8 build/main.o
 .ARM.exidx.text._ZL12MX_SPI5_Initv
                0x00000000080100f8        0x8 build/main.o
 .ARM.exidx.text._ZL19MX_USART1_UART_Initv
                0x0000000008010100        0x8 build/main.o
 .ARM.exidx.text._ZL19MX_USART2_UART_Initv
                0x0000000008010108        0x8 build/main.o
 .ARM.exidx.text._ZL19MX_USART6_UART_Initv
                0x0000000008010110        0x8 build/main.o
 .ARM.exidx.text._ZL22MX_USB_OTG_FS_PCD_Initv
                0x0000000008010118        0x8 build/main.o
 .ARM.exidx.text._ZL12MX_ADC1_Initv
                0x0000000008010120        0x8 build/main.o
 .ARM.exidx.text._ZL13MX_TIM10_Initv
                0x0000000008010128        0x8 build/main.o
 .ARM.exidx.text._ZL12MX_TIM5_Initv
                0x0000000008010130        0x8 build/main.o
 .ARM.exidx.text._ZL12MX_TIM9_Initv
                0x0000000008010138        0x8 build/main.o
 .ARM.exidx.text._Z18SystemClock_Configv
                0x0000000008010140        0x8 build/main.o
 .ARM.exidx.text.main
                0x0000000008010148        0x8 build/main.o
 .ARM.exidx.text._GLOBAL__sub_I_hadc1
                0x0000000008010150        0x8 build/main.o
 .ARM.exidx.text._ZN4menuC2EP4oled
                0x0000000008010158        0x0 build/menu.o
                                          0x8 (size before relaxing)
 .ARM.exidx.text._ZN4menu10menu_printEv
                0x0000000008010158        0x8 build/menu.o
 .ARM.exidx.text._ZN4menu7menu_okEv
                0x0000000008010160        0x8 build/menu.o
 .ARM.exidx.text._ZN4oledC2EP17I2C_HandleTypeDefhP17TIM_HandleTypeDef
                0x0000000008010168        0x8 build/oled.o
 .ARM.exidx.text._ZN4oled10oled_writeEPht
                0x0000000008010170        0x8 build/oled.o
 .ARM.exidx.text._ZN4oled12oled_refreshEv
                0x0000000008010178        0x8 build/oled.o
 .ARM.exidx.text._ZN4oled10oled_printEPch9FontDef_ttt
                0x0000000008010180        0x8 build/oled.o
 .ARM.exidx.text._ZN4oled19oled_update_batteryEf
                0x0000000008010188        0x0 build/oled.o
                                          0x8 (size before relaxing)
 .ARM.exidx.text._ZN4oled7oled_onEv
                0x0000000008010188        0x8 build/oled.o
 .ARM.exidx.text._ZN4oled13oled_isOledOnEv
                0x0000000008010190        0x8 build/oled.o
 .ARM.exidx.text._ZN4oled15oled_resetTimerEv
                0x0000000008010198        0x0 build/oled.o
                                          0x8 (size before relaxing)
 .ARM.exidx     0x000000000800ffd8        0x8 /usr/lib/gcc/arm-none-eabi/9.2.1/thumb/v7e-m+fp/hard/libgcc.a(_udivmoddi4.o)
 .ARM.exidx     0x000000000800ffe0       0x78 /usr/lib/gcc/arm-none-eabi/9.2.1/thumb/v7e-m+fp/hard/libgcc.a(unwind-arm.o)
                                         0xd8 (size before relaxing)
 .ARM.exidx     0x0000000008010058       0x38 /usr/lib/gcc/arm-none-eabi/9.2.1/thumb/v7e-m+fp/hard/libgcc.a(pr-support.o)
                0x0000000008010198                __exidx_end = .

.rel.dyn        0x0000000008010198        0x0
 .rel.iplt      0x0000000008010198        0x0 /usr/lib/gcc/arm-none-eabi/9.2.1/thumb/v7e-m+fp/hard/crtbegin.o

.preinit_array  0x0000000008010198        0x0
                0x0000000008010198                PROVIDE (__preinit_array_start = .)
 *(.preinit_array*)
                0x0000000008010198                PROVIDE (__preinit_array_end = .)

.init_array     0x0000000008010198        0xc
                0x0000000008010198                PROVIDE (__init_array_start = .)
 *(SORT_BY_NAME(.init_array.*))
 .init_array.00000
                0x0000000008010198        0x4 /usr/lib/gcc/arm-none-eabi/9.2.1/../../../arm-none-eabi/lib/thumb/v7e-m+fp/hard/libc.a(lib_a-__call_atexit.o)
 *(.init_array*)
 .init_array    0x000000000801019c        0x4 /usr/lib/gcc/arm-none-eabi/9.2.1/thumb/v7e-m+fp/hard/crtbegin.o
 .init_array    0x00000000080101a0        0x4 build/main.o
                0x00000000080101a4                PROVIDE (__init_array_end = .)

.fini_array     0x00000000080101a4        0x4
                0x00000000080101a4                PROVIDE (__fini_array_start = .)
 *(SORT_BY_NAME(.fini_array.*))
 *(.fini_array*)
 .fini_array    0x00000000080101a4        0x4 /usr/lib/gcc/arm-none-eabi/9.2.1/thumb/v7e-m+fp/hard/crtbegin.o
                0x00000000080101a8                PROVIDE (__fini_array_end = .)
                0x00000000080101a8                _sidata = LOADADDR (.data)

.data           0x0000000020000000      0x9d0 load address 0x00000000080101a8
                0x0000000020000000                . = ALIGN (0x4)
                0x0000000020000000                _sdata = .
 *(.data)
 .data          0x0000000020000000      0x430 /usr/lib/gcc/arm-none-eabi/9.2.1/../../../arm-none-eabi/lib/thumb/v7e-m+fp/hard/libc.a(lib_a-impure.o)
                0x0000000020000000                _impure_ptr
 .data          0x0000000020000430      0x410 /usr/lib/gcc/arm-none-eabi/9.2.1/../../../arm-none-eabi/lib/thumb/v7e-m+fp/hard/libc.a(lib_a-mallocr.o)
                0x0000000020000430                __malloc_av_
                0x0000000020000838                __malloc_sbrk_base
                0x000000002000083c                __malloc_trim_threshold
 .data          0x0000000020000840      0x16c /usr/lib/gcc/arm-none-eabi/9.2.1/../../../arm-none-eabi/lib/thumb/v7e-m+fp/hard/libc.a(lib_a-locale.o)
                0x0000000020000840                __global_locale
 *(.data*)
 .data.Font_11x18
                0x00000000200009ac        0x8 build/fonts.o
                0x00000000200009ac                Font_11x18
 .data.Font_16x26
                0x00000000200009b4        0x8 build/fonts.o
                0x00000000200009b4                Font_16x26
 .data.Font_7x10
                0x00000000200009bc        0x8 build/fonts.o
                0x00000000200009bc                Font_7x10
 .data.SystemCoreClock
                0x00000000200009c4        0x4 build/system_stm32f4xx.o
                0x00000000200009c4                SystemCoreClock
 .data.uwTickFreq
                0x00000000200009c8        0x1 build/stm32f4xx_hal.o
                0x00000000200009c8                uwTickFreq
 *fill*         0x00000000200009c9        0x3 
 .data.uwTickPrio
                0x00000000200009cc        0x4 build/stm32f4xx_hal.o
                0x00000000200009cc                uwTickPrio
                0x00000000200009d0                . = ALIGN (0x4)
                0x00000000200009d0                _edata = .

.tm_clone_table
                0x00000000200009d0        0x0 load address 0x0000000008010b78
 .tm_clone_table
                0x00000000200009d0        0x0 /usr/lib/gcc/arm-none-eabi/9.2.1/thumb/v7e-m+fp/hard/crtbegin.o
 .tm_clone_table
                0x00000000200009d0        0x0 /usr/lib/gcc/arm-none-eabi/9.2.1/thumb/v7e-m+fp/hard/crtend.o

.igot.plt       0x00000000200009d0        0x0 load address 0x0000000008010b78
 .igot.plt      0x00000000200009d0        0x0 /usr/lib/gcc/arm-none-eabi/9.2.1/thumb/v7e-m+fp/hard/crtbegin.o
                0x00000000200009d0                . = ALIGN (0x4)

.bss            0x00000000200009d0      0xd20 load address 0x0000000008010b78
                0x00000000200009d0                _sbss = .
                0x00000000200009d0                __bss_start__ = _sbss
 *(.bss)
 .bss           0x00000000200009d0       0x1c /usr/lib/gcc/arm-none-eabi/9.2.1/thumb/v7e-m+fp/hard/crtbegin.o
 .bss           0x00000000200009ec       0x34 /usr/lib/gcc/arm-none-eabi/9.2.1/../../../arm-none-eabi/lib/thumb/v7e-m+fp/hard/libc.a(lib_a-mallocr.o)
                0x00000000200009ec                __malloc_top_pad
                0x00000000200009f0                __malloc_current_mallinfo
                0x0000000020000a18                __malloc_max_sbrked_mem
                0x0000000020000a1c                __malloc_max_total_mem
 .bss           0x0000000020000a20        0x4 /usr/lib/gcc/arm-none-eabi/9.2.1/../../../arm-none-eabi/lib/thumb/v7e-m+fp/hard/libnosys.a(sbrk.o)
 *(.bss*)
 .bss.adc_bat   0x0000000020000a24        0xc build/main.o
                0x0000000020000a24                adc_bat
 .bss.hadc1     0x0000000020000a30       0x48 build/main.o
                0x0000000020000a30                hadc1
 .bss.hi2c1     0x0000000020000a78       0x54 build/main.o
                0x0000000020000a78                hi2c1
 .bss.hi2c3     0x0000000020000acc       0x54 build/main.o
                0x0000000020000acc                hi2c3
 .bss.hi2s2     0x0000000020000b20       0x48 build/main.o
                0x0000000020000b20                hi2s2
 .bss.hi2s3     0x0000000020000b68       0x48 build/main.o
                0x0000000020000b68                hi2s3
 .bss.hi2s4     0x0000000020000bb0       0x48 build/main.o
                0x0000000020000bb0                hi2s4
 .bss.hpcd_USB_OTG_FS
                0x0000000020000bf8      0x408 build/main.o
                0x0000000020000bf8                hpcd_USB_OTG_FS
 .bss.hsd       0x0000000020001000       0x84 build/main.o
                0x0000000020001000                hsd
 .bss.hspi1     0x0000000020001084       0x58 build/main.o
                0x0000000020001084                hspi1
 .bss.hspi5     0x00000000200010dc       0x58 build/main.o
                0x00000000200010dc                hspi5
 .bss.htim10    0x0000000020001134       0x40 build/main.o
                0x0000000020001134                htim10
 .bss.htim5     0x0000000020001174       0x40 build/main.o
                0x0000000020001174                htim5
 .bss.htim9     0x00000000200011b4       0x40 build/main.o
                0x00000000200011b4                htim9
 .bss.huart1    0x00000000200011f4       0x40 build/main.o
                0x00000000200011f4                huart1
 .bss.huart2    0x0000000020001234       0x40 build/main.o
                0x0000000020001234                huart2
 .bss.huart6    0x0000000020001274       0x40 build/main.o
                0x0000000020001274                huart6
 .bss.menu1     0x00000000200012b4       0x14 build/main.o
                0x00000000200012b4                menu1
 .bss.ok_debounce
                0x00000000200012c8        0x1 build/main.o
                0x00000000200012c8                ok_debounce
 *fill*         0x00000000200012c9        0x3 
 .bss.oled1     0x00000000200012cc      0x41c build/main.o
                0x00000000200012cc                oled1
 *(COMMON)
 COMMON         0x00000000200016e8        0x4 build/stm32f4xx_hal.o
                0x00000000200016e8                uwTick
 COMMON         0x00000000200016ec        0x4 /usr/lib/gcc/arm-none-eabi/9.2.1/../../../arm-none-eabi/lib/thumb/v7e-m+fp/hard/libc.a(lib_a-reent.o)
                0x00000000200016ec                errno
                0x00000000200016f0                . = ALIGN (0x4)
                0x00000000200016f0                _ebss = .
                0x00000000200016f0                __bss_end__ = _ebss

._user_heap_stack
                0x00000000200016f0      0x600 load address 0x0000000008010b78
                0x00000000200016f0                . = ALIGN (0x8)
                0x00000000200016f0                PROVIDE (end = .)
                [!provide]                        PROVIDE (_end = .)
                0x00000000200018f0                . = (. + _Min_Heap_Size)
 *fill*         0x00000000200016f0      0x200 
                0x0000000020001cf0                . = (. + _Min_Stack_Size)
 *fill*         0x00000000200018f0      0x400 
                0x0000000020001cf0                . = ALIGN (0x8)

/DISCARD/
 libc.a(*)
 libm.a(*)
 libgcc.a(*)

.ARM.attributes
                0x0000000000000000       0x30
 *(.ARM.attributes)
 .ARM.attributes
                0x0000000000000000       0x1e /usr/lib/gcc/arm-none-eabi/9.2.1/thumb/v7e-m+fp/hard/crti.o
 .ARM.attributes
                0x000000000000001e       0x34 /usr/lib/gcc/arm-none-eabi/9.2.1/thumb/v7e-m+fp/hard/crtbegin.o
 .ARM.attributes
                0x0000000000000052       0x34 build/adc.o
 .ARM.attributes
                0x0000000000000086       0x34 build/main.o
 .ARM.attributes
                0x00000000000000ba       0x34 build/menu.o
 .ARM.attributes
                0x00000000000000ee       0x34 build/oled.o
 .ARM.attributes
                0x0000000000000122       0x34 build/fonts.o
 .ARM.attributes
                0x0000000000000156       0x34 build/stm32f4xx_hal_msp.o
 .ARM.attributes
                0x000000000000018a       0x34 build/stm32f4xx_it.o
 .ARM.attributes
                0x00000000000001be       0x34 build/system_stm32f4xx.o
 .ARM.attributes
                0x00000000000001f2       0x34 build/stm32f4xx_hal.o
 .ARM.attributes
                0x0000000000000226       0x34 build/stm32f4xx_hal_adc.o
 .ARM.attributes
                0x000000000000025a       0x34 build/stm32f4xx_hal_cortex.o
 .ARM.attributes
                0x000000000000028e       0x34 build/stm32f4xx_hal_gpio.o
 .ARM.attributes
                0x00000000000002c2       0x34 build/stm32f4xx_hal_i2c.o
 .ARM.attributes
                0x00000000000002f6       0x34 build/stm32f4xx_hal_i2s.o
 .ARM.attributes
                0x000000000000032a       0x34 build/stm32f4xx_hal_i2s_ex.o
 .ARM.attributes
                0x000000000000035e       0x34 build/stm32f4xx_hal_pcd.o
 .ARM.attributes
                0x0000000000000392       0x34 build/stm32f4xx_hal_rcc.o
 .ARM.attributes
                0x00000000000003c6       0x34 build/stm32f4xx_hal_rcc_ex.o
 .ARM.attributes
                0x00000000000003fa       0x34 build/stm32f4xx_hal_sd.o
 .ARM.attributes
                0x000000000000042e       0x34 build/stm32f4xx_hal_spi.o
 .ARM.attributes
                0x0000000000000462       0x34 build/stm32f4xx_hal_tim.o
 .ARM.attributes
                0x0000000000000496       0x34 build/stm32f4xx_hal_tim_ex.o
 .ARM.attributes
                0x00000000000004ca       0x34 build/stm32f4xx_hal_uart.o
 .ARM.attributes
                0x00000000000004fe       0x34 build/stm32f4xx_ll_sdmmc.o
 .ARM.attributes
                0x0000000000000532       0x34 build/stm32f4xx_ll_usb.o
 .ARM.attributes
                0x0000000000000566       0x21 build/startup_stm32f411xe.o
 .ARM.attributes
                0x0000000000000587       0x34 /usr/lib/gcc/arm-none-eabi/9.2.1/../../../arm-none-eabi/lib/thumb/v7e-m+fp/hard/libc.a(lib_a-atexit.o)
 .ARM.attributes
                0x00000000000005bb       0x34 /usr/lib/gcc/arm-none-eabi/9.2.1/../../../arm-none-eabi/lib/thumb/v7e-m+fp/hard/libc.a(lib_a-atoi.o)
 .ARM.attributes
                0x00000000000005ef       0x34 /usr/lib/gcc/arm-none-eabi/9.2.1/../../../arm-none-eabi/lib/thumb/v7e-m+fp/hard/libc.a(lib_a-fini.o)
 .ARM.attributes
                0x0000000000000623       0x32 /usr/lib/gcc/arm-none-eabi/9.2.1/../../../arm-none-eabi/lib/thumb/v7e-m+fp/hard/libc.a(lib_a-impure.o)
 .ARM.attributes
                0x0000000000000655       0x34 /usr/lib/gcc/arm-none-eabi/9.2.1/../../../arm-none-eabi/lib/thumb/v7e-m+fp/hard/libc.a(lib_a-init.o)
 .ARM.attributes
                0x0000000000000689       0x34 /usr/lib/gcc/arm-none-eabi/9.2.1/../../../arm-none-eabi/lib/thumb/v7e-m+fp/hard/libc.a(lib_a-memset.o)
 .ARM.attributes
                0x00000000000006bd       0x34 /usr/lib/gcc/arm-none-eabi/9.2.1/../../../arm-none-eabi/lib/thumb/v7e-m+fp/hard/libc.a(lib_a-sprintf.o)
 .ARM.attributes
                0x00000000000006f1       0x1c /usr/lib/gcc/arm-none-eabi/9.2.1/../../../arm-none-eabi/lib/thumb/v7e-m+fp/hard/libc.a(lib_a-strlen.o)
 .ARM.attributes
                0x000000000000070d       0x34 /usr/lib/gcc/arm-none-eabi/9.2.1/../../../arm-none-eabi/lib/thumb/v7e-m+fp/hard/libc.a(lib_a-strtol.o)
 .ARM.attributes
                0x0000000000000741       0x34 /usr/lib/gcc/arm-none-eabi/9.2.1/../../../arm-none-eabi/lib/thumb/v7e-m+fp/hard/libc.a(lib_a-svfprintf.o)
 .ARM.attributes
                0x0000000000000775       0x34 /usr/lib/gcc/arm-none-eabi/9.2.1/../../../arm-none-eabi/lib/thumb/v7e-m+fp/hard/libc.a(lib_a-__atexit.o)
 .ARM.attributes
                0x00000000000007a9       0x34 /usr/lib/gcc/arm-none-eabi/9.2.1/../../../arm-none-eabi/lib/thumb/v7e-m+fp/hard/libc.a(lib_a-__call_atexit.o)
 .ARM.attributes
                0x00000000000007dd       0x32 /usr/lib/gcc/arm-none-eabi/9.2.1/../../../arm-none-eabi/lib/thumb/v7e-m+fp/hard/libc.a(lib_a-ctype_.o)
 .ARM.attributes
                0x000000000000080f       0x34 /usr/lib/gcc/arm-none-eabi/9.2.1/../../../arm-none-eabi/lib/thumb/v7e-m+fp/hard/libc.a(lib_a-dtoa.o)
 .ARM.attributes
                0x0000000000000843       0x34 /usr/lib/gcc/arm-none-eabi/9.2.1/../../../arm-none-eabi/lib/thumb/v7e-m+fp/hard/libc.a(lib_a-errno.o)
 .ARM.attributes
                0x0000000000000877       0x34 /usr/lib/gcc/arm-none-eabi/9.2.1/../../../arm-none-eabi/lib/thumb/v7e-m+fp/hard/libc.a(lib_a-localeconv.o)
 .ARM.attributes
                0x00000000000008ab       0x34 /usr/lib/gcc/arm-none-eabi/9.2.1/../../../arm-none-eabi/lib/thumb/v7e-m+fp/hard/libc.a(lib_a-mallocr.o)
 .ARM.attributes
                0x00000000000008df       0x1c /usr/lib/gcc/arm-none-eabi/9.2.1/../../../arm-none-eabi/lib/thumb/v7e-m+fp/hard/libc.a(lib_a-memchr.o)
 .ARM.attributes
                0x00000000000008fb       0x1c /usr/lib/gcc/arm-none-eabi/9.2.1/../../../arm-none-eabi/lib/thumb/v7e-m+fp/hard/libc.a(lib_a-memcpy.o)
 .ARM.attributes
                0x0000000000000917       0x34 /usr/lib/gcc/arm-none-eabi/9.2.1/../../../arm-none-eabi/lib/thumb/v7e-m+fp/hard/libc.a(lib_a-mlock.o)
 .ARM.attributes
                0x000000000000094b       0x34 /usr/lib/gcc/arm-none-eabi/9.2.1/../../../arm-none-eabi/lib/thumb/v7e-m+fp/hard/libc.a(lib_a-mprec.o)
 .ARM.attributes
                0x000000000000097f       0x34 /usr/lib/gcc/arm-none-eabi/9.2.1/../../../arm-none-eabi/lib/thumb/v7e-m+fp/hard/libc.a(lib_a-sbrkr.o)
 .ARM.attributes
                0x00000000000009b3       0x34 /usr/lib/gcc/arm-none-eabi/9.2.1/../../../arm-none-eabi/lib/thumb/v7e-m+fp/hard/libc.a(lib_a-svfiprintf.o)
 .ARM.attributes
                0x00000000000009e7       0x34 /usr/lib/gcc/arm-none-eabi/9.2.1/../../../arm-none-eabi/lib/thumb/v7e-m+fp/hard/libc.a(lib_a-assert.o)
 .ARM.attributes
                0x0000000000000a1b       0x34 /usr/lib/gcc/arm-none-eabi/9.2.1/../../../arm-none-eabi/lib/thumb/v7e-m+fp/hard/libc.a(lib_a-callocr.o)
 .ARM.attributes
                0x0000000000000a4f       0x34 /usr/lib/gcc/arm-none-eabi/9.2.1/../../../arm-none-eabi/lib/thumb/v7e-m+fp/hard/libc.a(lib_a-fiprintf.o)
 .ARM.attributes
                0x0000000000000a83       0x34 /usr/lib/gcc/arm-none-eabi/9.2.1/../../../arm-none-eabi/lib/thumb/v7e-m+fp/hard/libc.a(lib_a-freer.o)
 .ARM.attributes
                0x0000000000000ab7       0x34 /usr/lib/gcc/arm-none-eabi/9.2.1/../../../arm-none-eabi/lib/thumb/v7e-m+fp/hard/libc.a(lib_a-locale.o)
 .ARM.attributes
                0x0000000000000aeb       0x34 /usr/lib/gcc/arm-none-eabi/9.2.1/../../../arm-none-eabi/lib/thumb/v7e-m+fp/hard/libc.a(lib_a-mbtowc_r.o)
 .ARM.attributes
                0x0000000000000b1f       0x34 /usr/lib/gcc/arm-none-eabi/9.2.1/../../../arm-none-eabi/lib/thumb/v7e-m+fp/hard/libc.a(lib_a-memmove.o)
 .ARM.attributes
                0x0000000000000b53       0x34 /usr/lib/gcc/arm-none-eabi/9.2.1/../../../arm-none-eabi/lib/thumb/v7e-m+fp/hard/libc.a(lib_a-reallocr.o)
 .ARM.attributes
                0x0000000000000b87       0x34 /usr/lib/gcc/arm-none-eabi/9.2.1/../../../arm-none-eabi/lib/thumb/v7e-m+fp/hard/libc.a(lib_a-reent.o)
 .ARM.attributes
                0x0000000000000bbb       0x1c /usr/lib/gcc/arm-none-eabi/9.2.1/../../../arm-none-eabi/lib/thumb/v7e-m+fp/hard/libc.a(lib_a-strcmp.o)
 .ARM.attributes
                0x0000000000000bd7       0x34 /usr/lib/gcc/arm-none-eabi/9.2.1/../../../arm-none-eabi/lib/thumb/v7e-m+fp/hard/libc.a(lib_a-vfiprintf.o)
 .ARM.attributes
                0x0000000000000c0b       0x34 /usr/lib/gcc/arm-none-eabi/9.2.1/../../../arm-none-eabi/lib/thumb/v7e-m+fp/hard/libc.a(lib_a-wctomb_r.o)
 .ARM.attributes
                0x0000000000000c3f       0x34 /usr/lib/gcc/arm-none-eabi/9.2.1/../../../arm-none-eabi/lib/thumb/v7e-m+fp/hard/libc.a(lib_a-wsetup.o)
 .ARM.attributes
                0x0000000000000c73       0x34 /usr/lib/gcc/arm-none-eabi/9.2.1/../../../arm-none-eabi/lib/thumb/v7e-m+fp/hard/libc.a(lib_a-abort.o)
 .ARM.attributes
                0x0000000000000ca7       0x34 /usr/lib/gcc/arm-none-eabi/9.2.1/../../../arm-none-eabi/lib/thumb/v7e-m+fp/hard/libc.a(lib_a-fflush.o)
 .ARM.attributes
                0x0000000000000cdb       0x34 /usr/lib/gcc/arm-none-eabi/9.2.1/../../../arm-none-eabi/lib/thumb/v7e-m+fp/hard/libc.a(lib_a-findfp.o)
 .ARM.attributes
                0x0000000000000d0f       0x34 /usr/lib/gcc/arm-none-eabi/9.2.1/../../../arm-none-eabi/lib/thumb/v7e-m+fp/hard/libc.a(lib_a-fputwc.o)
 .ARM.attributes
                0x0000000000000d43       0x34 /usr/lib/gcc/arm-none-eabi/9.2.1/../../../arm-none-eabi/lib/thumb/v7e-m+fp/hard/libc.a(lib_a-fvwrite.o)
 .ARM.attributes
                0x0000000000000d77       0x34 /usr/lib/gcc/arm-none-eabi/9.2.1/../../../arm-none-eabi/lib/thumb/v7e-m+fp/hard/libc.a(lib_a-fwalk.o)
 .ARM.attributes
                0x0000000000000dab       0x34 /usr/lib/gcc/arm-none-eabi/9.2.1/../../../arm-none-eabi/lib/thumb/v7e-m+fp/hard/libc.a(lib_a-makebuf.o)
 .ARM.attributes
                0x0000000000000ddf       0x34 /usr/lib/gcc/arm-none-eabi/9.2.1/../../../arm-none-eabi/lib/thumb/v7e-m+fp/hard/libc.a(lib_a-signal.o)
 .ARM.attributes
                0x0000000000000e13       0x34 /usr/lib/gcc/arm-none-eabi/9.2.1/../../../arm-none-eabi/lib/thumb/v7e-m+fp/hard/libc.a(lib_a-signalr.o)
 .ARM.attributes
                0x0000000000000e47       0x34 /usr/lib/gcc/arm-none-eabi/9.2.1/../../../arm-none-eabi/lib/thumb/v7e-m+fp/hard/libc.a(lib_a-stdio.o)
 .ARM.attributes
                0x0000000000000e7b       0x34 /usr/lib/gcc/arm-none-eabi/9.2.1/../../../arm-none-eabi/lib/thumb/v7e-m+fp/hard/libc.a(lib_a-wbuf.o)
 .ARM.attributes
                0x0000000000000eaf       0x34 /usr/lib/gcc/arm-none-eabi/9.2.1/../../../arm-none-eabi/lib/thumb/v7e-m+fp/hard/libc.a(lib_a-wcrtomb.o)
 .ARM.attributes
                0x0000000000000ee3       0x34 /usr/lib/gcc/arm-none-eabi/9.2.1/../../../arm-none-eabi/lib/thumb/v7e-m+fp/hard/libc.a(lib_a-writer.o)
 .ARM.attributes
                0x0000000000000f17       0x34 /usr/lib/gcc/arm-none-eabi/9.2.1/../../../arm-none-eabi/lib/thumb/v7e-m+fp/hard/libc.a(lib_a-closer.o)
 .ARM.attributes
                0x0000000000000f4b       0x34 /usr/lib/gcc/arm-none-eabi/9.2.1/../../../arm-none-eabi/lib/thumb/v7e-m+fp/hard/libc.a(lib_a-fclose.o)
 .ARM.attributes
                0x0000000000000f7f       0x34 /usr/lib/gcc/arm-none-eabi/9.2.1/../../../arm-none-eabi/lib/thumb/v7e-m+fp/hard/libc.a(lib_a-fstatr.o)
 .ARM.attributes
                0x0000000000000fb3       0x34 /usr/lib/gcc/arm-none-eabi/9.2.1/../../../arm-none-eabi/lib/thumb/v7e-m+fp/hard/libc.a(lib_a-isattyr.o)
 .ARM.attributes
                0x0000000000000fe7       0x34 /usr/lib/gcc/arm-none-eabi/9.2.1/../../../arm-none-eabi/lib/thumb/v7e-m+fp/hard/libc.a(lib_a-lseekr.o)
 .ARM.attributes
                0x000000000000101b       0x34 /usr/lib/gcc/arm-none-eabi/9.2.1/../../../arm-none-eabi/lib/thumb/v7e-m+fp/hard/libc.a(lib_a-readr.o)
 .ARM.attributes
                0x000000000000104f       0x1e /usr/lib/gcc/arm-none-eabi/9.2.1/thumb/v7e-m+fp/hard/libgcc.a(_arm_addsubdf3.o)
 .ARM.attributes
                0x000000000000106d       0x1e /usr/lib/gcc/arm-none-eabi/9.2.1/thumb/v7e-m+fp/hard/libgcc.a(_arm_muldivdf3.o)
 .ARM.attributes
                0x000000000000108b       0x1e /usr/lib/gcc/arm-none-eabi/9.2.1/thumb/v7e-m+fp/hard/libgcc.a(_arm_cmpdf2.o)
 .ARM.attributes
                0x00000000000010a9       0x1e /usr/lib/gcc/arm-none-eabi/9.2.1/thumb/v7e-m+fp/hard/libgcc.a(_arm_unorddf2.o)
 .ARM.attributes
                0x00000000000010c7       0x1e /usr/lib/gcc/arm-none-eabi/9.2.1/thumb/v7e-m+fp/hard/libgcc.a(_arm_fixdfsi.o)
 .ARM.attributes
                0x00000000000010e5       0x1e /usr/lib/gcc/arm-none-eabi/9.2.1/thumb/v7e-m+fp/hard/libgcc.a(_aeabi_uldivmod.o)
 .ARM.attributes
                0x0000000000001103       0x34 /usr/lib/gcc/arm-none-eabi/9.2.1/thumb/v7e-m+fp/hard/libgcc.a(_udivmoddi4.o)
 .ARM.attributes
                0x0000000000001137       0x1e /usr/lib/gcc/arm-none-eabi/9.2.1/thumb/v7e-m+fp/hard/libgcc.a(_dvmd_tls.o)
 .ARM.attributes
                0x0000000000001155       0x34 /usr/lib/gcc/arm-none-eabi/9.2.1/../../../arm-none-eabi/lib/thumb/v7e-m+fp/hard/libnosys.a(close.o)
 .ARM.attributes
                0x0000000000001189       0x34 /usr/lib/gcc/arm-none-eabi/9.2.1/../../../arm-none-eabi/lib/thumb/v7e-m+fp/hard/libnosys.a(fstat.o)
 .ARM.attributes
                0x00000000000011bd       0x34 /usr/lib/gcc/arm-none-eabi/9.2.1/../../../arm-none-eabi/lib/thumb/v7e-m+fp/hard/libnosys.a(getpid.o)
 .ARM.attributes
                0x00000000000011f1       0x34 /usr/lib/gcc/arm-none-eabi/9.2.1/../../../arm-none-eabi/lib/thumb/v7e-m+fp/hard/libnosys.a(isatty.o)
 .ARM.attributes
                0x0000000000001225       0x34 /usr/lib/gcc/arm-none-eabi/9.2.1/../../../arm-none-eabi/lib/thumb/v7e-m+fp/hard/libnosys.a(kill.o)
 .ARM.attributes
                0x0000000000001259       0x34 /usr/lib/gcc/arm-none-eabi/9.2.1/../../../arm-none-eabi/lib/thumb/v7e-m+fp/hard/libnosys.a(lseek.o)
 .ARM.attributes
                0x000000000000128d       0x34 /usr/lib/gcc/arm-none-eabi/9.2.1/../../../arm-none-eabi/lib/thumb/v7e-m+fp/hard/libnosys.a(read.o)
 .ARM.attributes
                0x00000000000012c1       0x34 /usr/lib/gcc/arm-none-eabi/9.2.1/../../../arm-none-eabi/lib/thumb/v7e-m+fp/hard/libnosys.a(sbrk.o)
 .ARM.attributes
                0x00000000000012f5       0x34 /usr/lib/gcc/arm-none-eabi/9.2.1/../../../arm-none-eabi/lib/thumb/v7e-m+fp/hard/libnosys.a(write.o)
 .ARM.attributes
                0x0000000000001329       0x34 /usr/lib/gcc/arm-none-eabi/9.2.1/../../../arm-none-eabi/lib/thumb/v7e-m+fp/hard/libnosys.a(_exit.o)
 .ARM.attributes
                0x000000000000135d       0x32 /usr/lib/gcc/arm-none-eabi/9.2.1/thumb/v7e-m+fp/hard/crtend.o
 .ARM.attributes
                0x000000000000138f       0x1e /usr/lib/gcc/arm-none-eabi/9.2.1/thumb/v7e-m+fp/hard/crtn.o
OUTPUT(build/RadioSensor411.elf elf32-littlearm)
LOAD linker stubs
LOAD /usr/lib/gcc/arm-none-eabi/9.2.1/../../../arm-none-eabi/lib/thumb/v7e-m+fp/hard/libc.a
LOAD /usr/lib/gcc/arm-none-eabi/9.2.1/../../../arm-none-eabi/lib/thumb/v7e-m+fp/hard/libm.a
LOAD /usr/lib/gcc/arm-none-eabi/9.2.1/thumb/v7e-m+fp/hard/libgcc.a

.comment        0x0000000000000000       0xa7
 .comment       0x0000000000000000       0x59 /usr/lib/gcc/arm-none-eabi/9.2.1/thumb/v7e-m+fp/hard/crtbegin.o
                                         0x5a (size before relaxing)
 .comment       0x0000000000000059       0x5a build/adc.o
 .comment       0x0000000000000059       0x5a build/main.o
 .comment       0x0000000000000059       0x5a build/menu.o
 .comment       0x0000000000000059       0x5a build/oled.o
 .comment       0x0000000000000059       0x5a build/fonts.o
 .comment       0x0000000000000059       0x5a build/stm32f4xx_hal_msp.o
 .comment       0x0000000000000059       0x5a build/stm32f4xx_it.o
 .comment       0x0000000000000059       0x5a build/system_stm32f4xx.o
 .comment       0x0000000000000059       0x5a build/stm32f4xx_hal.o
 .comment       0x0000000000000059       0x5a build/stm32f4xx_hal_adc.o
 .comment       0x0000000000000059       0x5a build/stm32f4xx_hal_cortex.o
 .comment       0x0000000000000059       0x5a build/stm32f4xx_hal_gpio.o
 .comment       0x0000000000000059       0x5a build/stm32f4xx_hal_i2c.o
 .comment       0x0000000000000059       0x5a build/stm32f4xx_hal_i2s.o
 .comment       0x0000000000000059       0x5a build/stm32f4xx_hal_i2s_ex.o
 .comment       0x0000000000000059       0x5a build/stm32f4xx_hal_pcd.o
 .comment       0x0000000000000059       0x5a build/stm32f4xx_hal_rcc.o
 .comment       0x0000000000000059       0x5a build/stm32f4xx_hal_rcc_ex.o
 .comment       0x0000000000000059       0x5a build/stm32f4xx_hal_sd.o
 .comment       0x0000000000000059       0x5a build/stm32f4xx_hal_spi.o
 .comment       0x0000000000000059       0x5a build/stm32f4xx_hal_tim.o
 .comment       0x0000000000000059       0x5a build/stm32f4xx_hal_tim_ex.o
 .comment       0x0000000000000059       0x5a build/stm32f4xx_hal_uart.o
 .comment       0x0000000000000059       0x5a build/stm32f4xx_ll_sdmmc.o
 .comment       0x0000000000000059       0x5a build/stm32f4xx_ll_usb.o
 .comment       0x0000000000000059       0x4e /usr/lib/gcc/arm-none-eabi/9.2.1/../../../arm-none-eabi/lib/thumb/v7e-m+fp/hard/libc.a(lib_a-atexit.o)
                                         0x4f (size before relaxing)
 .comment       0x00000000000000a7       0x4f /usr/lib/gcc/arm-none-eabi/9.2.1/../../../arm-none-eabi/lib/thumb/v7e-m+fp/hard/libc.a(lib_a-atoi.o)
 .comment       0x00000000000000a7       0x4f /usr/lib/gcc/arm-none-eabi/9.2.1/../../../arm-none-eabi/lib/thumb/v7e-m+fp/hard/libc.a(lib_a-fini.o)
 .comment       0x00000000000000a7       0x4f /usr/lib/gcc/arm-none-eabi/9.2.1/../../../arm-none-eabi/lib/thumb/v7e-m+fp/hard/libc.a(lib_a-impure.o)